<!doctype html public "-//w3c//dtd html 4.0 transitional//en">
<html><head>
<title>Static Call Graph - [..\Output\FreeRTOS_v9.0.0.axf]</title></head>
<body><HR>
<H1>Static Call Graph for image ..\Output\FreeRTOS_v9.0.0.axf</H1><HR>
<BR><P>#&#060CALLGRAPH&#062# ARM Linker, 5.03 [Build 24]: Last Updated: Sun Sep 02 17:57:43 2018
<BR><P>
<H3>Maximum Stack Usage =        752 bytes + Unknown(Cycles, Untraceable Function Pointers)</H3><H3>
Call chain for Maximum Stack Depth:</H3>
mqtt_task &rArr; ConnectNetwork &rArr; host2addr &rArr; lwip_getaddrinfo &rArr; netconn_gethostbyname &rArr; tcpip_callback_with_block &rArr; sys_mbox_trypost &rArr; xQueueGenericSend &rArr; vTaskPlaceOnEventList &rArr; prvAddCurrentTaskToDelayedList &rArr; vListInsert
<P>
<H3>
Mutually Recursive functions
</H3> <LI><a href="#[1c]">ADC_IRQHandler</a>&nbsp;&nbsp;&nbsp;&rArr;&nbsp;&nbsp;&nbsp;<a href="#[1c]">ADC_IRQHandler</a><BR>
 <LI><a href="#[225]">netconn_drain</a>&nbsp;&nbsp;&nbsp;&rArr;&nbsp;&nbsp;&nbsp;<a href="#[225]">netconn_drain</a><BR>
 <LI><a href="#[23f]">lwip_sendto</a>&nbsp;&nbsp;&nbsp;&rArr;&nbsp;&nbsp;&nbsp;<a href="#[240]">lwip_send</a><BR>
</UL>
<P>
<H3>
Function Pointers
</H3><UL>
 <LI><a href="#[1c]">ADC_IRQHandler</a> from stm32f10x.o(.text) referenced from stm32f10x.o(RESET)
 <LI><a href="#[4]">BusFault_Handler</a> from stm32f10x_it.o(.text) referenced from stm32f10x.o(RESET)
 <LI><a href="#[42]">CAN2_RX0_IRQHandler</a> from stm32f10x.o(.text) referenced from stm32f10x.o(RESET)
 <LI><a href="#[43]">CAN2_RX1_IRQHandler</a> from stm32f10x.o(.text) referenced from stm32f10x.o(RESET)
 <LI><a href="#[44]">CAN2_SCE_IRQHandler</a> from stm32f10x.o(.text) referenced from stm32f10x.o(RESET)
 <LI><a href="#[41]">CAN2_TX_IRQHandler</a> from stm32f10x.o(.text) referenced from stm32f10x.o(RESET)
 <LI><a href="#[1f]">CAN_RX1_IRQHandler</a> from stm32f10x.o(.text) referenced from stm32f10x.o(RESET)
 <LI><a href="#[20]">CAN_SCE_IRQHandler</a> from stm32f10x.o(.text) referenced from stm32f10x.o(RESET)
 <LI><a href="#[3a]">DMA2_Channel1_IRQHandler</a> from stm32f10x.o(.text) referenced from stm32f10x.o(RESET)
 <LI><a href="#[3b]">DMA2_Channel2_IRQHandler</a> from stm32f10x.o(.text) referenced from stm32f10x.o(RESET)
 <LI><a href="#[3c]">DMA2_Channel3_IRQHandler</a> from stm32f10x.o(.text) referenced from stm32f10x.o(RESET)
 <LI><a href="#[3d]">DMA2_Channel4_IRQHandler</a> from stm32f10x.o(.text) referenced from stm32f10x.o(RESET)
 <LI><a href="#[3e]">DMA2_Channel5_IRQHandler</a> from stm32f10x.o(.text) referenced from stm32f10x.o(RESET)
 <LI><a href="#[15]">DMAChannel1_IRQHandler</a> from stm32f10x.o(.text) referenced from stm32f10x.o(RESET)
 <LI><a href="#[16]">DMAChannel2_IRQHandler</a> from stm32f10x.o(.text) referenced from stm32f10x.o(RESET)
 <LI><a href="#[17]">DMAChannel3_IRQHandler</a> from stm32f10x.o(.text) referenced from stm32f10x.o(RESET)
 <LI><a href="#[18]">DMAChannel4_IRQHandler</a> from stm32f10x.o(.text) referenced from stm32f10x.o(RESET)
 <LI><a href="#[19]">DMAChannel5_IRQHandler</a> from stm32f10x.o(.text) referenced from stm32f10x.o(RESET)
 <LI><a href="#[1a]">DMAChannel6_IRQHandler</a> from stm32f10x.o(.text) referenced from stm32f10x.o(RESET)
 <LI><a href="#[1b]">DMAChannel7_IRQHandler</a> from stm32f10x.o(.text) referenced from stm32f10x.o(RESET)
 <LI><a href="#[7]">DebugMon_Handler</a> from stm32f10x_it.o(.text) referenced from stm32f10x.o(RESET)
 <LI><a href="#[3f]">ETH_IRQHandler</a> from stm32f10x_it.o(.text) referenced from stm32f10x.o(RESET)
 <LI><a href="#[40]">ETH_WKUP_IRQHandler</a> from stm32f10x.o(.text) referenced from stm32f10x.o(RESET)
 <LI><a href="#[10]">EXTI0_IRQHandler</a> from stm32f10x.o(.text) referenced from stm32f10x.o(RESET)
 <LI><a href="#[31]">EXTI15_10_IRQHandler</a> from stm32f10x.o(.text) referenced from stm32f10x.o(RESET)
 <LI><a href="#[11]">EXTI1_IRQHandler</a> from stm32f10x.o(.text) referenced from stm32f10x.o(RESET)
 <LI><a href="#[12]">EXTI2_IRQHandler</a> from stm32f10x.o(.text) referenced from stm32f10x.o(RESET)
 <LI><a href="#[13]">EXTI3_IRQHandler</a> from stm32f10x.o(.text) referenced from stm32f10x.o(RESET)
 <LI><a href="#[14]">EXTI4_IRQHandler</a> from stm32f10x.o(.text) referenced from stm32f10x.o(RESET)
 <LI><a href="#[21]">EXTI9_5_IRQHandler</a> from i2c_slave_port.o(.text) referenced from stm32f10x.o(RESET)
 <LI><a href="#[e]">FLASH_IRQHandler</a> from stm32f10x.o(.text) referenced from stm32f10x.o(RESET)
 <LI><a href="#[2ca]">FreeRTOS_MQTT_read</a> from mqttfreertosimpl.o(.text) referenced from mqttfreertosimpl.o(.text)
 <LI><a href="#[2cc]">FreeRTOS_MQTT_write</a> from mqttfreertosimpl.o(.text) referenced from mqttfreertosimpl.o(.text)
 <LI><a href="#[2]">HardFault_Handler</a> from stm32f10x_it.o(.text) referenced from stm32f10x.o(RESET)
 <LI><a href="#[29]">I2C1_ER_IRQHandler</a> from stm32f10x.o(.text) referenced from stm32f10x.o(RESET)
 <LI><a href="#[28]">I2C1_EV_IRQHandler</a> from stm32f10x.o(.text) referenced from stm32f10x.o(RESET)
 <LI><a href="#[2b]">I2C2_ER_IRQHandler</a> from stm32f10x.o(.text) referenced from stm32f10x.o(RESET)
 <LI><a href="#[2a]">I2C2_EV_IRQHandler</a> from stm32f10x.o(.text) referenced from stm32f10x.o(RESET)
 <LI><a href="#[3]">MemManage_Handler</a> from stm32f10x_it.o(.text) referenced from stm32f10x.o(RESET)
 <LI><a href="#[1]">NMI_Handler</a> from stm32f10x_it.o(.text) referenced from stm32f10x.o(RESET)
 <LI><a href="#[45]">OTG_FS_IRQHandler</a> from stm32f10x.o(.text) referenced from stm32f10x.o(RESET)
 <LI><a href="#[b]">PVD_IRQHandler</a> from stm32f10x.o(.text) referenced from stm32f10x.o(RESET)
 <LI><a href="#[f]">RCC_IRQHandler</a> from stm32f10x.o(.text) referenced from stm32f10x.o(RESET)
 <LI><a href="#[32]">RTCAlarm_IRQHandler</a> from stm32f10x.o(.text) referenced from stm32f10x.o(RESET)
 <LI><a href="#[d]">RTC_IRQHandler</a> from stm32f10x.o(.text) referenced from stm32f10x.o(RESET)
 <LI><a href="#[0]">Reset_Handler</a> from stm32f10x.o(.text) referenced from stm32f10x.o(RESET)
 <LI><a href="#[2c]">SPI1_IRQHandler</a> from stm32f10x.o(.text) referenced from stm32f10x.o(RESET)
 <LI><a href="#[2d]">SPI2_IRQHandler</a> from stm32f10x.o(.text) referenced from stm32f10x.o(RESET)
 <LI><a href="#[35]">SPI3_IRQHandler</a> from stm32f10x.o(.text) referenced from stm32f10x.o(RESET)
 <LI><a href="#[49]">SystemInit</a> from system_stm32f10x.o(.text) referenced from stm32f10x.o(.text)
 <LI><a href="#[48]">System_Init_task</a> from main.o(.text) referenced from main.o(.text)
 <LI><a href="#[c]">TAMPER_IRQHandler</a> from stm32f10x.o(.text) referenced from stm32f10x.o(RESET)
 <LI><a href="#[22]">TIM1_BRK_IRQHandler</a> from stm32f10x.o(.text) referenced from stm32f10x.o(RESET)
 <LI><a href="#[25]">TIM1_CC_IRQHandler</a> from stm32f10x.o(.text) referenced from stm32f10x.o(RESET)
 <LI><a href="#[24]">TIM1_TRG_COM_IRQHandler</a> from stm32f10x.o(.text) referenced from stm32f10x.o(RESET)
 <LI><a href="#[23]">TIM1_UP_IRQHandler</a> from stm32f10x.o(.text) referenced from stm32f10x.o(RESET)
 <LI><a href="#[26]">TIM3_IRQHandler</a> from stm32f10x.o(.text) referenced from stm32f10x.o(RESET)
 <LI><a href="#[27]">TIM4_IRQHandler</a> from stm32f10x.o(.text) referenced from stm32f10x.o(RESET)
 <LI><a href="#[34]">TIM5_IRQHandler</a> from stm32f10x.o(.text) referenced from stm32f10x.o(RESET)
 <LI><a href="#[38]">TIM6_IRQHandler</a> from stm32f10x.o(.text) referenced from stm32f10x.o(RESET)
 <LI><a href="#[39]">TIM7_IRQHandler</a> from stm32f10x.o(.text) referenced from stm32f10x.o(RESET)
 <LI><a href="#[36]">UART4_IRQHandler</a> from stm32f10x.o(.text) referenced from stm32f10x.o(RESET)
 <LI><a href="#[37]">UART5_IRQHandler</a> from stm32f10x.o(.text) referenced from stm32f10x.o(RESET)
 <LI><a href="#[2f]">USART2_IRQHandler</a> from serial.o(.text) referenced from stm32f10x.o(RESET)
 <LI><a href="#[30]">USART3_IRQHandler</a> from stm32f10x.o(.text) referenced from stm32f10x.o(RESET)
 <LI><a href="#[33]">USBWakeUp_IRQHandler</a> from stm32f10x.o(.text) referenced from stm32f10x.o(RESET)
 <LI><a href="#[1d]">USB_HP_CAN_TX_IRQHandler</a> from stm32f10x.o(.text) referenced from stm32f10x.o(RESET)
 <LI><a href="#[1e]">USB_LP_CAN_RX0_IRQHandler</a> from stm32f10x.o(.text) referenced from stm32f10x.o(RESET)
 <LI><a href="#[5]">UsageFault_Handler</a> from stm32f10x_it.o(.text) referenced from stm32f10x.o(RESET)
 <LI><a href="#[a]">WWDG_IRQHandler</a> from stm32f10x.o(.text) referenced from stm32f10x.o(RESET)
 <LI><a href="#[4a]">__main</a> from entry.o(.ARM.Collect$$$$00000000) referenced from stm32f10x.o(.text)
 <LI><a href="#[77]">_sputc</a> from printfa.o(i._sputc) referenced from printfa.o(i.__0sprintf)
 <LI><a href="#[69]">accept_function</a> from api_msg.o(.text) referenced from api_msg.o(.text)
 <LI><a href="#[54]">arp_timer</a> from timers.o(.text) referenced 2 times from timers.o(.text)
 <LI><a href="#[2ce]">bufchar</a> from mqttpacket.o(.text) referenced from mqttpacket.o(.text)
 <LI><a href="#[295]">collectData_task</a> from collectdata.o(.text) referenced from collectdata.o(.text)
 <LI><a href="#[294]">config_task</a> from configapp.o(.text) referenced from configapp.o(.text)
 <LI><a href="#[50]">dns_recv</a> from dns.o(.text) referenced from dns.o(.text)
 <LI><a href="#[55]">dns_timer</a> from timers.o(.text) referenced from timers.o(.text)
 <LI><a href="#[59]">do_bind</a> from api_msg.o(.text) referenced from api_lib.o(.text)
 <LI><a href="#[60]">do_close</a> from api_msg.o(.text) referenced from api_lib.o(.text)
 <LI><a href="#[5a]">do_connect</a> from api_msg.o(.text) referenced from api_lib.o(.text)
 <LI><a href="#[68]">do_connected</a> from api_msg.o(.text) referenced from api_msg.o(.text)
 <LI><a href="#[57]">do_delconn</a> from api_msg.o(.text) referenced from api_lib.o(.text)
 <LI><a href="#[5b]">do_disconnect</a> from api_msg.o(.text) referenced from api_lib.o(.text)
 <LI><a href="#[6a]">do_dns_found</a> from api_msg.o(.text) referenced from api_msg.o(.text)
 <LI><a href="#[58]">do_getaddr</a> from api_msg.o(.text) referenced from api_lib.o(.text)
 <LI><a href="#[61]">do_gethostbyname</a> from api_msg.o(.text) referenced from api_lib.o(.text)
 <LI><a href="#[5c]">do_listen</a> from api_msg.o(.text) referenced from api_lib.o(.text)
 <LI><a href="#[56]">do_newconn</a> from api_msg.o(.text) referenced from api_lib.o(.text)
 <LI><a href="#[5d]">do_recv</a> from api_msg.o(.text) referenced 2 times from api_lib.o(.text)
 <LI><a href="#[5e]">do_send</a> from api_msg.o(.text) referenced from api_lib.o(.text)
 <LI><a href="#[5f]">do_write</a> from api_msg.o(.text) referenced from api_lib.o(.text)
 <LI><a href="#[64]">err_tcp</a> from api_msg.o(.text) referenced from api_msg.o(.text)
 <LI><a href="#[73]">etharp_output</a> from etharp.o(.text) referenced from ethernetif.o(.text)
 <LI><a href="#[4c]">ethernetif_init</a> from ethernetif.o(.text) referenced from netconf.o(.text)
 <LI><a href="#[71]">ethernetif_input</a> from ethernetif.o(.text) referenced from ethernetif.o(.text)
 <LI><a href="#[6b]">event_callback</a> from sockets.o(.text) referenced from sockets.o(.text)
 <LI><a href="#[76]">fputc</a> from utils.o(.text) referenced from printfa.o(i.__0printf)
 <LI><a href="#[299]">loggerTimerCallback</a> from loggermanage.o(.text) referenced from loggermanage.o(.text)
 <LI><a href="#[74]">low_level_output</a> from ethernetif.o(.text) referenced from ethernetif.o(.text)
 <LI><a href="#[6c]">lwip_getsockopt_internal</a> from sockets.o(.text) referenced from sockets.o(.text)
 <LI><a href="#[6d]">lwip_setsockopt_internal</a> from sockets.o(.text) referenced from sockets.o(.text)
 <LI><a href="#[46]">main</a> from main.o(.text) referenced from entry9a.o(.ARM.Collect$$$$0000000B)
 <LI><a href="#[70]">mem_free</a> from mem.o(.text) referenced from tcpip.o(.text)
 <LI><a href="#[274]">mqtt_task</a> from mqtttask.o(.text) referenced from mqtttask.o(.text)
 <LI><a href="#[6f]">pbuf_free_int</a> from tcpip.o(.text) referenced from tcpip.o(.text)
 <LI><a href="#[51]">pbuf_free_ooseq_callback</a> from pbuf.o(.text) referenced from pbuf.o(.text)
 <LI><a href="#[63]">poll_tcp</a> from api_msg.o(.text) referenced from api_msg.o(.text)
 <LI><a href="#[4d]">prvIdleTask</a> from tasks.o(.text) referenced from tasks.o(.text)
 <LI><a href="#[4f]">prvTaskExitError</a> from port.o(.text) referenced from port.o(.text)
 <LI><a href="#[4e]">prvTimerTask</a> from rtos_timers.o(.text) referenced from rtos_timers.o(.text)
 <LI><a href="#[66]">recv_raw</a> from api_msg.o(.text) referenced from api_msg.o(.text)
 <LI><a href="#[65]">recv_tcp</a> from api_msg.o(.text) referenced from api_msg.o(.text)
 <LI><a href="#[67]">recv_udp</a> from api_msg.o(.text) referenced from api_msg.o(.text)
 <LI><a href="#[75]">reportTimerCallback</a> from mqtttask.o(.text) referenced from mqtttask.o(.text)
 <LI><a href="#[62]">sent_tcp</a> from api_msg.o(.text) referenced from api_msg.o(.text)
 <LI><a href="#[52]">tcp_accept_null</a> from tcp.o(.text) referenced from tcp.o(.text)
 <LI><a href="#[1cf]">tcp_recv_null</a> from tcp.o(.text) referenced from tcp.o(.text)
 <LI><a href="#[4b]">tcpip_input</a> from tcpip.o(.text) referenced from netconf.o(.text)
 <LI><a href="#[53]">tcpip_tcp_timer</a> from timers.o(.text) referenced from timers.o(.text)
 <LI><a href="#[6e]">tcpip_thread</a> from tcpip.o(.text) referenced from tcpip.o(.text)
 <LI><a href="#[26f]">topic_received</a> from mqtttask.o(.text) referenced from mqtttask.o(.text)
 <LI><a href="#[6]">vPortSVCHandler</a> from port.o(.emb_text) referenced from stm32f10x.o(RESET)
 <LI><a href="#[2e]">vUARTInterruptHandler</a> from serial.o(.text) referenced from stm32f10x.o(RESET)
 <LI><a href="#[47]">wdgTimerCallback</a> from main.o(.text) referenced from main.o(.text)
 <LI><a href="#[8]">xPortPendSVHandler</a> from port.o(.emb_text) referenced from stm32f10x.o(RESET)
 <LI><a href="#[9]">xPortSysTickHandler</a> from port.o(.text) referenced from stm32f10x.o(RESET)
</UL>
<P>
<H3>
Global Symbols
</H3>
<P><STRONG><a name="[4a]"></a>__main</STRONG> (Thumb, 0 bytes, Stack size unknown bytes, entry.o(.ARM.Collect$$$$00000000))
<BR>[Address Reference Count : 1]<UL><LI> stm32f10x.o(.text)
</UL>
<P><STRONG><a name="[319]"></a>_main_stk</STRONG> (Thumb, 0 bytes, Stack size unknown bytes, entry2.o(.ARM.Collect$$$$00000001))

<P><STRONG><a name="[78]"></a>_main_scatterload</STRONG> (Thumb, 0 bytes, Stack size unknown bytes, entry5.o(.ARM.Collect$$$$00000004))
<BR><BR>[Calls]<UL><LI><a href="#[79]">&gt;&gt;</a>&nbsp;&nbsp;&nbsp;__scatterload
</UL>

<P><STRONG><a name="[310]"></a>__main_after_scatterload</STRONG> (Thumb, 0 bytes, Stack size unknown bytes, entry5.o(.ARM.Collect$$$$00000004))
<BR><BR>[Called By]<UL><LI><a href="#[79]">&gt;&gt;</a>&nbsp;&nbsp;&nbsp;__scatterload
</UL>

<P><STRONG><a name="[31a]"></a>_main_clock</STRONG> (Thumb, 0 bytes, Stack size unknown bytes, entry7b.o(.ARM.Collect$$$$00000008))

<P><STRONG><a name="[31b]"></a>_main_cpp_init</STRONG> (Thumb, 0 bytes, Stack size unknown bytes, entry8b.o(.ARM.Collect$$$$0000000A))

<P><STRONG><a name="[31c]"></a>_main_init</STRONG> (Thumb, 0 bytes, Stack size unknown bytes, entry9a.o(.ARM.Collect$$$$0000000B))

<P><STRONG><a name="[31d]"></a>__rt_final_cpp</STRONG> (Thumb, 0 bytes, Stack size unknown bytes, entry10a.o(.ARM.Collect$$$$0000000D))

<P><STRONG><a name="[31e]"></a>__rt_final_exit</STRONG> (Thumb, 0 bytes, Stack size unknown bytes, entry11a.o(.ARM.Collect$$$$0000000F))

<P><STRONG><a name="[6]"></a>vPortSVCHandler</STRONG> (Thumb, 32 bytes, Stack size 0 bytes, port.o(.emb_text))
<BR>[Address Reference Count : 1]<UL><LI> stm32f10x.o(RESET)
</UL>
<P><STRONG><a name="[150]"></a>__asm___6_port_c_39a90d8d__prvStartFirstTask</STRONG> (Thumb, 28 bytes, Stack size 0 bytes, port.o(.emb_text))
<BR><BR>[Called By]<UL><LI><a href="#[12d]">&gt;&gt;</a>&nbsp;&nbsp;&nbsp;xPortStartScheduler
</UL>

<P><STRONG><a name="[8]"></a>xPortPendSVHandler</STRONG> (Thumb, 72 bytes, Stack size 0 bytes, port.o(.emb_text))
<BR><BR>[Stack]<UL><LI>Max Depth = 40<LI>Call Chain = xPortPendSVHandler &rArr; vTaskSwitchContext &rArr; vApplicationStackOverflowHook &rArr; __2printf
</UL>
<BR>[Calls]<UL><LI><a href="#[7a]">&gt;&gt;</a>&nbsp;&nbsp;&nbsp;vTaskSwitchContext
</UL>
<BR>[Address Reference Count : 1]<UL><LI> stm32f10x.o(RESET)
</UL>
<P><STRONG><a name="[31f]"></a>vPortGetIPSR</STRONG> (Thumb, 6 bytes, Stack size 0 bytes, port.o(.emb_text), UNUSED)

<P><STRONG><a name="[7b]"></a>vApplicationStackOverflowHook</STRONG> (Thumb, 14 bytes, Stack size 0 bytes, main.o(.text))
<BR><BR>[Stack]<UL><LI>Max Depth = 24<LI>Call Chain = vApplicationStackOverflowHook &rArr; __2printf
</UL>
<BR>[Calls]<UL><LI><a href="#[7c]">&gt;&gt;</a>&nbsp;&nbsp;&nbsp;__2printf
</UL>
<BR>[Called By]<UL><LI><a href="#[7a]">&gt;&gt;</a>&nbsp;&nbsp;&nbsp;vTaskSwitchContext
</UL>

<P><STRONG><a name="[11f]"></a>vApplicationTickHook</STRONG> (Thumb, 2 bytes, Stack size 0 bytes, main.o(.text))
<BR><BR>[Called By]<UL><LI><a href="#[11e]">&gt;&gt;</a>&nbsp;&nbsp;&nbsp;xTaskIncrementTick
</UL>

<P><STRONG><a name="[46]"></a>main</STRONG> (Thumb, 174 bytes, Stack size 24 bytes, main.o(.text))
<BR><BR>[Stack]<UL><LI>Max Depth = 328<LI>Call Chain = main &rArr; System_Setup &rArr; Ethernet_Configuration &rArr; ETH_Init &rArr; RCC_GetClocksFreq
</UL>
<BR>[Calls]<UL><LI><a href="#[8b]">&gt;&gt;</a>&nbsp;&nbsp;&nbsp;xTimerGenericCommand
<LI><a href="#[89]">&gt;&gt;</a>&nbsp;&nbsp;&nbsp;xTimerCreate
<LI><a href="#[8a]">&gt;&gt;</a>&nbsp;&nbsp;&nbsp;xTaskGetTickCount
<LI><a href="#[8d]">&gt;&gt;</a>&nbsp;&nbsp;&nbsp;xTaskCreate
<LI><a href="#[8f]">&gt;&gt;</a>&nbsp;&nbsp;&nbsp;vTaskStartScheduler
<LI><a href="#[8c]">&gt;&gt;</a>&nbsp;&nbsp;&nbsp;config_Recover
<LI><a href="#[85]">&gt;&gt;</a>&nbsp;&nbsp;&nbsp;System_Setup
<LI><a href="#[87]">&gt;&gt;</a>&nbsp;&nbsp;&nbsp;RCC_GetFlagStatus
<LI><a href="#[88]">&gt;&gt;</a>&nbsp;&nbsp;&nbsp;RCC_ClearFlag
<LI><a href="#[8e]">&gt;&gt;</a>&nbsp;&nbsp;&nbsp;IWDG_Config
<LI><a href="#[86]">&gt;&gt;</a>&nbsp;&nbsp;&nbsp;FreeRTOS_printf_service_init
<LI><a href="#[7c]">&gt;&gt;</a>&nbsp;&nbsp;&nbsp;__2printf
</UL>
<BR>[Address Reference Count : 1]<UL><LI> entry9a.o(.ARM.Collect$$$$0000000B)
</UL>
<P><STRONG><a name="[1]"></a>NMI_Handler</STRONG> (Thumb, 2 bytes, Stack size 0 bytes, stm32f10x_it.o(.text))
<BR>[Address Reference Count : 1]<UL><LI> stm32f10x.o(RESET)
</UL>
<P><STRONG><a name="[2]"></a>HardFault_Handler</STRONG> (Thumb, 4 bytes, Stack size 0 bytes, stm32f10x_it.o(.text))
<BR>[Address Reference Count : 1]<UL><LI> stm32f10x.o(RESET)
</UL>
<P><STRONG><a name="[3]"></a>MemManage_Handler</STRONG> (Thumb, 4 bytes, Stack size 0 bytes, stm32f10x_it.o(.text))
<BR>[Address Reference Count : 1]<UL><LI> stm32f10x.o(RESET)
</UL>
<P><STRONG><a name="[4]"></a>BusFault_Handler</STRONG> (Thumb, 4 bytes, Stack size 0 bytes, stm32f10x_it.o(.text))
<BR>[Address Reference Count : 1]<UL><LI> stm32f10x.o(RESET)
</UL>
<P><STRONG><a name="[5]"></a>UsageFault_Handler</STRONG> (Thumb, 4 bytes, Stack size 0 bytes, stm32f10x_it.o(.text))
<BR>[Address Reference Count : 1]<UL><LI> stm32f10x.o(RESET)
</UL>
<P><STRONG><a name="[320]"></a>SVC_Handler</STRONG> (Thumb, 2 bytes, Stack size 0 bytes, stm32f10x_it.o(.text), UNUSED)

<P><STRONG><a name="[7]"></a>DebugMon_Handler</STRONG> (Thumb, 2 bytes, Stack size 0 bytes, stm32f10x_it.o(.text))
<BR>[Address Reference Count : 1]<UL><LI> stm32f10x.o(RESET)
</UL>
<P><STRONG><a name="[321]"></a>PendSV_Handler</STRONG> (Thumb, 2 bytes, Stack size 0 bytes, stm32f10x_it.o(.text), UNUSED)

<P><STRONG><a name="[322]"></a>SysTick_Handler</STRONG> (Thumb, 2 bytes, Stack size 0 bytes, stm32f10x_it.o(.text), UNUSED)

<P><STRONG><a name="[3f]"></a>ETH_IRQHandler</STRONG> (Thumb, 66 bytes, Stack size 8 bytes, stm32f10x_it.o(.text))
<BR><BR>[Stack]<UL><LI>Max Depth = 56<LI>Call Chain = ETH_IRQHandler &rArr; xQueueGiveFromISR &rArr; xTaskRemoveFromEventList
</UL>
<BR>[Calls]<UL><LI><a href="#[91]">&gt;&gt;</a>&nbsp;&nbsp;&nbsp;xQueueGiveFromISR
<LI><a href="#[90]">&gt;&gt;</a>&nbsp;&nbsp;&nbsp;ETH_GetDMAFlagStatus
<LI><a href="#[92]">&gt;&gt;</a>&nbsp;&nbsp;&nbsp;ETH_DMAClearITPendingBit
</UL>
<BR>[Address Reference Count : 1]<UL><LI> stm32f10x.o(RESET)
</UL>
<P><STRONG><a name="[0]"></a>Reset_Handler</STRONG> (Thumb, 8 bytes, Stack size 0 bytes, stm32f10x.o(.text))
<BR>[Address Reference Count : 1]<UL><LI> stm32f10x.o(RESET)
</UL>
<P><STRONG><a name="[1c]"></a>ADC_IRQHandler</STRONG> (Thumb, 0 bytes, Stack size 0 bytes, stm32f10x.o(.text))
<BR><BR>[Calls]<UL><LI><a href="#[1c]">&gt;&gt;</a>&nbsp;&nbsp;&nbsp;ADC_IRQHandler
</UL>
<BR>[Called By]<UL><LI><a href="#[1c]">&gt;&gt;</a>&nbsp;&nbsp;&nbsp;ADC_IRQHandler
</UL>
<BR>[Address Reference Count : 1]<UL><LI> stm32f10x.o(RESET)
</UL>
<P><STRONG><a name="[42]"></a>CAN2_RX0_IRQHandler</STRONG> (Thumb, 0 bytes, Stack size 0 bytes, stm32f10x.o(.text))
<BR>[Address Reference Count : 1]<UL><LI> stm32f10x.o(RESET)
</UL>
<P><STRONG><a name="[43]"></a>CAN2_RX1_IRQHandler</STRONG> (Thumb, 0 bytes, Stack size 0 bytes, stm32f10x.o(.text))
<BR>[Address Reference Count : 1]<UL><LI> stm32f10x.o(RESET)
</UL>
<P><STRONG><a name="[44]"></a>CAN2_SCE_IRQHandler</STRONG> (Thumb, 0 bytes, Stack size 0 bytes, stm32f10x.o(.text))
<BR>[Address Reference Count : 1]<UL><LI> stm32f10x.o(RESET)
</UL>
<P><STRONG><a name="[41]"></a>CAN2_TX_IRQHandler</STRONG> (Thumb, 0 bytes, Stack size 0 bytes, stm32f10x.o(.text))
<BR>[Address Reference Count : 1]<UL><LI> stm32f10x.o(RESET)
</UL>
<P><STRONG><a name="[1f]"></a>CAN_RX1_IRQHandler</STRONG> (Thumb, 0 bytes, Stack size 0 bytes, stm32f10x.o(.text))
<BR>[Address Reference Count : 1]<UL><LI> stm32f10x.o(RESET)
</UL>
<P><STRONG><a name="[20]"></a>CAN_SCE_IRQHandler</STRONG> (Thumb, 0 bytes, Stack size 0 bytes, stm32f10x.o(.text))
<BR>[Address Reference Count : 1]<UL><LI> stm32f10x.o(RESET)
</UL>
<P><STRONG><a name="[3a]"></a>DMA2_Channel1_IRQHandler</STRONG> (Thumb, 0 bytes, Stack size 0 bytes, stm32f10x.o(.text))
<BR>[Address Reference Count : 1]<UL><LI> stm32f10x.o(RESET)
</UL>
<P><STRONG><a name="[3b]"></a>DMA2_Channel2_IRQHandler</STRONG> (Thumb, 0 bytes, Stack size 0 bytes, stm32f10x.o(.text))
<BR>[Address Reference Count : 1]<UL><LI> stm32f10x.o(RESET)
</UL>
<P><STRONG><a name="[3c]"></a>DMA2_Channel3_IRQHandler</STRONG> (Thumb, 0 bytes, Stack size 0 bytes, stm32f10x.o(.text))
<BR>[Address Reference Count : 1]<UL><LI> stm32f10x.o(RESET)
</UL>
<P><STRONG><a name="[3d]"></a>DMA2_Channel4_IRQHandler</STRONG> (Thumb, 0 bytes, Stack size 0 bytes, stm32f10x.o(.text))
<BR>[Address Reference Count : 1]<UL><LI> stm32f10x.o(RESET)
</UL>
<P><STRONG><a name="[3e]"></a>DMA2_Channel5_IRQHandler</STRONG> (Thumb, 0 bytes, Stack size 0 bytes, stm32f10x.o(.text))
<BR>[Address Reference Count : 1]<UL><LI> stm32f10x.o(RESET)
</UL>
<P><STRONG><a name="[15]"></a>DMAChannel1_IRQHandler</STRONG> (Thumb, 0 bytes, Stack size 0 bytes, stm32f10x.o(.text))
<BR>[Address Reference Count : 1]<UL><LI> stm32f10x.o(RESET)
</UL>
<P><STRONG><a name="[16]"></a>DMAChannel2_IRQHandler</STRONG> (Thumb, 0 bytes, Stack size 0 bytes, stm32f10x.o(.text))
<BR>[Address Reference Count : 1]<UL><LI> stm32f10x.o(RESET)
</UL>
<P><STRONG><a name="[17]"></a>DMAChannel3_IRQHandler</STRONG> (Thumb, 0 bytes, Stack size 0 bytes, stm32f10x.o(.text))
<BR>[Address Reference Count : 1]<UL><LI> stm32f10x.o(RESET)
</UL>
<P><STRONG><a name="[18]"></a>DMAChannel4_IRQHandler</STRONG> (Thumb, 0 bytes, Stack size 0 bytes, stm32f10x.o(.text))
<BR>[Address Reference Count : 1]<UL><LI> stm32f10x.o(RESET)
</UL>
<P><STRONG><a name="[19]"></a>DMAChannel5_IRQHandler</STRONG> (Thumb, 0 bytes, Stack size 0 bytes, stm32f10x.o(.text))
<BR>[Address Reference Count : 1]<UL><LI> stm32f10x.o(RESET)
</UL>
<P><STRONG><a name="[1a]"></a>DMAChannel6_IRQHandler</STRONG> (Thumb, 0 bytes, Stack size 0 bytes, stm32f10x.o(.text))
<BR>[Address Reference Count : 1]<UL><LI> stm32f10x.o(RESET)
</UL>
<P><STRONG><a name="[1b]"></a>DMAChannel7_IRQHandler</STRONG> (Thumb, 0 bytes, Stack size 0 bytes, stm32f10x.o(.text))
<BR>[Address Reference Count : 1]<UL><LI> stm32f10x.o(RESET)
</UL>
<P><STRONG><a name="[40]"></a>ETH_WKUP_IRQHandler</STRONG> (Thumb, 0 bytes, Stack size 0 bytes, stm32f10x.o(.text))
<BR>[Address Reference Count : 1]<UL><LI> stm32f10x.o(RESET)
</UL>
<P><STRONG><a name="[10]"></a>EXTI0_IRQHandler</STRONG> (Thumb, 0 bytes, Stack size 0 bytes, stm32f10x.o(.text))
<BR>[Address Reference Count : 1]<UL><LI> stm32f10x.o(RESET)
</UL>
<P><STRONG><a name="[31]"></a>EXTI15_10_IRQHandler</STRONG> (Thumb, 0 bytes, Stack size 0 bytes, stm32f10x.o(.text))
<BR>[Address Reference Count : 1]<UL><LI> stm32f10x.o(RESET)
</UL>
<P><STRONG><a name="[11]"></a>EXTI1_IRQHandler</STRONG> (Thumb, 0 bytes, Stack size 0 bytes, stm32f10x.o(.text))
<BR>[Address Reference Count : 1]<UL><LI> stm32f10x.o(RESET)
</UL>
<P><STRONG><a name="[12]"></a>EXTI2_IRQHandler</STRONG> (Thumb, 0 bytes, Stack size 0 bytes, stm32f10x.o(.text))
<BR>[Address Reference Count : 1]<UL><LI> stm32f10x.o(RESET)
</UL>
<P><STRONG><a name="[13]"></a>EXTI3_IRQHandler</STRONG> (Thumb, 0 bytes, Stack size 0 bytes, stm32f10x.o(.text))
<BR>[Address Reference Count : 1]<UL><LI> stm32f10x.o(RESET)
</UL>
<P><STRONG><a name="[14]"></a>EXTI4_IRQHandler</STRONG> (Thumb, 0 bytes, Stack size 0 bytes, stm32f10x.o(.text))
<BR>[Address Reference Count : 1]<UL><LI> stm32f10x.o(RESET)
</UL>
<P><STRONG><a name="[e]"></a>FLASH_IRQHandler</STRONG> (Thumb, 0 bytes, Stack size 0 bytes, stm32f10x.o(.text))
<BR>[Address Reference Count : 1]<UL><LI> stm32f10x.o(RESET)
</UL>
<P><STRONG><a name="[29]"></a>I2C1_ER_IRQHandler</STRONG> (Thumb, 0 bytes, Stack size 0 bytes, stm32f10x.o(.text))
<BR>[Address Reference Count : 1]<UL><LI> stm32f10x.o(RESET)
</UL>
<P><STRONG><a name="[28]"></a>I2C1_EV_IRQHandler</STRONG> (Thumb, 0 bytes, Stack size 0 bytes, stm32f10x.o(.text))
<BR>[Address Reference Count : 1]<UL><LI> stm32f10x.o(RESET)
</UL>
<P><STRONG><a name="[2b]"></a>I2C2_ER_IRQHandler</STRONG> (Thumb, 0 bytes, Stack size 0 bytes, stm32f10x.o(.text))
<BR>[Address Reference Count : 1]<UL><LI> stm32f10x.o(RESET)
</UL>
<P><STRONG><a name="[2a]"></a>I2C2_EV_IRQHandler</STRONG> (Thumb, 0 bytes, Stack size 0 bytes, stm32f10x.o(.text))
<BR>[Address Reference Count : 1]<UL><LI> stm32f10x.o(RESET)
</UL>
<P><STRONG><a name="[45]"></a>OTG_FS_IRQHandler</STRONG> (Thumb, 0 bytes, Stack size 0 bytes, stm32f10x.o(.text))
<BR>[Address Reference Count : 1]<UL><LI> stm32f10x.o(RESET)
</UL>
<P><STRONG><a name="[b]"></a>PVD_IRQHandler</STRONG> (Thumb, 0 bytes, Stack size 0 bytes, stm32f10x.o(.text))
<BR>[Address Reference Count : 1]<UL><LI> stm32f10x.o(RESET)
</UL>
<P><STRONG><a name="[f]"></a>RCC_IRQHandler</STRONG> (Thumb, 0 bytes, Stack size 0 bytes, stm32f10x.o(.text))
<BR>[Address Reference Count : 1]<UL><LI> stm32f10x.o(RESET)
</UL>
<P><STRONG><a name="[32]"></a>RTCAlarm_IRQHandler</STRONG> (Thumb, 0 bytes, Stack size 0 bytes, stm32f10x.o(.text))
<BR>[Address Reference Count : 1]<UL><LI> stm32f10x.o(RESET)
</UL>
<P><STRONG><a name="[d]"></a>RTC_IRQHandler</STRONG> (Thumb, 0 bytes, Stack size 0 bytes, stm32f10x.o(.text))
<BR>[Address Reference Count : 1]<UL><LI> stm32f10x.o(RESET)
</UL>
<P><STRONG><a name="[2c]"></a>SPI1_IRQHandler</STRONG> (Thumb, 0 bytes, Stack size 0 bytes, stm32f10x.o(.text))
<BR>[Address Reference Count : 1]<UL><LI> stm32f10x.o(RESET)
</UL>
<P><STRONG><a name="[2d]"></a>SPI2_IRQHandler</STRONG> (Thumb, 0 bytes, Stack size 0 bytes, stm32f10x.o(.text))
<BR>[Address Reference Count : 1]<UL><LI> stm32f10x.o(RESET)
</UL>
<P><STRONG><a name="[35]"></a>SPI3_IRQHandler</STRONG> (Thumb, 0 bytes, Stack size 0 bytes, stm32f10x.o(.text))
<BR>[Address Reference Count : 1]<UL><LI> stm32f10x.o(RESET)
</UL>
<P><STRONG><a name="[c]"></a>TAMPER_IRQHandler</STRONG> (Thumb, 0 bytes, Stack size 0 bytes, stm32f10x.o(.text))
<BR>[Address Reference Count : 1]<UL><LI> stm32f10x.o(RESET)
</UL>
<P><STRONG><a name="[22]"></a>TIM1_BRK_IRQHandler</STRONG> (Thumb, 0 bytes, Stack size 0 bytes, stm32f10x.o(.text))
<BR>[Address Reference Count : 1]<UL><LI> stm32f10x.o(RESET)
</UL>
<P><STRONG><a name="[25]"></a>TIM1_CC_IRQHandler</STRONG> (Thumb, 0 bytes, Stack size 0 bytes, stm32f10x.o(.text))
<BR>[Address Reference Count : 1]<UL><LI> stm32f10x.o(RESET)
</UL>
<P><STRONG><a name="[24]"></a>TIM1_TRG_COM_IRQHandler</STRONG> (Thumb, 0 bytes, Stack size 0 bytes, stm32f10x.o(.text))
<BR>[Address Reference Count : 1]<UL><LI> stm32f10x.o(RESET)
</UL>
<P><STRONG><a name="[23]"></a>TIM1_UP_IRQHandler</STRONG> (Thumb, 0 bytes, Stack size 0 bytes, stm32f10x.o(.text))
<BR>[Address Reference Count : 1]<UL><LI> stm32f10x.o(RESET)
</UL>
<P><STRONG><a name="[323]"></a>TIM2_IRQHandler</STRONG> (Thumb, 0 bytes, Stack size 0 bytes, stm32f10x.o(.text), UNUSED)

<P><STRONG><a name="[26]"></a>TIM3_IRQHandler</STRONG> (Thumb, 0 bytes, Stack size 0 bytes, stm32f10x.o(.text))
<BR>[Address Reference Count : 1]<UL><LI> stm32f10x.o(RESET)
</UL>
<P><STRONG><a name="[27]"></a>TIM4_IRQHandler</STRONG> (Thumb, 0 bytes, Stack size 0 bytes, stm32f10x.o(.text))
<BR>[Address Reference Count : 1]<UL><LI> stm32f10x.o(RESET)
</UL>
<P><STRONG><a name="[34]"></a>TIM5_IRQHandler</STRONG> (Thumb, 0 bytes, Stack size 0 bytes, stm32f10x.o(.text))
<BR>[Address Reference Count : 1]<UL><LI> stm32f10x.o(RESET)
</UL>
<P><STRONG><a name="[38]"></a>TIM6_IRQHandler</STRONG> (Thumb, 0 bytes, Stack size 0 bytes, stm32f10x.o(.text))
<BR>[Address Reference Count : 1]<UL><LI> stm32f10x.o(RESET)
</UL>
<P><STRONG><a name="[39]"></a>TIM7_IRQHandler</STRONG> (Thumb, 0 bytes, Stack size 0 bytes, stm32f10x.o(.text))
<BR>[Address Reference Count : 1]<UL><LI> stm32f10x.o(RESET)
</UL>
<P><STRONG><a name="[36]"></a>UART4_IRQHandler</STRONG> (Thumb, 0 bytes, Stack size 0 bytes, stm32f10x.o(.text))
<BR>[Address Reference Count : 1]<UL><LI> stm32f10x.o(RESET)
</UL>
<P><STRONG><a name="[37]"></a>UART5_IRQHandler</STRONG> (Thumb, 0 bytes, Stack size 0 bytes, stm32f10x.o(.text))
<BR>[Address Reference Count : 1]<UL><LI> stm32f10x.o(RESET)
</UL>
<P><STRONG><a name="[324]"></a>USART1_IRQHandler</STRONG> (Thumb, 0 bytes, Stack size 0 bytes, stm32f10x.o(.text), UNUSED)

<P><STRONG><a name="[30]"></a>USART3_IRQHandler</STRONG> (Thumb, 0 bytes, Stack size 0 bytes, stm32f10x.o(.text))
<BR>[Address Reference Count : 1]<UL><LI> stm32f10x.o(RESET)
</UL>
<P><STRONG><a name="[33]"></a>USBWakeUp_IRQHandler</STRONG> (Thumb, 0 bytes, Stack size 0 bytes, stm32f10x.o(.text))
<BR>[Address Reference Count : 1]<UL><LI> stm32f10x.o(RESET)
</UL>
<P><STRONG><a name="[1d]"></a>USB_HP_CAN_TX_IRQHandler</STRONG> (Thumb, 0 bytes, Stack size 0 bytes, stm32f10x.o(.text))
<BR>[Address Reference Count : 1]<UL><LI> stm32f10x.o(RESET)
</UL>
<P><STRONG><a name="[1e]"></a>USB_LP_CAN_RX0_IRQHandler</STRONG> (Thumb, 0 bytes, Stack size 0 bytes, stm32f10x.o(.text))
<BR>[Address Reference Count : 1]<UL><LI> stm32f10x.o(RESET)
</UL>
<P><STRONG><a name="[a]"></a>WWDG_IRQHandler</STRONG> (Thumb, 0 bytes, Stack size 0 bytes, stm32f10x.o(.text))
<BR>[Address Reference Count : 1]<UL><LI> stm32f10x.o(RESET)
</UL>
<P><STRONG><a name="[93]"></a>xSerialPortInitMinimal</STRONG> (Thumb, 262 bytes, Stack size 48 bytes, serial.o(.text))
<BR><BR>[Stack]<UL><LI>Max Depth = 144<LI>Call Chain = xSerialPortInitMinimal &rArr; xQueueGenericCreate &rArr; pvPortMalloc &rArr; xTaskResumeAll &rArr; xTaskIncrementTick
</UL>
<BR>[Calls]<UL><LI><a href="#[94]">&gt;&gt;</a>&nbsp;&nbsp;&nbsp;xQueueGenericCreate
<LI><a href="#[99]">&gt;&gt;</a>&nbsp;&nbsp;&nbsp;USART_Init
<LI><a href="#[9b]">&gt;&gt;</a>&nbsp;&nbsp;&nbsp;USART_ITConfig
<LI><a href="#[9d]">&gt;&gt;</a>&nbsp;&nbsp;&nbsp;USART_Cmd
<LI><a href="#[9a]">&gt;&gt;</a>&nbsp;&nbsp;&nbsp;USART_ClockInit
<LI><a href="#[95]">&gt;&gt;</a>&nbsp;&nbsp;&nbsp;RCC_APB2PeriphClockCmd
<LI><a href="#[97]">&gt;&gt;</a>&nbsp;&nbsp;&nbsp;GPIO_PinRemapConfig
<LI><a href="#[98]">&gt;&gt;</a>&nbsp;&nbsp;&nbsp;GPIO_Init
<LI><a href="#[96]">&gt;&gt;</a>&nbsp;&nbsp;&nbsp;RCC_APB1PeriphClockCmd
<LI><a href="#[9c]">&gt;&gt;</a>&nbsp;&nbsp;&nbsp;NVIC_Init
</UL>
<BR>[Called By]<UL><LI><a href="#[85]">&gt;&gt;</a>&nbsp;&nbsp;&nbsp;System_Setup
<LI><a href="#[86]">&gt;&gt;</a>&nbsp;&nbsp;&nbsp;FreeRTOS_printf_service_init
</UL>

<P><STRONG><a name="[9e]"></a>xSerialGetChar</STRONG> (Thumb, 46 bytes, Stack size 24 bytes, serial.o(.text))
<BR><BR>[Stack]<UL><LI>Max Depth = 128<LI>Call Chain = xSerialGetChar &rArr; xQueueGenericReceive &rArr; vTaskPlaceOnEventList &rArr; prvAddCurrentTaskToDelayedList &rArr; vListInsert
</UL>
<BR>[Calls]<UL><LI><a href="#[9f]">&gt;&gt;</a>&nbsp;&nbsp;&nbsp;xQueueGenericReceive
</UL>
<BR>[Called By]<UL><LI><a href="#[294]">&gt;&gt;</a>&nbsp;&nbsp;&nbsp;config_task
</UL>

<P><STRONG><a name="[a0]"></a>xSerialPutChar</STRONG> (Thumb, 60 bytes, Stack size 40 bytes, serial.o(.text), UNUSED)
<BR><BR>[Calls]<UL><LI><a href="#[a1]">&gt;&gt;</a>&nbsp;&nbsp;&nbsp;xQueueGenericSend
<LI><a href="#[9b]">&gt;&gt;</a>&nbsp;&nbsp;&nbsp;USART_ITConfig
</UL>
<BR>[Called By]<UL><LI><a href="#[a2]">&gt;&gt;</a>&nbsp;&nbsp;&nbsp;vSerialPutString
</UL>

<P><STRONG><a name="[a2]"></a>vSerialPutString</STRONG> (Thumb, 42 bytes, Stack size 24 bytes, serial.o(.text), UNUSED)
<BR><BR>[Calls]<UL><LI><a href="#[a0]">&gt;&gt;</a>&nbsp;&nbsp;&nbsp;xSerialPutChar
</UL>

<P><STRONG><a name="[325]"></a>vSerialClose</STRONG> (Thumb, 2 bytes, Stack size 0 bytes, serial.o(.text), UNUSED)

<P><STRONG><a name="[2f]"></a>USART2_IRQHandler</STRONG> (Thumb, 130 bytes, Stack size 16 bytes, serial.o(.text))
<BR><BR>[Stack]<UL><LI>Max Depth = 96<LI>Call Chain = USART2_IRQHandler &rArr; xQueueGenericSendFromISR &rArr; prvCopyDataToQueue &rArr; xTaskPriorityDisinherit
</UL>
<BR>[Calls]<UL><LI><a href="#[a4]">&gt;&gt;</a>&nbsp;&nbsp;&nbsp;xQueueReceiveFromISR
<LI><a href="#[a7]">&gt;&gt;</a>&nbsp;&nbsp;&nbsp;xQueueGenericSendFromISR
<LI><a href="#[a5]">&gt;&gt;</a>&nbsp;&nbsp;&nbsp;USART_SendData
<LI><a href="#[a6]">&gt;&gt;</a>&nbsp;&nbsp;&nbsp;USART_ReceiveData
<LI><a href="#[9b]">&gt;&gt;</a>&nbsp;&nbsp;&nbsp;USART_ITConfig
<LI><a href="#[a3]">&gt;&gt;</a>&nbsp;&nbsp;&nbsp;USART_GetITStatus
</UL>
<BR>[Address Reference Count : 1]<UL><LI> stm32f10x.o(RESET)
</UL>
<P><STRONG><a name="[2e]"></a>vUARTInterruptHandler</STRONG> (Thumb, 2 bytes, Stack size 0 bytes, serial.o(.text))
<BR>[Address Reference Count : 1]<UL><LI> stm32f10x.o(RESET)
</UL>
<P><STRONG><a name="[86]"></a>FreeRTOS_printf_service_init</STRONG> (Thumb, 18 bytes, Stack size 8 bytes, utils.o(.text))
<BR><BR>[Stack]<UL><LI>Max Depth = 152<LI>Call Chain = FreeRTOS_printf_service_init &rArr; xSerialPortInitMinimal &rArr; xQueueGenericCreate &rArr; pvPortMalloc &rArr; xTaskResumeAll &rArr; xTaskIncrementTick
</UL>
<BR>[Calls]<UL><LI><a href="#[93]">&gt;&gt;</a>&nbsp;&nbsp;&nbsp;xSerialPortInitMinimal
</UL>
<BR>[Called By]<UL><LI><a href="#[46]">&gt;&gt;</a>&nbsp;&nbsp;&nbsp;main
</UL>

<P><STRONG><a name="[76]"></a>fputc</STRONG> (Thumb, 110 bytes, Stack size 16 bytes, utils.o(.text))
<BR><BR>[Stack]<UL><LI>Max Depth = 16<LI>Call Chain = fputc
</UL>
<BR>[Calls]<UL><LI><a href="#[a5]">&gt;&gt;</a>&nbsp;&nbsp;&nbsp;USART_SendData
</UL>
<BR>[Address Reference Count : 1]<UL><LI> printfa.o(i.__0printf)
</UL>
<P><STRONG><a name="[a8]"></a>getCurrentFileName</STRONG> (Thumb, 26 bytes, Stack size 16 bytes, utils.o(.text), UNUSED)
<BR><BR>[Calls]<UL><LI><a href="#[a9]">&gt;&gt;</a>&nbsp;&nbsp;&nbsp;strrchr
</UL>

<P><STRONG><a name="[ab]"></a>_exit</STRONG> (Thumb, 4 bytes, Stack size 0 bytes, utils.o(.text), UNUSED)
<BR><BR>[Called By]<UL><LI><a href="#[aa]">&gt;&gt;</a>&nbsp;&nbsp;&nbsp;abort
</UL>

<P><STRONG><a name="[aa]"></a>abort</STRONG> (Thumb, 6 bytes, Stack size 0 bytes, utils.o(.text), UNUSED)
<BR><BR>[Calls]<UL><LI><a href="#[ab]">&gt;&gt;</a>&nbsp;&nbsp;&nbsp;_exit
</UL>
<BR>[Called By]<UL><LI><a href="#[ac]">&gt;&gt;</a>&nbsp;&nbsp;&nbsp;_assert
</UL>

<P><STRONG><a name="[ac]"></a>_assert</STRONG> (Thumb, 22 bytes, Stack size 0 bytes, utils.o(.text), UNUSED)
<BR><BR>[Calls]<UL><LI><a href="#[aa]">&gt;&gt;</a>&nbsp;&nbsp;&nbsp;abort
<LI><a href="#[7c]">&gt;&gt;</a>&nbsp;&nbsp;&nbsp;__2printf
</UL>

<P><STRONG><a name="[28e]"></a>UTILS_IsIPV4</STRONG> (Thumb, 124 bytes, Stack size 12 bytes, utils.o(.text))
<BR><BR>[Stack]<UL><LI>Max Depth = 12<LI>Call Chain = UTILS_IsIPV4
</UL>
<BR>[Called By]<UL><LI><a href="#[290]">&gt;&gt;</a>&nbsp;&nbsp;&nbsp;config_IPAddress
<LI><a href="#[28c]">&gt;&gt;</a>&nbsp;&nbsp;&nbsp;config_mqtt
</UL>

<P><STRONG><a name="[28f]"></a>UTILS_StrToIP</STRONG> (Thumb, 84 bytes, Stack size 16 bytes, utils.o(.text))
<BR><BR>[Stack]<UL><LI>Max Depth = 16<LI>Call Chain = UTILS_StrToIP
</UL>
<BR>[Called By]<UL><LI><a href="#[290]">&gt;&gt;</a>&nbsp;&nbsp;&nbsp;config_IPAddress
<LI><a href="#[28c]">&gt;&gt;</a>&nbsp;&nbsp;&nbsp;config_mqtt
</UL>

<P><STRONG><a name="[326]"></a>UTILS_Atoh</STRONG> (Thumb, 68 bytes, Stack size 8 bytes, utils.o(.text), UNUSED)

<P><STRONG><a name="[7d]"></a>LwIP_Init</STRONG> (Thumb, 122 bytes, Stack size 32 bytes, netconf.o(.text))
<BR><BR>[Stack]<UL><LI>Max Depth = 480<LI>Call Chain = LwIP_Init &rArr; netif_add &rArr; netif_set_addr &rArr; netif_set_ipaddr &rArr; tcp_abort &rArr; tcp_abandon &rArr; tcp_pcb_remove &rArr; tcp_output &rArr; tcp_send_empty_ack &rArr; tcp_output_alloc_header &rArr; pbuf_alloc &rArr; pbuf_free &rArr; mem_free &rArr; sys_arch_sem_wait &rArr; xQueueGenericReceive &rArr; vTaskPlaceOnEventList &rArr; prvAddCurrentTaskToDelayedList &rArr; vListInsert
</UL>
<BR>[Calls]<UL><LI><a href="#[ad]">&gt;&gt;</a>&nbsp;&nbsp;&nbsp;tcpip_init
<LI><a href="#[b1]">&gt;&gt;</a>&nbsp;&nbsp;&nbsp;netif_set_up
<LI><a href="#[b0]">&gt;&gt;</a>&nbsp;&nbsp;&nbsp;netif_set_default
<LI><a href="#[af]">&gt;&gt;</a>&nbsp;&nbsp;&nbsp;netif_add
<LI><a href="#[ae]">&gt;&gt;</a>&nbsp;&nbsp;&nbsp;config_getLocalHostIP
</UL>
<BR>[Called By]<UL><LI><a href="#[48]">&gt;&gt;</a>&nbsp;&nbsp;&nbsp;System_Init_task
</UL>

<P><STRONG><a name="[b2]"></a>Ethernet_Configuration</STRONG> (Thumb, 156 bytes, Stack size 192 bytes, stm32f107.o(.text))
<BR><BR>[Stack]<UL><LI>Max Depth = 272<LI>Call Chain = Ethernet_Configuration &rArr; ETH_Init &rArr; RCC_GetClocksFreq
</UL>
<BR>[Calls]<UL><LI><a href="#[b4]">&gt;&gt;</a>&nbsp;&nbsp;&nbsp;RCC_PLL3Config
<LI><a href="#[b5]">&gt;&gt;</a>&nbsp;&nbsp;&nbsp;RCC_PLL3Cmd
<LI><a href="#[b6]">&gt;&gt;</a>&nbsp;&nbsp;&nbsp;RCC_MCOConfig
<LI><a href="#[b3]">&gt;&gt;</a>&nbsp;&nbsp;&nbsp;GPIO_ETH_MediaInterfaceConfig
<LI><a href="#[ba]">&gt;&gt;</a>&nbsp;&nbsp;&nbsp;ETH_StructInit
<LI><a href="#[b8]">&gt;&gt;</a>&nbsp;&nbsp;&nbsp;ETH_SoftwareReset
<LI><a href="#[bb]">&gt;&gt;</a>&nbsp;&nbsp;&nbsp;ETH_Init
<LI><a href="#[b9]">&gt;&gt;</a>&nbsp;&nbsp;&nbsp;ETH_GetSoftwareResetStatus
<LI><a href="#[b7]">&gt;&gt;</a>&nbsp;&nbsp;&nbsp;ETH_DeInit
<LI><a href="#[bc]">&gt;&gt;</a>&nbsp;&nbsp;&nbsp;ETH_DMAITConfig
<LI><a href="#[87]">&gt;&gt;</a>&nbsp;&nbsp;&nbsp;RCC_GetFlagStatus
</UL>
<BR>[Called By]<UL><LI><a href="#[85]">&gt;&gt;</a>&nbsp;&nbsp;&nbsp;System_Setup
</UL>

<P><STRONG><a name="[bd]"></a>GPIO_Configuration</STRONG> (Thumb, 250 bytes, Stack size 8 bytes, stm32f107.o(.text))
<BR><BR>[Stack]<UL><LI>Max Depth = 32<LI>Call Chain = GPIO_Configuration &rArr; GPIO_Init
</UL>
<BR>[Calls]<UL><LI><a href="#[97]">&gt;&gt;</a>&nbsp;&nbsp;&nbsp;GPIO_PinRemapConfig
<LI><a href="#[98]">&gt;&gt;</a>&nbsp;&nbsp;&nbsp;GPIO_Init
</UL>
<BR>[Called By]<UL><LI><a href="#[85]">&gt;&gt;</a>&nbsp;&nbsp;&nbsp;System_Setup
</UL>

<P><STRONG><a name="[be]"></a>NVIC_Configuration</STRONG> (Thumb, 196 bytes, Stack size 8 bytes, stm32f107.o(.text))
<BR><BR>[Stack]<UL><LI>Max Depth = 24<LI>Call Chain = NVIC_Configuration &rArr; NVIC_Init
</UL>
<BR>[Calls]<UL><LI><a href="#[bf]">&gt;&gt;</a>&nbsp;&nbsp;&nbsp;NVIC_SetVectorTable
<LI><a href="#[c0]">&gt;&gt;</a>&nbsp;&nbsp;&nbsp;NVIC_PriorityGroupConfig
<LI><a href="#[9c]">&gt;&gt;</a>&nbsp;&nbsp;&nbsp;NVIC_Init
</UL>
<BR>[Called By]<UL><LI><a href="#[85]">&gt;&gt;</a>&nbsp;&nbsp;&nbsp;System_Setup
</UL>

<P><STRONG><a name="[85]"></a>System_Setup</STRONG> (Thumb, 122 bytes, Stack size 32 bytes, stm32f107.o(.text))
<BR><BR>[Stack]<UL><LI>Max Depth = 304<LI>Call Chain = System_Setup &rArr; Ethernet_Configuration &rArr; ETH_Init &rArr; RCC_GetClocksFreq
</UL>
<BR>[Calls]<UL><LI><a href="#[c2]">&gt;&gt;</a>&nbsp;&nbsp;&nbsp;RCC_GetClocksFreq
<LI><a href="#[c1]">&gt;&gt;</a>&nbsp;&nbsp;&nbsp;RCC_AHBPeriphClockCmd
<LI><a href="#[be]">&gt;&gt;</a>&nbsp;&nbsp;&nbsp;NVIC_Configuration
<LI><a href="#[bd]">&gt;&gt;</a>&nbsp;&nbsp;&nbsp;GPIO_Configuration
<LI><a href="#[b2]">&gt;&gt;</a>&nbsp;&nbsp;&nbsp;Ethernet_Configuration
<LI><a href="#[c3]">&gt;&gt;</a>&nbsp;&nbsp;&nbsp;NVIC_SetPriority
<LI><a href="#[95]">&gt;&gt;</a>&nbsp;&nbsp;&nbsp;RCC_APB2PeriphClockCmd
<LI><a href="#[93]">&gt;&gt;</a>&nbsp;&nbsp;&nbsp;xSerialPortInitMinimal
<LI><a href="#[96]">&gt;&gt;</a>&nbsp;&nbsp;&nbsp;RCC_APB1PeriphClockCmd
<LI><a href="#[49]">&gt;&gt;</a>&nbsp;&nbsp;&nbsp;SystemInit
</UL>
<BR>[Called By]<UL><LI><a href="#[46]">&gt;&gt;</a>&nbsp;&nbsp;&nbsp;main
</UL>

<P><STRONG><a name="[c4]"></a>TIM_Configuration</STRONG> (Thumb, 98 bytes, Stack size 24 bytes, stm32f107.o(.text), UNUSED)
<BR><BR>[Calls]<UL><LI><a href="#[c8]">&gt;&gt;</a>&nbsp;&nbsp;&nbsp;TIM_PrescalerConfig
<LI><a href="#[c7]">&gt;&gt;</a>&nbsp;&nbsp;&nbsp;TIM_ClearFlag
<LI><a href="#[c6]">&gt;&gt;</a>&nbsp;&nbsp;&nbsp;TIM_TimeBaseInit
<LI><a href="#[c9]">&gt;&gt;</a>&nbsp;&nbsp;&nbsp;TIM_ITConfig
<LI><a href="#[c5]">&gt;&gt;</a>&nbsp;&nbsp;&nbsp;TIM_DeInit
<LI><a href="#[ca]">&gt;&gt;</a>&nbsp;&nbsp;&nbsp;TIM_Cmd
<LI><a href="#[96]">&gt;&gt;</a>&nbsp;&nbsp;&nbsp;RCC_APB1PeriphClockCmd
</UL>

<P><STRONG><a name="[c0]"></a>NVIC_PriorityGroupConfig</STRONG> (Thumb, 10 bytes, Stack size 0 bytes, misc.o(.text))
<BR><BR>[Called By]<UL><LI><a href="#[be]">&gt;&gt;</a>&nbsp;&nbsp;&nbsp;NVIC_Configuration
</UL>

<P><STRONG><a name="[9c]"></a>NVIC_Init</STRONG> (Thumb, 102 bytes, Stack size 16 bytes, misc.o(.text))
<BR><BR>[Stack]<UL><LI>Max Depth = 16<LI>Call Chain = NVIC_Init
</UL>
<BR>[Called By]<UL><LI><a href="#[be]">&gt;&gt;</a>&nbsp;&nbsp;&nbsp;NVIC_Configuration
<LI><a href="#[93]">&gt;&gt;</a>&nbsp;&nbsp;&nbsp;xSerialPortInitMinimal
<LI><a href="#[2ed]">&gt;&gt;</a>&nbsp;&nbsp;&nbsp;Exit_Config
</UL>

<P><STRONG><a name="[bf]"></a>NVIC_SetVectorTable</STRONG> (Thumb, 14 bytes, Stack size 0 bytes, misc.o(.text))
<BR><BR>[Called By]<UL><LI><a href="#[be]">&gt;&gt;</a>&nbsp;&nbsp;&nbsp;NVIC_Configuration
</UL>

<P><STRONG><a name="[327]"></a>NVIC_SystemLPConfig</STRONG> (Thumb, 34 bytes, Stack size 0 bytes, misc.o(.text), UNUSED)

<P><STRONG><a name="[328]"></a>SysTick_CLKSourceConfig</STRONG> (Thumb, 40 bytes, Stack size 0 bytes, misc.o(.text), UNUSED)

<P><STRONG><a name="[329]"></a>EXTI_DeInit</STRONG> (Thumb, 28 bytes, Stack size 0 bytes, stm32f10x_exti.o(.text), UNUSED)

<P><STRONG><a name="[2ef]"></a>EXTI_Init</STRONG> (Thumb, 142 bytes, Stack size 0 bytes, stm32f10x_exti.o(.text))
<BR><BR>[Called By]<UL><LI><a href="#[2ed]">&gt;&gt;</a>&nbsp;&nbsp;&nbsp;Exit_Config
<LI><a href="#[2e6]">&gt;&gt;</a>&nbsp;&nbsp;&nbsp;i2c_slave_sda_int_en
<LI><a href="#[2e4]">&gt;&gt;</a>&nbsp;&nbsp;&nbsp;i2c_slave_sda_int_dis
<LI><a href="#[2ec]">&gt;&gt;</a>&nbsp;&nbsp;&nbsp;i2c_slave_scl_int_en
<LI><a href="#[2ea]">&gt;&gt;</a>&nbsp;&nbsp;&nbsp;i2c_slave_scl_int_dis
</UL>

<P><STRONG><a name="[32a]"></a>EXTI_StructInit</STRONG> (Thumb, 16 bytes, Stack size 0 bytes, stm32f10x_exti.o(.text), UNUSED)

<P><STRONG><a name="[32b]"></a>EXTI_GenerateSWInterrupt</STRONG> (Thumb, 16 bytes, Stack size 0 bytes, stm32f10x_exti.o(.text), UNUSED)

<P><STRONG><a name="[2f3]"></a>EXTI_GetFlagStatus</STRONG> (Thumb, 22 bytes, Stack size 0 bytes, stm32f10x_exti.o(.text))
<BR><BR>[Called By]<UL><LI><a href="#[21]">&gt;&gt;</a>&nbsp;&nbsp;&nbsp;EXTI9_5_IRQHandler
</UL>

<P><STRONG><a name="[32c]"></a>EXTI_ClearFlag</STRONG> (Thumb, 8 bytes, Stack size 0 bytes, stm32f10x_exti.o(.text), UNUSED)

<P><STRONG><a name="[32d]"></a>EXTI_GetITStatus</STRONG> (Thumb, 34 bytes, Stack size 0 bytes, stm32f10x_exti.o(.text), UNUSED)

<P><STRONG><a name="[2f0]"></a>EXTI_ClearITPendingBit</STRONG> (Thumb, 8 bytes, Stack size 0 bytes, stm32f10x_exti.o(.text))
<BR><BR>[Called By]<UL><LI><a href="#[21]">&gt;&gt;</a>&nbsp;&nbsp;&nbsp;EXTI9_5_IRQHandler
<LI><a href="#[2e6]">&gt;&gt;</a>&nbsp;&nbsp;&nbsp;i2c_slave_sda_int_en
<LI><a href="#[2ec]">&gt;&gt;</a>&nbsp;&nbsp;&nbsp;i2c_slave_scl_int_en
</UL>

<P><STRONG><a name="[32e]"></a>FLASH_SetLatency</STRONG> (Thumb, 18 bytes, Stack size 0 bytes, stm32f10x_flash.o(.text), UNUSED)

<P><STRONG><a name="[32f]"></a>FLASH_HalfCycleAccessCmd</STRONG> (Thumb, 22 bytes, Stack size 0 bytes, stm32f10x_flash.o(.text), UNUSED)

<P><STRONG><a name="[330]"></a>FLASH_PrefetchBufferCmd</STRONG> (Thumb, 22 bytes, Stack size 0 bytes, stm32f10x_flash.o(.text), UNUSED)

<P><STRONG><a name="[286]"></a>FLASH_Unlock</STRONG> (Thumb, 12 bytes, Stack size 0 bytes, stm32f10x_flash.o(.text))
<BR><BR>[Called By]<UL><LI><a href="#[285]">&gt;&gt;</a>&nbsp;&nbsp;&nbsp;Write_Flash
</UL>

<P><STRONG><a name="[331]"></a>FLASH_UnlockBank1</STRONG> (Thumb, 12 bytes, Stack size 0 bytes, stm32f10x_flash.o(.text), UNUSED)

<P><STRONG><a name="[288]"></a>FLASH_Lock</STRONG> (Thumb, 14 bytes, Stack size 0 bytes, stm32f10x_flash.o(.text))
<BR><BR>[Called By]<UL><LI><a href="#[285]">&gt;&gt;</a>&nbsp;&nbsp;&nbsp;Write_Flash
</UL>

<P><STRONG><a name="[332]"></a>FLASH_LockBank1</STRONG> (Thumb, 14 bytes, Stack size 0 bytes, stm32f10x_flash.o(.text), UNUSED)

<P><STRONG><a name="[cc]"></a>FLASH_GetBank1Status</STRONG> (Thumb, 48 bytes, Stack size 0 bytes, stm32f10x_flash.o(.text))
<BR><BR>[Called By]<UL><LI><a href="#[cf]">&gt;&gt;</a>&nbsp;&nbsp;&nbsp;FLASH_WaitForLastBank1Operation
<LI><a href="#[cb]">&gt;&gt;</a>&nbsp;&nbsp;&nbsp;FLASH_WaitForLastOperation
</UL>

<P><STRONG><a name="[cb]"></a>FLASH_WaitForLastOperation</STRONG> (Thumb, 38 bytes, Stack size 4 bytes, stm32f10x_flash.o(.text))
<BR><BR>[Stack]<UL><LI>Max Depth = 4<LI>Call Chain = FLASH_WaitForLastOperation
</UL>
<BR>[Calls]<UL><LI><a href="#[cc]">&gt;&gt;</a>&nbsp;&nbsp;&nbsp;FLASH_GetBank1Status
</UL>
<BR>[Called By]<UL><LI><a href="#[d8]">&gt;&gt;</a>&nbsp;&nbsp;&nbsp;FLASH_UserOptionByteConfig
<LI><a href="#[d7]">&gt;&gt;</a>&nbsp;&nbsp;&nbsp;FLASH_ReadOutProtection
<LI><a href="#[d6]">&gt;&gt;</a>&nbsp;&nbsp;&nbsp;FLASH_EnableWriteProtection
<LI><a href="#[d5]">&gt;&gt;</a>&nbsp;&nbsp;&nbsp;FLASH_ProgramOptionByteData
<LI><a href="#[d4]">&gt;&gt;</a>&nbsp;&nbsp;&nbsp;FLASH_ProgramHalfWord
<LI><a href="#[d3]">&gt;&gt;</a>&nbsp;&nbsp;&nbsp;FLASH_ProgramWord
<LI><a href="#[d1]">&gt;&gt;</a>&nbsp;&nbsp;&nbsp;FLASH_EraseOptionBytes
<LI><a href="#[ce]">&gt;&gt;</a>&nbsp;&nbsp;&nbsp;FLASH_EraseAllPages
<LI><a href="#[cd]">&gt;&gt;</a>&nbsp;&nbsp;&nbsp;FLASH_ErasePage
</UL>

<P><STRONG><a name="[cd]"></a>FLASH_ErasePage</STRONG> (Thumb, 72 bytes, Stack size 12 bytes, stm32f10x_flash.o(.text))
<BR><BR>[Stack]<UL><LI>Max Depth = 16<LI>Call Chain = FLASH_ErasePage &rArr; FLASH_WaitForLastOperation
</UL>
<BR>[Calls]<UL><LI><a href="#[cb]">&gt;&gt;</a>&nbsp;&nbsp;&nbsp;FLASH_WaitForLastOperation
</UL>
<BR>[Called By]<UL><LI><a href="#[285]">&gt;&gt;</a>&nbsp;&nbsp;&nbsp;Write_Flash
</UL>

<P><STRONG><a name="[ce]"></a>FLASH_EraseAllPages</STRONG> (Thumb, 68 bytes, Stack size 8 bytes, stm32f10x_flash.o(.text), UNUSED)
<BR><BR>[Calls]<UL><LI><a href="#[cb]">&gt;&gt;</a>&nbsp;&nbsp;&nbsp;FLASH_WaitForLastOperation
</UL>

<P><STRONG><a name="[cf]"></a>FLASH_WaitForLastBank1Operation</STRONG> (Thumb, 38 bytes, Stack size 4 bytes, stm32f10x_flash.o(.text), UNUSED)
<BR><BR>[Calls]<UL><LI><a href="#[cc]">&gt;&gt;</a>&nbsp;&nbsp;&nbsp;FLASH_GetBank1Status
</UL>
<BR>[Called By]<UL><LI><a href="#[d0]">&gt;&gt;</a>&nbsp;&nbsp;&nbsp;FLASH_EraseAllBank1Pages
</UL>

<P><STRONG><a name="[d0]"></a>FLASH_EraseAllBank1Pages</STRONG> (Thumb, 68 bytes, Stack size 8 bytes, stm32f10x_flash.o(.text), UNUSED)
<BR><BR>[Calls]<UL><LI><a href="#[cf]">&gt;&gt;</a>&nbsp;&nbsp;&nbsp;FLASH_WaitForLastBank1Operation
</UL>

<P><STRONG><a name="[d2]"></a>FLASH_GetReadOutProtectionStatus</STRONG> (Thumb, 20 bytes, Stack size 0 bytes, stm32f10x_flash.o(.text), UNUSED)
<BR><BR>[Called By]<UL><LI><a href="#[d1]">&gt;&gt;</a>&nbsp;&nbsp;&nbsp;FLASH_EraseOptionBytes
</UL>

<P><STRONG><a name="[d1]"></a>FLASH_EraseOptionBytes</STRONG> (Thumb, 150 bytes, Stack size 12 bytes, stm32f10x_flash.o(.text), UNUSED)
<BR><BR>[Calls]<UL><LI><a href="#[d2]">&gt;&gt;</a>&nbsp;&nbsp;&nbsp;FLASH_GetReadOutProtectionStatus
<LI><a href="#[cb]">&gt;&gt;</a>&nbsp;&nbsp;&nbsp;FLASH_WaitForLastOperation
</UL>

<P><STRONG><a name="[d3]"></a>FLASH_ProgramWord</STRONG> (Thumb, 102 bytes, Stack size 20 bytes, stm32f10x_flash.o(.text))
<BR><BR>[Stack]<UL><LI>Max Depth = 24<LI>Call Chain = FLASH_ProgramWord &rArr; FLASH_WaitForLastOperation
</UL>
<BR>[Calls]<UL><LI><a href="#[cb]">&gt;&gt;</a>&nbsp;&nbsp;&nbsp;FLASH_WaitForLastOperation
</UL>
<BR>[Called By]<UL><LI><a href="#[285]">&gt;&gt;</a>&nbsp;&nbsp;&nbsp;Write_Flash
</UL>

<P><STRONG><a name="[d4]"></a>FLASH_ProgramHalfWord</STRONG> (Thumb, 60 bytes, Stack size 16 bytes, stm32f10x_flash.o(.text), UNUSED)
<BR><BR>[Calls]<UL><LI><a href="#[cb]">&gt;&gt;</a>&nbsp;&nbsp;&nbsp;FLASH_WaitForLastOperation
</UL>

<P><STRONG><a name="[d5]"></a>FLASH_ProgramOptionByteData</STRONG> (Thumb, 72 bytes, Stack size 16 bytes, stm32f10x_flash.o(.text), UNUSED)
<BR><BR>[Calls]<UL><LI><a href="#[cb]">&gt;&gt;</a>&nbsp;&nbsp;&nbsp;FLASH_WaitForLastOperation
</UL>

<P><STRONG><a name="[d6]"></a>FLASH_EnableWriteProtection</STRONG> (Thumb, 200 bytes, Stack size 28 bytes, stm32f10x_flash.o(.text), UNUSED)
<BR><BR>[Calls]<UL><LI><a href="#[cb]">&gt;&gt;</a>&nbsp;&nbsp;&nbsp;FLASH_WaitForLastOperation
</UL>

<P><STRONG><a name="[d7]"></a>FLASH_ReadOutProtection</STRONG> (Thumb, 156 bytes, Stack size 12 bytes, stm32f10x_flash.o(.text), UNUSED)
<BR><BR>[Calls]<UL><LI><a href="#[cb]">&gt;&gt;</a>&nbsp;&nbsp;&nbsp;FLASH_WaitForLastOperation
</UL>

<P><STRONG><a name="[d8]"></a>FLASH_UserOptionByteConfig</STRONG> (Thumb, 88 bytes, Stack size 20 bytes, stm32f10x_flash.o(.text), UNUSED)
<BR><BR>[Calls]<UL><LI><a href="#[cb]">&gt;&gt;</a>&nbsp;&nbsp;&nbsp;FLASH_WaitForLastOperation
</UL>

<P><STRONG><a name="[333]"></a>FLASH_GetUserOptionByte</STRONG> (Thumb, 8 bytes, Stack size 0 bytes, stm32f10x_flash.o(.text), UNUSED)

<P><STRONG><a name="[334]"></a>FLASH_GetWriteProtectionOptionByte</STRONG> (Thumb, 6 bytes, Stack size 0 bytes, stm32f10x_flash.o(.text), UNUSED)

<P><STRONG><a name="[335]"></a>FLASH_GetPrefetchBufferStatus</STRONG> (Thumb, 20 bytes, Stack size 0 bytes, stm32f10x_flash.o(.text), UNUSED)

<P><STRONG><a name="[336]"></a>FLASH_ITConfig</STRONG> (Thumb, 26 bytes, Stack size 0 bytes, stm32f10x_flash.o(.text), UNUSED)

<P><STRONG><a name="[337]"></a>FLASH_GetFlagStatus</STRONG> (Thumb, 42 bytes, Stack size 0 bytes, stm32f10x_flash.o(.text), UNUSED)

<P><STRONG><a name="[287]"></a>FLASH_ClearFlag</STRONG> (Thumb, 6 bytes, Stack size 0 bytes, stm32f10x_flash.o(.text))
<BR><BR>[Called By]<UL><LI><a href="#[285]">&gt;&gt;</a>&nbsp;&nbsp;&nbsp;Write_Flash
</UL>

<P><STRONG><a name="[338]"></a>FLASH_GetStatus</STRONG> (Thumb, 48 bytes, Stack size 0 bytes, stm32f10x_flash.o(.text), UNUSED)

<P><STRONG><a name="[d9]"></a>GPIO_DeInit</STRONG> (Thumb, 172 bytes, Stack size 8 bytes, stm32f10x_gpio.o(.text))
<BR><BR>[Stack]<UL><LI>Max Depth = 8<LI>Call Chain = GPIO_DeInit
</UL>
<BR>[Calls]<UL><LI><a href="#[da]">&gt;&gt;</a>&nbsp;&nbsp;&nbsp;RCC_APB2PeriphResetCmd
</UL>
<BR>[Called By]<UL><LI><a href="#[28a]">&gt;&gt;</a>&nbsp;&nbsp;&nbsp;simI2c_master_init
</UL>

<P><STRONG><a name="[db]"></a>GPIO_AFIODeInit</STRONG> (Thumb, 20 bytes, Stack size 8 bytes, stm32f10x_gpio.o(.text), UNUSED)
<BR><BR>[Calls]<UL><LI><a href="#[da]">&gt;&gt;</a>&nbsp;&nbsp;&nbsp;RCC_APB2PeriphResetCmd
</UL>

<P><STRONG><a name="[98]"></a>GPIO_Init</STRONG> (Thumb, 274 bytes, Stack size 24 bytes, stm32f10x_gpio.o(.text))
<BR><BR>[Stack]<UL><LI>Max Depth = 24<LI>Call Chain = GPIO_Init
</UL>
<BR>[Called By]<UL><LI><a href="#[bd]">&gt;&gt;</a>&nbsp;&nbsp;&nbsp;GPIO_Configuration
<LI><a href="#[93]">&gt;&gt;</a>&nbsp;&nbsp;&nbsp;xSerialPortInitMinimal
<LI><a href="#[2f1]">&gt;&gt;</a>&nbsp;&nbsp;&nbsp;i2c_slave_port_init
<LI><a href="#[2ed]">&gt;&gt;</a>&nbsp;&nbsp;&nbsp;Exit_Config
<LI><a href="#[2db]">&gt;&gt;</a>&nbsp;&nbsp;&nbsp;set_gpio_direction
</UL>

<P><STRONG><a name="[339]"></a>GPIO_StructInit</STRONG> (Thumb, 16 bytes, Stack size 0 bytes, stm32f10x_gpio.o(.text), UNUSED)

<P><STRONG><a name="[2e7]"></a>GPIO_ReadInputDataBit</STRONG> (Thumb, 18 bytes, Stack size 0 bytes, stm32f10x_gpio.o(.text))
<BR><BR>[Called By]<UL><LI><a href="#[2f4]">&gt;&gt;</a>&nbsp;&nbsp;&nbsp;get_gpio_value
<LI><a href="#[21]">&gt;&gt;</a>&nbsp;&nbsp;&nbsp;EXTI9_5_IRQHandler
<LI><a href="#[2eb]">&gt;&gt;</a>&nbsp;&nbsp;&nbsp;i2c_slave_sda_l
<LI><a href="#[2e9]">&gt;&gt;</a>&nbsp;&nbsp;&nbsp;i2c_slave_sda_h
<LI><a href="#[2e5]">&gt;&gt;</a>&nbsp;&nbsp;&nbsp;i2c_slave_scl_h
</UL>

<P><STRONG><a name="[33a]"></a>GPIO_ReadInputData</STRONG> (Thumb, 8 bytes, Stack size 0 bytes, stm32f10x_gpio.o(.text), UNUSED)

<P><STRONG><a name="[33b]"></a>GPIO_ReadOutputDataBit</STRONG> (Thumb, 18 bytes, Stack size 0 bytes, stm32f10x_gpio.o(.text), UNUSED)

<P><STRONG><a name="[33c]"></a>GPIO_ReadOutputData</STRONG> (Thumb, 8 bytes, Stack size 0 bytes, stm32f10x_gpio.o(.text), UNUSED)

<P><STRONG><a name="[2dc]"></a>GPIO_SetBits</STRONG> (Thumb, 4 bytes, Stack size 0 bytes, stm32f10x_gpio.o(.text))
<BR><BR>[Called By]<UL><LI><a href="#[2df]">&gt;&gt;</a>&nbsp;&nbsp;&nbsp;I2C_SDA_H
<LI><a href="#[2da]">&gt;&gt;</a>&nbsp;&nbsp;&nbsp;I2C_SCL_H
</UL>

<P><STRONG><a name="[2de]"></a>GPIO_ResetBits</STRONG> (Thumb, 4 bytes, Stack size 0 bytes, stm32f10x_gpio.o(.text))
<BR><BR>[Called By]<UL><LI><a href="#[2e1]">&gt;&gt;</a>&nbsp;&nbsp;&nbsp;I2C_SDA_L
<LI><a href="#[2dd]">&gt;&gt;</a>&nbsp;&nbsp;&nbsp;I2C_SCL_L
</UL>

<P><STRONG><a name="[33d]"></a>GPIO_WriteBit</STRONG> (Thumb, 10 bytes, Stack size 0 bytes, stm32f10x_gpio.o(.text), UNUSED)

<P><STRONG><a name="[33e]"></a>GPIO_Write</STRONG> (Thumb, 4 bytes, Stack size 0 bytes, stm32f10x_gpio.o(.text), UNUSED)

<P><STRONG><a name="[33f]"></a>GPIO_PinLockConfig</STRONG> (Thumb, 18 bytes, Stack size 0 bytes, stm32f10x_gpio.o(.text), UNUSED)

<P><STRONG><a name="[340]"></a>GPIO_EventOutputConfig</STRONG> (Thumb, 26 bytes, Stack size 0 bytes, stm32f10x_gpio.o(.text), UNUSED)

<P><STRONG><a name="[341]"></a>GPIO_EventOutputCmd</STRONG> (Thumb, 6 bytes, Stack size 0 bytes, stm32f10x_gpio.o(.text), UNUSED)

<P><STRONG><a name="[97]"></a>GPIO_PinRemapConfig</STRONG> (Thumb, 138 bytes, Stack size 20 bytes, stm32f10x_gpio.o(.text))
<BR><BR>[Stack]<UL><LI>Max Depth = 20<LI>Call Chain = GPIO_PinRemapConfig
</UL>
<BR>[Called By]<UL><LI><a href="#[bd]">&gt;&gt;</a>&nbsp;&nbsp;&nbsp;GPIO_Configuration
<LI><a href="#[93]">&gt;&gt;</a>&nbsp;&nbsp;&nbsp;xSerialPortInitMinimal
</UL>

<P><STRONG><a name="[2ee]"></a>GPIO_EXTILineConfig</STRONG> (Thumb, 66 bytes, Stack size 12 bytes, stm32f10x_gpio.o(.text))
<BR><BR>[Stack]<UL><LI>Max Depth = 12<LI>Call Chain = GPIO_EXTILineConfig
</UL>
<BR>[Called By]<UL><LI><a href="#[2ed]">&gt;&gt;</a>&nbsp;&nbsp;&nbsp;Exit_Config
</UL>

<P><STRONG><a name="[b3]"></a>GPIO_ETH_MediaInterfaceConfig</STRONG> (Thumb, 6 bytes, Stack size 0 bytes, stm32f10x_gpio.o(.text))
<BR><BR>[Called By]<UL><LI><a href="#[b2]">&gt;&gt;</a>&nbsp;&nbsp;&nbsp;Ethernet_Configuration
</UL>

<P><STRONG><a name="[29a]"></a>IWDG_WriteAccessCmd</STRONG> (Thumb, 6 bytes, Stack size 0 bytes, stm32f10x_iwdg.o(.text))
<BR><BR>[Called By]<UL><LI><a href="#[8e]">&gt;&gt;</a>&nbsp;&nbsp;&nbsp;IWDG_Config
</UL>

<P><STRONG><a name="[29b]"></a>IWDG_SetPrescaler</STRONG> (Thumb, 6 bytes, Stack size 0 bytes, stm32f10x_iwdg.o(.text))
<BR><BR>[Called By]<UL><LI><a href="#[8e]">&gt;&gt;</a>&nbsp;&nbsp;&nbsp;IWDG_Config
</UL>

<P><STRONG><a name="[29c]"></a>IWDG_SetReload</STRONG> (Thumb, 6 bytes, Stack size 0 bytes, stm32f10x_iwdg.o(.text))
<BR><BR>[Called By]<UL><LI><a href="#[8e]">&gt;&gt;</a>&nbsp;&nbsp;&nbsp;IWDG_Config
</UL>

<P><STRONG><a name="[29d]"></a>IWDG_ReloadCounter</STRONG> (Thumb, 10 bytes, Stack size 0 bytes, stm32f10x_iwdg.o(.text))
<BR><BR>[Called By]<UL><LI><a href="#[84]">&gt;&gt;</a>&nbsp;&nbsp;&nbsp;IWDG_Feed
<LI><a href="#[8e]">&gt;&gt;</a>&nbsp;&nbsp;&nbsp;IWDG_Config
</UL>

<P><STRONG><a name="[29e]"></a>IWDG_Enable</STRONG> (Thumb, 10 bytes, Stack size 0 bytes, stm32f10x_iwdg.o(.text))
<BR><BR>[Called By]<UL><LI><a href="#[8e]">&gt;&gt;</a>&nbsp;&nbsp;&nbsp;IWDG_Config
</UL>

<P><STRONG><a name="[342]"></a>IWDG_GetFlagStatus</STRONG> (Thumb, 20 bytes, Stack size 0 bytes, stm32f10x_iwdg.o(.text), UNUSED)

<P><STRONG><a name="[343]"></a>RCC_DeInit</STRONG> (Thumb, 78 bytes, Stack size 0 bytes, stm32f10x_rcc.o(.text), UNUSED)

<P><STRONG><a name="[344]"></a>RCC_HSEConfig</STRONG> (Thumb, 70 bytes, Stack size 0 bytes, stm32f10x_rcc.o(.text), UNUSED)

<P><STRONG><a name="[87]"></a>RCC_GetFlagStatus</STRONG> (Thumb, 56 bytes, Stack size 8 bytes, stm32f10x_rcc.o(.text))
<BR><BR>[Stack]<UL><LI>Max Depth = 8<LI>Call Chain = RCC_GetFlagStatus
</UL>
<BR>[Called By]<UL><LI><a href="#[b2]">&gt;&gt;</a>&nbsp;&nbsp;&nbsp;Ethernet_Configuration
<LI><a href="#[46]">&gt;&gt;</a>&nbsp;&nbsp;&nbsp;main
<LI><a href="#[dc]">&gt;&gt;</a>&nbsp;&nbsp;&nbsp;RCC_WaitForHSEStartUp
</UL>

<P><STRONG><a name="[dc]"></a>RCC_WaitForHSEStartUp</STRONG> (Thumb, 56 bytes, Stack size 16 bytes, stm32f10x_rcc.o(.text), UNUSED)
<BR><BR>[Calls]<UL><LI><a href="#[87]">&gt;&gt;</a>&nbsp;&nbsp;&nbsp;RCC_GetFlagStatus
</UL>

<P><STRONG><a name="[345]"></a>RCC_AdjustHSICalibrationValue</STRONG> (Thumb, 20 bytes, Stack size 0 bytes, stm32f10x_rcc.o(.text), UNUSED)

<P><STRONG><a name="[346]"></a>RCC_HSICmd</STRONG> (Thumb, 6 bytes, Stack size 0 bytes, stm32f10x_rcc.o(.text), UNUSED)

<P><STRONG><a name="[347]"></a>RCC_PLLConfig</STRONG> (Thumb, 24 bytes, Stack size 0 bytes, stm32f10x_rcc.o(.text), UNUSED)

<P><STRONG><a name="[348]"></a>RCC_PLLCmd</STRONG> (Thumb, 6 bytes, Stack size 0 bytes, stm32f10x_rcc.o(.text), UNUSED)

<P><STRONG><a name="[349]"></a>RCC_PREDIV1Config</STRONG> (Thumb, 24 bytes, Stack size 0 bytes, stm32f10x_rcc.o(.text), UNUSED)

<P><STRONG><a name="[34a]"></a>RCC_PREDIV2Config</STRONG> (Thumb, 18 bytes, Stack size 0 bytes, stm32f10x_rcc.o(.text), UNUSED)

<P><STRONG><a name="[34b]"></a>RCC_PLL2Config</STRONG> (Thumb, 18 bytes, Stack size 0 bytes, stm32f10x_rcc.o(.text), UNUSED)

<P><STRONG><a name="[34c]"></a>RCC_PLL2Cmd</STRONG> (Thumb, 6 bytes, Stack size 0 bytes, stm32f10x_rcc.o(.text), UNUSED)

<P><STRONG><a name="[b4]"></a>RCC_PLL3Config</STRONG> (Thumb, 18 bytes, Stack size 0 bytes, stm32f10x_rcc.o(.text))
<BR><BR>[Called By]<UL><LI><a href="#[b2]">&gt;&gt;</a>&nbsp;&nbsp;&nbsp;Ethernet_Configuration
</UL>

<P><STRONG><a name="[b5]"></a>RCC_PLL3Cmd</STRONG> (Thumb, 6 bytes, Stack size 0 bytes, stm32f10x_rcc.o(.text))
<BR><BR>[Called By]<UL><LI><a href="#[b2]">&gt;&gt;</a>&nbsp;&nbsp;&nbsp;Ethernet_Configuration
</UL>

<P><STRONG><a name="[34d]"></a>RCC_SYSCLKConfig</STRONG> (Thumb, 18 bytes, Stack size 0 bytes, stm32f10x_rcc.o(.text), UNUSED)

<P><STRONG><a name="[34e]"></a>RCC_GetSYSCLKSource</STRONG> (Thumb, 10 bytes, Stack size 0 bytes, stm32f10x_rcc.o(.text), UNUSED)

<P><STRONG><a name="[34f]"></a>RCC_HCLKConfig</STRONG> (Thumb, 18 bytes, Stack size 0 bytes, stm32f10x_rcc.o(.text), UNUSED)

<P><STRONG><a name="[350]"></a>RCC_PCLK1Config</STRONG> (Thumb, 18 bytes, Stack size 0 bytes, stm32f10x_rcc.o(.text), UNUSED)

<P><STRONG><a name="[351]"></a>RCC_PCLK2Config</STRONG> (Thumb, 20 bytes, Stack size 0 bytes, stm32f10x_rcc.o(.text), UNUSED)

<P><STRONG><a name="[352]"></a>RCC_ITConfig</STRONG> (Thumb, 26 bytes, Stack size 0 bytes, stm32f10x_rcc.o(.text), UNUSED)

<P><STRONG><a name="[353]"></a>RCC_OTGFSCLKConfig</STRONG> (Thumb, 6 bytes, Stack size 0 bytes, stm32f10x_rcc.o(.text), UNUSED)

<P><STRONG><a name="[354]"></a>RCC_ADCCLKConfig</STRONG> (Thumb, 18 bytes, Stack size 0 bytes, stm32f10x_rcc.o(.text), UNUSED)

<P><STRONG><a name="[355]"></a>RCC_I2S2CLKConfig</STRONG> (Thumb, 6 bytes, Stack size 0 bytes, stm32f10x_rcc.o(.text), UNUSED)

<P><STRONG><a name="[356]"></a>RCC_I2S3CLKConfig</STRONG> (Thumb, 8 bytes, Stack size 0 bytes, stm32f10x_rcc.o(.text), UNUSED)

<P><STRONG><a name="[357]"></a>RCC_LSEConfig</STRONG> (Thumb, 44 bytes, Stack size 0 bytes, stm32f10x_rcc.o(.text), UNUSED)

<P><STRONG><a name="[358]"></a>RCC_LSICmd</STRONG> (Thumb, 6 bytes, Stack size 0 bytes, stm32f10x_rcc.o(.text), UNUSED)

<P><STRONG><a name="[359]"></a>RCC_RTCCLKConfig</STRONG> (Thumb, 12 bytes, Stack size 0 bytes, stm32f10x_rcc.o(.text), UNUSED)

<P><STRONG><a name="[35a]"></a>RCC_RTCCLKCmd</STRONG> (Thumb, 8 bytes, Stack size 0 bytes, stm32f10x_rcc.o(.text), UNUSED)

<P><STRONG><a name="[c2]"></a>RCC_GetClocksFreq</STRONG> (Thumb, 432 bytes, Stack size 24 bytes, stm32f10x_rcc.o(.text))
<BR><BR>[Stack]<UL><LI>Max Depth = 24<LI>Call Chain = RCC_GetClocksFreq
</UL>
<BR>[Called By]<UL><LI><a href="#[bb]">&gt;&gt;</a>&nbsp;&nbsp;&nbsp;ETH_Init
<LI><a href="#[99]">&gt;&gt;</a>&nbsp;&nbsp;&nbsp;USART_Init
<LI><a href="#[85]">&gt;&gt;</a>&nbsp;&nbsp;&nbsp;System_Setup
</UL>

<P><STRONG><a name="[c1]"></a>RCC_AHBPeriphClockCmd</STRONG> (Thumb, 26 bytes, Stack size 0 bytes, stm32f10x_rcc.o(.text))
<BR><BR>[Called By]<UL><LI><a href="#[85]">&gt;&gt;</a>&nbsp;&nbsp;&nbsp;System_Setup
</UL>

<P><STRONG><a name="[95]"></a>RCC_APB2PeriphClockCmd</STRONG> (Thumb, 26 bytes, Stack size 0 bytes, stm32f10x_rcc.o(.text))
<BR><BR>[Called By]<UL><LI><a href="#[93]">&gt;&gt;</a>&nbsp;&nbsp;&nbsp;xSerialPortInitMinimal
<LI><a href="#[85]">&gt;&gt;</a>&nbsp;&nbsp;&nbsp;System_Setup
<LI><a href="#[2f1]">&gt;&gt;</a>&nbsp;&nbsp;&nbsp;i2c_slave_port_init
<LI><a href="#[2ed]">&gt;&gt;</a>&nbsp;&nbsp;&nbsp;Exit_Config
<LI><a href="#[28a]">&gt;&gt;</a>&nbsp;&nbsp;&nbsp;simI2c_master_init
</UL>

<P><STRONG><a name="[96]"></a>RCC_APB1PeriphClockCmd</STRONG> (Thumb, 26 bytes, Stack size 0 bytes, stm32f10x_rcc.o(.text))
<BR><BR>[Called By]<UL><LI><a href="#[c4]">&gt;&gt;</a>&nbsp;&nbsp;&nbsp;TIM_Configuration
<LI><a href="#[93]">&gt;&gt;</a>&nbsp;&nbsp;&nbsp;xSerialPortInitMinimal
<LI><a href="#[85]">&gt;&gt;</a>&nbsp;&nbsp;&nbsp;System_Setup
</UL>

<P><STRONG><a name="[153]"></a>RCC_AHBPeriphResetCmd</STRONG> (Thumb, 26 bytes, Stack size 0 bytes, stm32f10x_rcc.o(.text))
<BR><BR>[Called By]<UL><LI><a href="#[b7]">&gt;&gt;</a>&nbsp;&nbsp;&nbsp;ETH_DeInit
</UL>

<P><STRONG><a name="[da]"></a>RCC_APB2PeriphResetCmd</STRONG> (Thumb, 26 bytes, Stack size 0 bytes, stm32f10x_rcc.o(.text))
<BR><BR>[Called By]<UL><LI><a href="#[c5]">&gt;&gt;</a>&nbsp;&nbsp;&nbsp;TIM_DeInit
<LI><a href="#[ee]">&gt;&gt;</a>&nbsp;&nbsp;&nbsp;USART_DeInit
<LI><a href="#[db]">&gt;&gt;</a>&nbsp;&nbsp;&nbsp;GPIO_AFIODeInit
<LI><a href="#[d9]">&gt;&gt;</a>&nbsp;&nbsp;&nbsp;GPIO_DeInit
</UL>

<P><STRONG><a name="[dd]"></a>RCC_APB1PeriphResetCmd</STRONG> (Thumb, 26 bytes, Stack size 0 bytes, stm32f10x_rcc.o(.text), UNUSED)
<BR><BR>[Called By]<UL><LI><a href="#[c5]">&gt;&gt;</a>&nbsp;&nbsp;&nbsp;TIM_DeInit
<LI><a href="#[ee]">&gt;&gt;</a>&nbsp;&nbsp;&nbsp;USART_DeInit
</UL>

<P><STRONG><a name="[35b]"></a>RCC_BackupResetCmd</STRONG> (Thumb, 6 bytes, Stack size 0 bytes, stm32f10x_rcc.o(.text), UNUSED)

<P><STRONG><a name="[35c]"></a>RCC_ClockSecuritySystemCmd</STRONG> (Thumb, 6 bytes, Stack size 0 bytes, stm32f10x_rcc.o(.text), UNUSED)

<P><STRONG><a name="[b6]"></a>RCC_MCOConfig</STRONG> (Thumb, 6 bytes, Stack size 0 bytes, stm32f10x_rcc.o(.text))
<BR><BR>[Called By]<UL><LI><a href="#[b2]">&gt;&gt;</a>&nbsp;&nbsp;&nbsp;Ethernet_Configuration
</UL>

<P><STRONG><a name="[88]"></a>RCC_ClearFlag</STRONG> (Thumb, 14 bytes, Stack size 0 bytes, stm32f10x_rcc.o(.text))
<BR><BR>[Called By]<UL><LI><a href="#[46]">&gt;&gt;</a>&nbsp;&nbsp;&nbsp;main
</UL>

<P><STRONG><a name="[35d]"></a>RCC_GetITStatus</STRONG> (Thumb, 20 bytes, Stack size 0 bytes, stm32f10x_rcc.o(.text), UNUSED)

<P><STRONG><a name="[35e]"></a>RCC_ClearITPendingBit</STRONG> (Thumb, 6 bytes, Stack size 0 bytes, stm32f10x_rcc.o(.text), UNUSED)

<P><STRONG><a name="[c5]"></a>TIM_DeInit</STRONG> (Thumb, 424 bytes, Stack size 8 bytes, stm32f10x_tim.o(.text), UNUSED)
<BR><BR>[Calls]<UL><LI><a href="#[da]">&gt;&gt;</a>&nbsp;&nbsp;&nbsp;RCC_APB2PeriphResetCmd
<LI><a href="#[dd]">&gt;&gt;</a>&nbsp;&nbsp;&nbsp;RCC_APB1PeriphResetCmd
</UL>
<BR>[Called By]<UL><LI><a href="#[c4]">&gt;&gt;</a>&nbsp;&nbsp;&nbsp;TIM_Configuration
</UL>

<P><STRONG><a name="[c6]"></a>TIM_TimeBaseInit</STRONG> (Thumb, 122 bytes, Stack size 0 bytes, stm32f10x_tim.o(.text), UNUSED)
<BR><BR>[Called By]<UL><LI><a href="#[c4]">&gt;&gt;</a>&nbsp;&nbsp;&nbsp;TIM_Configuration
</UL>

<P><STRONG><a name="[35f]"></a>TIM_OC1Init</STRONG> (Thumb, 132 bytes, Stack size 16 bytes, stm32f10x_tim.o(.text), UNUSED)

<P><STRONG><a name="[360]"></a>TIM_OC2Init</STRONG> (Thumb, 154 bytes, Stack size 16 bytes, stm32f10x_tim.o(.text), UNUSED)

<P><STRONG><a name="[361]"></a>TIM_OC3Init</STRONG> (Thumb, 150 bytes, Stack size 16 bytes, stm32f10x_tim.o(.text), UNUSED)

<P><STRONG><a name="[362]"></a>TIM_OC4Init</STRONG> (Thumb, 182 bytes, Stack size 16 bytes, stm32f10x_tim.o(.text), UNUSED)

<P><STRONG><a name="[e6]"></a>TIM_SetIC4Prescaler</STRONG> (Thumb, 26 bytes, Stack size 0 bytes, stm32f10x_tim.o(.text), UNUSED)
<BR><BR>[Called By]<UL><LI><a href="#[de]">&gt;&gt;</a>&nbsp;&nbsp;&nbsp;TIM_ICInit
</UL>

<P><STRONG><a name="[e4]"></a>TIM_SetIC3Prescaler</STRONG> (Thumb, 18 bytes, Stack size 0 bytes, stm32f10x_tim.o(.text), UNUSED)
<BR><BR>[Called By]<UL><LI><a href="#[de]">&gt;&gt;</a>&nbsp;&nbsp;&nbsp;TIM_ICInit
</UL>

<P><STRONG><a name="[e2]"></a>TIM_SetIC2Prescaler</STRONG> (Thumb, 26 bytes, Stack size 0 bytes, stm32f10x_tim.o(.text), UNUSED)
<BR><BR>[Called By]<UL><LI><a href="#[e7]">&gt;&gt;</a>&nbsp;&nbsp;&nbsp;TIM_PWMIConfig
<LI><a href="#[de]">&gt;&gt;</a>&nbsp;&nbsp;&nbsp;TIM_ICInit
</UL>

<P><STRONG><a name="[e0]"></a>TIM_SetIC1Prescaler</STRONG> (Thumb, 18 bytes, Stack size 0 bytes, stm32f10x_tim.o(.text), UNUSED)
<BR><BR>[Called By]<UL><LI><a href="#[e7]">&gt;&gt;</a>&nbsp;&nbsp;&nbsp;TIM_PWMIConfig
<LI><a href="#[de]">&gt;&gt;</a>&nbsp;&nbsp;&nbsp;TIM_ICInit
</UL>

<P><STRONG><a name="[de]"></a>TIM_ICInit</STRONG> (Thumb, 150 bytes, Stack size 16 bytes, stm32f10x_tim.o(.text), UNUSED)
<BR><BR>[Calls]<UL><LI><a href="#[e0]">&gt;&gt;</a>&nbsp;&nbsp;&nbsp;TIM_SetIC1Prescaler
<LI><a href="#[e2]">&gt;&gt;</a>&nbsp;&nbsp;&nbsp;TIM_SetIC2Prescaler
<LI><a href="#[e4]">&gt;&gt;</a>&nbsp;&nbsp;&nbsp;TIM_SetIC3Prescaler
<LI><a href="#[e6]">&gt;&gt;</a>&nbsp;&nbsp;&nbsp;TIM_SetIC4Prescaler
<LI><a href="#[df]">&gt;&gt;</a>&nbsp;&nbsp;&nbsp;TI1_Config
<LI><a href="#[e1]">&gt;&gt;</a>&nbsp;&nbsp;&nbsp;TI2_Config
<LI><a href="#[e3]">&gt;&gt;</a>&nbsp;&nbsp;&nbsp;TI3_Config
<LI><a href="#[e5]">&gt;&gt;</a>&nbsp;&nbsp;&nbsp;TI4_Config
</UL>

<P><STRONG><a name="[e7]"></a>TIM_PWMIConfig</STRONG> (Thumb, 124 bytes, Stack size 24 bytes, stm32f10x_tim.o(.text), UNUSED)
<BR><BR>[Calls]<UL><LI><a href="#[e0]">&gt;&gt;</a>&nbsp;&nbsp;&nbsp;TIM_SetIC1Prescaler
<LI><a href="#[e2]">&gt;&gt;</a>&nbsp;&nbsp;&nbsp;TIM_SetIC2Prescaler
<LI><a href="#[df]">&gt;&gt;</a>&nbsp;&nbsp;&nbsp;TI1_Config
<LI><a href="#[e1]">&gt;&gt;</a>&nbsp;&nbsp;&nbsp;TI2_Config
</UL>

<P><STRONG><a name="[363]"></a>TIM_BDTRConfig</STRONG> (Thumb, 32 bytes, Stack size 0 bytes, stm32f10x_tim.o(.text), UNUSED)

<P><STRONG><a name="[364]"></a>TIM_TimeBaseStructInit</STRONG> (Thumb, 18 bytes, Stack size 0 bytes, stm32f10x_tim.o(.text), UNUSED)

<P><STRONG><a name="[365]"></a>TIM_OCStructInit</STRONG> (Thumb, 20 bytes, Stack size 0 bytes, stm32f10x_tim.o(.text), UNUSED)

<P><STRONG><a name="[366]"></a>TIM_ICStructInit</STRONG> (Thumb, 18 bytes, Stack size 0 bytes, stm32f10x_tim.o(.text), UNUSED)

<P><STRONG><a name="[367]"></a>TIM_BDTRStructInit</STRONG> (Thumb, 40 bytes, Stack size 0 bytes, stm32f10x_tim.o(.text), UNUSED)

<P><STRONG><a name="[ca]"></a>TIM_Cmd</STRONG> (Thumb, 24 bytes, Stack size 0 bytes, stm32f10x_tim.o(.text), UNUSED)
<BR><BR>[Called By]<UL><LI><a href="#[c4]">&gt;&gt;</a>&nbsp;&nbsp;&nbsp;TIM_Configuration
</UL>

<P><STRONG><a name="[368]"></a>TIM_CtrlPWMOutputs</STRONG> (Thumb, 30 bytes, Stack size 0 bytes, stm32f10x_tim.o(.text), UNUSED)

<P><STRONG><a name="[c9]"></a>TIM_ITConfig</STRONG> (Thumb, 18 bytes, Stack size 0 bytes, stm32f10x_tim.o(.text), UNUSED)
<BR><BR>[Called By]<UL><LI><a href="#[c4]">&gt;&gt;</a>&nbsp;&nbsp;&nbsp;TIM_Configuration
</UL>

<P><STRONG><a name="[369]"></a>TIM_GenerateEvent</STRONG> (Thumb, 4 bytes, Stack size 0 bytes, stm32f10x_tim.o(.text), UNUSED)

<P><STRONG><a name="[36a]"></a>TIM_DMAConfig</STRONG> (Thumb, 10 bytes, Stack size 0 bytes, stm32f10x_tim.o(.text), UNUSED)

<P><STRONG><a name="[36b]"></a>TIM_DMACmd</STRONG> (Thumb, 18 bytes, Stack size 0 bytes, stm32f10x_tim.o(.text), UNUSED)

<P><STRONG><a name="[36c]"></a>TIM_InternalClockConfig</STRONG> (Thumb, 12 bytes, Stack size 0 bytes, stm32f10x_tim.o(.text), UNUSED)

<P><STRONG><a name="[e9]"></a>TIM_SelectInputTrigger</STRONG> (Thumb, 18 bytes, Stack size 0 bytes, stm32f10x_tim.o(.text), UNUSED)
<BR><BR>[Called By]<UL><LI><a href="#[ea]">&gt;&gt;</a>&nbsp;&nbsp;&nbsp;TIM_TIxExternalClockConfig
<LI><a href="#[e8]">&gt;&gt;</a>&nbsp;&nbsp;&nbsp;TIM_ITRxExternalClockConfig
</UL>

<P><STRONG><a name="[e8]"></a>TIM_ITRxExternalClockConfig</STRONG> (Thumb, 24 bytes, Stack size 12 bytes, stm32f10x_tim.o(.text), UNUSED)
<BR><BR>[Calls]<UL><LI><a href="#[e9]">&gt;&gt;</a>&nbsp;&nbsp;&nbsp;TIM_SelectInputTrigger
</UL>

<P><STRONG><a name="[ea]"></a>TIM_TIxExternalClockConfig</STRONG> (Thumb, 62 bytes, Stack size 24 bytes, stm32f10x_tim.o(.text), UNUSED)
<BR><BR>[Calls]<UL><LI><a href="#[e9]">&gt;&gt;</a>&nbsp;&nbsp;&nbsp;TIM_SelectInputTrigger
<LI><a href="#[df]">&gt;&gt;</a>&nbsp;&nbsp;&nbsp;TI1_Config
<LI><a href="#[e1]">&gt;&gt;</a>&nbsp;&nbsp;&nbsp;TI2_Config
</UL>

<P><STRONG><a name="[ec]"></a>TIM_ETRConfig</STRONG> (Thumb, 28 bytes, Stack size 12 bytes, stm32f10x_tim.o(.text), UNUSED)
<BR><BR>[Called By]<UL><LI><a href="#[ed]">&gt;&gt;</a>&nbsp;&nbsp;&nbsp;TIM_ETRClockMode2Config
<LI><a href="#[eb]">&gt;&gt;</a>&nbsp;&nbsp;&nbsp;TIM_ETRClockMode1Config
</UL>

<P><STRONG><a name="[eb]"></a>TIM_ETRClockMode1Config</STRONG> (Thumb, 54 bytes, Stack size 24 bytes, stm32f10x_tim.o(.text), UNUSED)
<BR><BR>[Calls]<UL><LI><a href="#[ec]">&gt;&gt;</a>&nbsp;&nbsp;&nbsp;TIM_ETRConfig
</UL>

<P><STRONG><a name="[ed]"></a>TIM_ETRClockMode2Config</STRONG> (Thumb, 32 bytes, Stack size 20 bytes, stm32f10x_tim.o(.text), UNUSED)
<BR><BR>[Calls]<UL><LI><a href="#[ec]">&gt;&gt;</a>&nbsp;&nbsp;&nbsp;TIM_ETRConfig
</UL>

<P><STRONG><a name="[c8]"></a>TIM_PrescalerConfig</STRONG> (Thumb, 6 bytes, Stack size 0 bytes, stm32f10x_tim.o(.text), UNUSED)
<BR><BR>[Called By]<UL><LI><a href="#[c4]">&gt;&gt;</a>&nbsp;&nbsp;&nbsp;TIM_Configuration
</UL>

<P><STRONG><a name="[36d]"></a>TIM_CounterModeConfig</STRONG> (Thumb, 18 bytes, Stack size 0 bytes, stm32f10x_tim.o(.text), UNUSED)

<P><STRONG><a name="[36e]"></a>TIM_EncoderInterfaceConfig</STRONG> (Thumb, 66 bytes, Stack size 20 bytes, stm32f10x_tim.o(.text), UNUSED)

<P><STRONG><a name="[36f]"></a>TIM_ForcedOC1Config</STRONG> (Thumb, 18 bytes, Stack size 0 bytes, stm32f10x_tim.o(.text), UNUSED)

<P><STRONG><a name="[370]"></a>TIM_ForcedOC2Config</STRONG> (Thumb, 26 bytes, Stack size 0 bytes, stm32f10x_tim.o(.text), UNUSED)

<P><STRONG><a name="[371]"></a>TIM_ForcedOC3Config</STRONG> (Thumb, 18 bytes, Stack size 0 bytes, stm32f10x_tim.o(.text), UNUSED)

<P><STRONG><a name="[372]"></a>TIM_ForcedOC4Config</STRONG> (Thumb, 26 bytes, Stack size 0 bytes, stm32f10x_tim.o(.text), UNUSED)

<P><STRONG><a name="[373]"></a>TIM_ARRPreloadConfig</STRONG> (Thumb, 24 bytes, Stack size 0 bytes, stm32f10x_tim.o(.text), UNUSED)

<P><STRONG><a name="[374]"></a>TIM_SelectCOM</STRONG> (Thumb, 24 bytes, Stack size 0 bytes, stm32f10x_tim.o(.text), UNUSED)

<P><STRONG><a name="[375]"></a>TIM_SelectCCDMA</STRONG> (Thumb, 24 bytes, Stack size 0 bytes, stm32f10x_tim.o(.text), UNUSED)

<P><STRONG><a name="[376]"></a>TIM_CCPreloadControl</STRONG> (Thumb, 24 bytes, Stack size 0 bytes, stm32f10x_tim.o(.text), UNUSED)

<P><STRONG><a name="[377]"></a>TIM_OC1PreloadConfig</STRONG> (Thumb, 18 bytes, Stack size 0 bytes, stm32f10x_tim.o(.text), UNUSED)

<P><STRONG><a name="[378]"></a>TIM_OC2PreloadConfig</STRONG> (Thumb, 26 bytes, Stack size 0 bytes, stm32f10x_tim.o(.text), UNUSED)

<P><STRONG><a name="[379]"></a>TIM_OC3PreloadConfig</STRONG> (Thumb, 18 bytes, Stack size 0 bytes, stm32f10x_tim.o(.text), UNUSED)

<P><STRONG><a name="[37a]"></a>TIM_OC4PreloadConfig</STRONG> (Thumb, 26 bytes, Stack size 0 bytes, stm32f10x_tim.o(.text), UNUSED)

<P><STRONG><a name="[37b]"></a>TIM_OC1FastConfig</STRONG> (Thumb, 18 bytes, Stack size 0 bytes, stm32f10x_tim.o(.text), UNUSED)

<P><STRONG><a name="[37c]"></a>TIM_OC2FastConfig</STRONG> (Thumb, 26 bytes, Stack size 0 bytes, stm32f10x_tim.o(.text), UNUSED)

<P><STRONG><a name="[37d]"></a>TIM_OC3FastConfig</STRONG> (Thumb, 18 bytes, Stack size 0 bytes, stm32f10x_tim.o(.text), UNUSED)

<P><STRONG><a name="[37e]"></a>TIM_OC4FastConfig</STRONG> (Thumb, 26 bytes, Stack size 0 bytes, stm32f10x_tim.o(.text), UNUSED)

<P><STRONG><a name="[37f]"></a>TIM_ClearOC1Ref</STRONG> (Thumb, 18 bytes, Stack size 0 bytes, stm32f10x_tim.o(.text), UNUSED)

<P><STRONG><a name="[380]"></a>TIM_ClearOC2Ref</STRONG> (Thumb, 24 bytes, Stack size 0 bytes, stm32f10x_tim.o(.text), UNUSED)

<P><STRONG><a name="[381]"></a>TIM_ClearOC3Ref</STRONG> (Thumb, 18 bytes, Stack size 0 bytes, stm32f10x_tim.o(.text), UNUSED)

<P><STRONG><a name="[382]"></a>TIM_ClearOC4Ref</STRONG> (Thumb, 24 bytes, Stack size 0 bytes, stm32f10x_tim.o(.text), UNUSED)

<P><STRONG><a name="[383]"></a>TIM_OC1PolarityConfig</STRONG> (Thumb, 18 bytes, Stack size 0 bytes, stm32f10x_tim.o(.text), UNUSED)

<P><STRONG><a name="[384]"></a>TIM_OC1NPolarityConfig</STRONG> (Thumb, 18 bytes, Stack size 0 bytes, stm32f10x_tim.o(.text), UNUSED)

<P><STRONG><a name="[385]"></a>TIM_OC2PolarityConfig</STRONG> (Thumb, 26 bytes, Stack size 0 bytes, stm32f10x_tim.o(.text), UNUSED)

<P><STRONG><a name="[386]"></a>TIM_OC2NPolarityConfig</STRONG> (Thumb, 26 bytes, Stack size 0 bytes, stm32f10x_tim.o(.text), UNUSED)

<P><STRONG><a name="[387]"></a>TIM_OC3PolarityConfig</STRONG> (Thumb, 26 bytes, Stack size 0 bytes, stm32f10x_tim.o(.text), UNUSED)

<P><STRONG><a name="[388]"></a>TIM_OC3NPolarityConfig</STRONG> (Thumb, 26 bytes, Stack size 0 bytes, stm32f10x_tim.o(.text), UNUSED)

<P><STRONG><a name="[389]"></a>TIM_OC4PolarityConfig</STRONG> (Thumb, 26 bytes, Stack size 0 bytes, stm32f10x_tim.o(.text), UNUSED)

<P><STRONG><a name="[38a]"></a>TIM_CCxCmd</STRONG> (Thumb, 30 bytes, Stack size 12 bytes, stm32f10x_tim.o(.text), UNUSED)

<P><STRONG><a name="[38b]"></a>TIM_CCxNCmd</STRONG> (Thumb, 30 bytes, Stack size 12 bytes, stm32f10x_tim.o(.text), UNUSED)

<P><STRONG><a name="[38c]"></a>TIM_SelectOCxM</STRONG> (Thumb, 82 bytes, Stack size 16 bytes, stm32f10x_tim.o(.text), UNUSED)

<P><STRONG><a name="[38d]"></a>TIM_UpdateDisableConfig</STRONG> (Thumb, 24 bytes, Stack size 0 bytes, stm32f10x_tim.o(.text), UNUSED)

<P><STRONG><a name="[38e]"></a>TIM_UpdateRequestConfig</STRONG> (Thumb, 24 bytes, Stack size 0 bytes, stm32f10x_tim.o(.text), UNUSED)

<P><STRONG><a name="[38f]"></a>TIM_SelectHallSensor</STRONG> (Thumb, 24 bytes, Stack size 0 bytes, stm32f10x_tim.o(.text), UNUSED)

<P><STRONG><a name="[390]"></a>TIM_SelectOnePulseMode</STRONG> (Thumb, 18 bytes, Stack size 0 bytes, stm32f10x_tim.o(.text), UNUSED)

<P><STRONG><a name="[391]"></a>TIM_SelectOutputTrigger</STRONG> (Thumb, 18 bytes, Stack size 0 bytes, stm32f10x_tim.o(.text), UNUSED)

<P><STRONG><a name="[392]"></a>TIM_SelectSlaveMode</STRONG> (Thumb, 18 bytes, Stack size 0 bytes, stm32f10x_tim.o(.text), UNUSED)

<P><STRONG><a name="[393]"></a>TIM_SelectMasterSlaveMode</STRONG> (Thumb, 18 bytes, Stack size 0 bytes, stm32f10x_tim.o(.text), UNUSED)

<P><STRONG><a name="[394]"></a>TIM_SetCounter</STRONG> (Thumb, 4 bytes, Stack size 0 bytes, stm32f10x_tim.o(.text), UNUSED)

<P><STRONG><a name="[395]"></a>TIM_SetAutoreload</STRONG> (Thumb, 4 bytes, Stack size 0 bytes, stm32f10x_tim.o(.text), UNUSED)

<P><STRONG><a name="[396]"></a>TIM_SetCompare1</STRONG> (Thumb, 4 bytes, Stack size 0 bytes, stm32f10x_tim.o(.text), UNUSED)

<P><STRONG><a name="[397]"></a>TIM_SetCompare2</STRONG> (Thumb, 4 bytes, Stack size 0 bytes, stm32f10x_tim.o(.text), UNUSED)

<P><STRONG><a name="[398]"></a>TIM_SetCompare3</STRONG> (Thumb, 4 bytes, Stack size 0 bytes, stm32f10x_tim.o(.text), UNUSED)

<P><STRONG><a name="[399]"></a>TIM_SetCompare4</STRONG> (Thumb, 6 bytes, Stack size 0 bytes, stm32f10x_tim.o(.text), UNUSED)

<P><STRONG><a name="[39a]"></a>TIM_SetClockDivision</STRONG> (Thumb, 18 bytes, Stack size 0 bytes, stm32f10x_tim.o(.text), UNUSED)

<P><STRONG><a name="[39b]"></a>TIM_GetCapture1</STRONG> (Thumb, 6 bytes, Stack size 0 bytes, stm32f10x_tim.o(.text), UNUSED)

<P><STRONG><a name="[39c]"></a>TIM_GetCapture2</STRONG> (Thumb, 6 bytes, Stack size 0 bytes, stm32f10x_tim.o(.text), UNUSED)

<P><STRONG><a name="[39d]"></a>TIM_GetCapture3</STRONG> (Thumb, 6 bytes, Stack size 0 bytes, stm32f10x_tim.o(.text), UNUSED)

<P><STRONG><a name="[39e]"></a>TIM_GetCapture4</STRONG> (Thumb, 8 bytes, Stack size 0 bytes, stm32f10x_tim.o(.text), UNUSED)

<P><STRONG><a name="[39f]"></a>TIM_GetCounter</STRONG> (Thumb, 6 bytes, Stack size 0 bytes, stm32f10x_tim.o(.text), UNUSED)

<P><STRONG><a name="[3a0]"></a>TIM_GetPrescaler</STRONG> (Thumb, 6 bytes, Stack size 0 bytes, stm32f10x_tim.o(.text), UNUSED)

<P><STRONG><a name="[3a1]"></a>TIM_GetFlagStatus</STRONG> (Thumb, 18 bytes, Stack size 0 bytes, stm32f10x_tim.o(.text), UNUSED)

<P><STRONG><a name="[c7]"></a>TIM_ClearFlag</STRONG> (Thumb, 6 bytes, Stack size 0 bytes, stm32f10x_tim.o(.text), UNUSED)
<BR><BR>[Called By]<UL><LI><a href="#[c4]">&gt;&gt;</a>&nbsp;&nbsp;&nbsp;TIM_Configuration
</UL>

<P><STRONG><a name="[3a2]"></a>TIM_GetITStatus</STRONG> (Thumb, 34 bytes, Stack size 12 bytes, stm32f10x_tim.o(.text), UNUSED)

<P><STRONG><a name="[3a3]"></a>TIM_ClearITPendingBit</STRONG> (Thumb, 6 bytes, Stack size 0 bytes, stm32f10x_tim.o(.text), UNUSED)

<P><STRONG><a name="[ee]"></a>USART_DeInit</STRONG> (Thumb, 134 bytes, Stack size 8 bytes, stm32f10x_usart.o(.text), UNUSED)
<BR><BR>[Calls]<UL><LI><a href="#[da]">&gt;&gt;</a>&nbsp;&nbsp;&nbsp;RCC_APB2PeriphResetCmd
<LI><a href="#[dd]">&gt;&gt;</a>&nbsp;&nbsp;&nbsp;RCC_APB1PeriphResetCmd
</UL>

<P><STRONG><a name="[99]"></a>USART_Init</STRONG> (Thumb, 210 bytes, Stack size 56 bytes, stm32f10x_usart.o(.text))
<BR><BR>[Stack]<UL><LI>Max Depth = 80<LI>Call Chain = USART_Init &rArr; RCC_GetClocksFreq
</UL>
<BR>[Calls]<UL><LI><a href="#[c2]">&gt;&gt;</a>&nbsp;&nbsp;&nbsp;RCC_GetClocksFreq
</UL>
<BR>[Called By]<UL><LI><a href="#[93]">&gt;&gt;</a>&nbsp;&nbsp;&nbsp;xSerialPortInitMinimal
</UL>

<P><STRONG><a name="[3a4]"></a>USART_StructInit</STRONG> (Thumb, 24 bytes, Stack size 0 bytes, stm32f10x_usart.o(.text), UNUSED)

<P><STRONG><a name="[9a]"></a>USART_ClockInit</STRONG> (Thumb, 34 bytes, Stack size 8 bytes, stm32f10x_usart.o(.text))
<BR><BR>[Stack]<UL><LI>Max Depth = 8<LI>Call Chain = USART_ClockInit
</UL>
<BR>[Called By]<UL><LI><a href="#[93]">&gt;&gt;</a>&nbsp;&nbsp;&nbsp;xSerialPortInitMinimal
</UL>

<P><STRONG><a name="[3a5]"></a>USART_ClockStructInit</STRONG> (Thumb, 12 bytes, Stack size 0 bytes, stm32f10x_usart.o(.text), UNUSED)

<P><STRONG><a name="[9d]"></a>USART_Cmd</STRONG> (Thumb, 24 bytes, Stack size 0 bytes, stm32f10x_usart.o(.text))
<BR><BR>[Called By]<UL><LI><a href="#[93]">&gt;&gt;</a>&nbsp;&nbsp;&nbsp;xSerialPortInitMinimal
</UL>

<P><STRONG><a name="[9b]"></a>USART_ITConfig</STRONG> (Thumb, 74 bytes, Stack size 20 bytes, stm32f10x_usart.o(.text))
<BR><BR>[Stack]<UL><LI>Max Depth = 20<LI>Call Chain = USART_ITConfig
</UL>
[...]
<LI><a href="#[225]">&gt;&gt;</a>&nbsp;&nbsp;&nbsp;netconn_drain
<LI><a href="#[1ff]">&gt;&gt;</a>&nbsp;&nbsp;&nbsp;sys_mbox_valid
<LI><a href="#[201]">&gt;&gt;</a>&nbsp;&nbsp;&nbsp;sys_mbox_free
<LI><a href="#[203]">&gt;&gt;</a>&nbsp;&nbsp;&nbsp;netconn_free
</UL>
<BR>[Called By]<UL><LI><a href="#[225]">&gt;&gt;</a>&nbsp;&nbsp;&nbsp;netconn_drain
<LI><a href="#[57]">&gt;&gt;</a>&nbsp;&nbsp;&nbsp;do_delconn
<LI><a href="#[60]">&gt;&gt;</a>&nbsp;&nbsp;&nbsp;do_close
</UL>

<P><STRONG><a name="[68]"></a>do_connected</STRONG> (Thumb, 132 bytes, Stack size 24 bytes, api_msg.o(.text))
<BR><BR>[Stack]<UL><LI>Max Depth = 136<LI>Call Chain = do_connected &rArr; sys_sem_signal &rArr; xQueueGenericSend &rArr; vTaskPlaceOnEventList &rArr; prvAddCurrentTaskToDelayedList &rArr; vListInsert
</UL>
<BR>[Calls]<UL><LI><a href="#[19c]">&gt;&gt;</a>&nbsp;&nbsp;&nbsp;sys_sem_signal
<LI><a href="#[21f]">&gt;&gt;</a>&nbsp;&nbsp;&nbsp;setup_tcp
</UL>
<BR>[Address Reference Count : 1]<UL><LI> api_msg.o(.text)
</UL>
<P><STRONG><a name="[6a]"></a>do_dns_found</STRONG> (Thumb, 56 bytes, Stack size 24 bytes, api_msg.o(.text))
<BR><BR>[Stack]<UL><LI>Max Depth = 136<LI>Call Chain = do_dns_found &rArr; sys_sem_signal &rArr; xQueueGenericSend &rArr; vTaskPlaceOnEventList &rArr; prvAddCurrentTaskToDelayedList &rArr; vListInsert
</UL>
<BR>[Calls]<UL><LI><a href="#[19c]">&gt;&gt;</a>&nbsp;&nbsp;&nbsp;sys_sem_signal
<LI><a href="#[18d]">&gt;&gt;</a>&nbsp;&nbsp;&nbsp;strcmp
</UL>
<BR>[Address Reference Count : 1]<UL><LI> api_msg.o(.text)
</UL>
<P><STRONG><a name="[236]"></a>get_socket</STRONG> (Thumb, 44 bytes, Stack size 0 bytes, sockets.o(.text))
<BR><BR>[Called By]<UL><LI><a href="#[24d]">&gt;&gt;</a>&nbsp;&nbsp;&nbsp;lwip_fcntl
<LI><a href="#[24c]">&gt;&gt;</a>&nbsp;&nbsp;&nbsp;lwip_ioctl
<LI><a href="#[24b]">&gt;&gt;</a>&nbsp;&nbsp;&nbsp;lwip_setsockopt
<LI><a href="#[24a]">&gt;&gt;</a>&nbsp;&nbsp;&nbsp;lwip_getsockopt
<LI><a href="#[246]">&gt;&gt;</a>&nbsp;&nbsp;&nbsp;lwip_shutdown
<LI><a href="#[240]">&gt;&gt;</a>&nbsp;&nbsp;&nbsp;lwip_send
<LI><a href="#[23f]">&gt;&gt;</a>&nbsp;&nbsp;&nbsp;lwip_sendto
<LI><a href="#[23c]">&gt;&gt;</a>&nbsp;&nbsp;&nbsp;lwip_recvfrom
<LI><a href="#[23b]">&gt;&gt;</a>&nbsp;&nbsp;&nbsp;lwip_listen
<LI><a href="#[23a]">&gt;&gt;</a>&nbsp;&nbsp;&nbsp;lwip_connect
<LI><a href="#[239]">&gt;&gt;</a>&nbsp;&nbsp;&nbsp;lwip_close
<LI><a href="#[238]">&gt;&gt;</a>&nbsp;&nbsp;&nbsp;lwip_bind
<LI><a href="#[235]">&gt;&gt;</a>&nbsp;&nbsp;&nbsp;lwip_accept
<LI><a href="#[247]">&gt;&gt;</a>&nbsp;&nbsp;&nbsp;lwip_getaddrname
<LI><a href="#[6b]">&gt;&gt;</a>&nbsp;&nbsp;&nbsp;event_callback
</UL>

<P><STRONG><a name="[244]"></a>tryget_socket</STRONG> (Thumb, 42 bytes, Stack size 0 bytes, sockets.o(.text), UNUSED)
<BR><BR>[Called By]<UL><LI><a href="#[245]">&gt;&gt;</a>&nbsp;&nbsp;&nbsp;lwip_select
<LI><a href="#[243]">&gt;&gt;</a>&nbsp;&nbsp;&nbsp;lwip_selscan
</UL>

<P><STRONG><a name="[237]"></a>alloc_socket</STRONG> (Thumb, 144 bytes, Stack size 12 bytes, sockets.o(.text))
<BR><BR>[Stack]<UL><LI>Max Depth = 12<LI>Call Chain = alloc_socket
</UL>
<BR>[Called By]<UL><LI><a href="#[241]">&gt;&gt;</a>&nbsp;&nbsp;&nbsp;lwip_socket
<LI><a href="#[235]">&gt;&gt;</a>&nbsp;&nbsp;&nbsp;lwip_accept
</UL>

<P><STRONG><a name="[234]"></a>free_socket</STRONG> (Thumb, 38 bytes, Stack size 16 bytes, sockets.o(.text))
<BR><BR>[Stack]<UL><LI>Max Depth = 192<LI>Call Chain = free_socket &rArr; netbuf_delete &rArr; pbuf_free &rArr; mem_free &rArr; sys_arch_sem_wait &rArr; xQueueGenericReceive &rArr; vTaskPlaceOnEventList &rArr; prvAddCurrentTaskToDelayedList &rArr; vListInsert
</UL>
<BR>[Calls]<UL><LI><a href="#[163]">&gt;&gt;</a>&nbsp;&nbsp;&nbsp;pbuf_free
<LI><a href="#[216]">&gt;&gt;</a>&nbsp;&nbsp;&nbsp;netbuf_delete
</UL>
<BR>[Called By]<UL><LI><a href="#[239]">&gt;&gt;</a>&nbsp;&nbsp;&nbsp;lwip_close
</UL>

<P><STRONG><a name="[6b]"></a>event_callback</STRONG> (Thumb, 308 bytes, Stack size 40 bytes, sockets.o(.text))
<BR><BR>[Stack]<UL><LI>Max Depth = 152<LI>Call Chain = event_callback &rArr; sys_sem_signal &rArr; xQueueGenericSend &rArr; vTaskPlaceOnEventList &rArr; prvAddCurrentTaskToDelayedList &rArr; vListInsert
</UL>
<BR>[Calls]<UL><LI><a href="#[19c]">&gt;&gt;</a>&nbsp;&nbsp;&nbsp;sys_sem_signal
<LI><a href="#[236]">&gt;&gt;</a>&nbsp;&nbsp;&nbsp;get_socket
</UL>
<BR>[Address Reference Count : 1]<UL><LI> sockets.o(.text)
</UL>
<P><STRONG><a name="[243]"></a>lwip_selscan</STRONG> (Thumb, 336 bytes, Stack size 64 bytes, sockets.o(.text), UNUSED)
<BR><BR>[Calls]<UL><LI><a href="#[244]">&gt;&gt;</a>&nbsp;&nbsp;&nbsp;tryget_socket
</UL>
<BR>[Called By]<UL><LI><a href="#[245]">&gt;&gt;</a>&nbsp;&nbsp;&nbsp;lwip_select
</UL>

<P><STRONG><a name="[247]"></a>lwip_getaddrname</STRONG> (Thumb, 130 bytes, Stack size 48 bytes, sockets.o(.text), UNUSED)
<BR><BR>[Calls]<UL><LI><a href="#[16e]">&gt;&gt;</a>&nbsp;&nbsp;&nbsp;lwip_htons
<LI><a href="#[236]">&gt;&gt;</a>&nbsp;&nbsp;&nbsp;get_socket
<LI><a href="#[204]">&gt;&gt;</a>&nbsp;&nbsp;&nbsp;netconn_getaddr
<LI><a href="#[fd]">&gt;&gt;</a>&nbsp;&nbsp;&nbsp;__aeabi_memcpy
</UL>
<BR>[Called By]<UL><LI><a href="#[249]">&gt;&gt;</a>&nbsp;&nbsp;&nbsp;lwip_getsockname
<LI><a href="#[248]">&gt;&gt;</a>&nbsp;&nbsp;&nbsp;lwip_getpeername
</UL>

<P><STRONG><a name="[6c]"></a>lwip_getsockopt_internal</STRONG> (Thumb, 406 bytes, Stack size 32 bytes, sockets.o(.text))
<BR><BR>[Stack]<UL><LI>Max Depth = 144<LI>Call Chain = lwip_getsockopt_internal &rArr; sys_sem_signal &rArr; xQueueGenericSend &rArr; vTaskPlaceOnEventList &rArr; prvAddCurrentTaskToDelayedList &rArr; vListInsert
</UL>
<BR>[Calls]<UL><LI><a href="#[19c]">&gt;&gt;</a>&nbsp;&nbsp;&nbsp;sys_sem_signal
</UL>
<BR>[Address Reference Count : 1]<UL><LI> sockets.o(.text)
</UL>
<P><STRONG><a name="[6d]"></a>lwip_setsockopt_internal</STRONG> (Thumb, 326 bytes, Stack size 32 bytes, sockets.o(.text))
<BR><BR>[Stack]<UL><LI>Max Depth = 144<LI>Call Chain = lwip_setsockopt_internal &rArr; sys_sem_signal &rArr; xQueueGenericSend &rArr; vTaskPlaceOnEventList &rArr; prvAddCurrentTaskToDelayedList &rArr; vListInsert
</UL>
<BR>[Calls]<UL><LI><a href="#[19c]">&gt;&gt;</a>&nbsp;&nbsp;&nbsp;sys_sem_signal
</UL>
<BR>[Address Reference Count : 1]<UL><LI> sockets.o(.text)
</UL>
<P><STRONG><a name="[6e]"></a>tcpip_thread</STRONG> (Thumb, 214 bytes, Stack size 8 bytes, tcpip.o(.text))
<BR><BR>[Stack]<UL><LI>Max Depth = 536<LI>Call Chain = tcpip_thread &rArr; ethernet_input &rArr; ip_input &rArr; tcp_input &rArr; tcp_listen_input &rArr; tcp_alloc &rArr; tcp_kill_prio &rArr; tcp_abort &rArr; tcp_abandon &rArr; tcp_pcb_remove &rArr; tcp_output &rArr; tcp_send_empty_ack &rArr; tcp_output_alloc_header &rArr; pbuf_alloc &rArr; pbuf_free &rArr; mem_free &rArr; sys_arch_sem_wait &rArr; xQueueGenericReceive &rArr; vTaskPlaceOnEventList &rArr; prvAddCurrentTaskToDelayedList &rArr; vListInsert
</UL>
<BR>[Calls]<UL><LI><a href="#[1af]">&gt;&gt;</a>&nbsp;&nbsp;&nbsp;memp_free
<LI><a href="#[170]">&gt;&gt;</a>&nbsp;&nbsp;&nbsp;ip_input
<LI><a href="#[24e]">&gt;&gt;</a>&nbsp;&nbsp;&nbsp;ethernet_input
<LI><a href="#[1f5]">&gt;&gt;</a>&nbsp;&nbsp;&nbsp;sys_timeouts_mbox_fetch
<LI><a href="#[1f4]">&gt;&gt;</a>&nbsp;&nbsp;&nbsp;sys_untimeout
<LI><a href="#[1f2]">&gt;&gt;</a>&nbsp;&nbsp;&nbsp;sys_timeout
</UL>
<BR>[Address Reference Count : 1]<UL><LI> tcpip.o(.text)
</UL>
<P><STRONG><a name="[6f]"></a>pbuf_free_int</STRONG> (Thumb, 14 bytes, Stack size 16 bytes, tcpip.o(.text))
<BR><BR>[Stack]<UL><LI>Max Depth = 184<LI>Call Chain = pbuf_free_int &rArr; pbuf_free &rArr; mem_free &rArr; sys_arch_sem_wait &rArr; xQueueGenericReceive &rArr; vTaskPlaceOnEventList &rArr; prvAddCurrentTaskToDelayedList &rArr; vListInsert
</UL>
<BR>[Calls]<UL><LI><a href="#[163]">&gt;&gt;</a>&nbsp;&nbsp;&nbsp;pbuf_free
</UL>
<BR>[Address Reference Count : 1]<UL><LI> tcpip.o(.text)
</UL>
<P><STRONG><a name="[258]"></a>free_etharp_q</STRONG> (Thumb, 42 bytes, Stack size 16 bytes, etharp.o(.text))
<BR><BR>[Stack]<UL><LI>Max Depth = 184<LI>Call Chain = free_etharp_q &rArr; pbuf_free &rArr; mem_free &rArr; sys_arch_sem_wait &rArr; xQueueGenericReceive &rArr; vTaskPlaceOnEventList &rArr; prvAddCurrentTaskToDelayedList &rArr; vListInsert
</UL>
<BR>[Calls]<UL><LI><a href="#[1af]">&gt;&gt;</a>&nbsp;&nbsp;&nbsp;memp_free
<LI><a href="#[163]">&gt;&gt;</a>&nbsp;&nbsp;&nbsp;pbuf_free
</UL>
<BR>[Called By]<UL><LI><a href="#[259]">&gt;&gt;</a>&nbsp;&nbsp;&nbsp;etharp_free_entry
</UL>

<P><STRONG><a name="[259]"></a>etharp_free_entry</STRONG> (Thumb, 112 bytes, Stack size 8 bytes, etharp.o(.text))
<BR><BR>[Stack]<UL><LI>Max Depth = 192<LI>Call Chain = etharp_free_entry &rArr; free_etharp_q &rArr; pbuf_free &rArr; mem_free &rArr; sys_arch_sem_wait &rArr; xQueueGenericReceive &rArr; vTaskPlaceOnEventList &rArr; prvAddCurrentTaskToDelayedList &rArr; vListInsert
</UL>
<BR>[Calls]<UL><LI><a href="#[258]">&gt;&gt;</a>&nbsp;&nbsp;&nbsp;free_etharp_q
</UL>
<BR>[Called By]<UL><LI><a href="#[1a7]">&gt;&gt;</a>&nbsp;&nbsp;&nbsp;etharp_cleanup_netif
<LI><a href="#[25a]">&gt;&gt;</a>&nbsp;&nbsp;&nbsp;etharp_find_entry
<LI><a href="#[1f3]">&gt;&gt;</a>&nbsp;&nbsp;&nbsp;etharp_tmr
</UL>

<P><STRONG><a name="[25a]"></a>etharp_find_entry</STRONG> (Thumb, 374 bytes, Stack size 48 bytes, etharp.o(.text))
<BR><BR>[Stack]<UL><LI>Max Depth = 240<LI>Call Chain = etharp_find_entry &rArr; etharp_free_entry &rArr; free_etharp_q &rArr; pbuf_free &rArr; mem_free &rArr; sys_arch_sem_wait &rArr; xQueueGenericReceive &rArr; vTaskPlaceOnEventList &rArr; prvAddCurrentTaskToDelayedList &rArr; vListInsert
</UL>
<BR>[Calls]<UL><LI><a href="#[259]">&gt;&gt;</a>&nbsp;&nbsp;&nbsp;etharp_free_entry
</UL>
<BR>[Called By]<UL><LI><a href="#[261]">&gt;&gt;</a>&nbsp;&nbsp;&nbsp;etharp_query
<LI><a href="#[25d]">&gt;&gt;</a>&nbsp;&nbsp;&nbsp;etharp_find_addr
<LI><a href="#[25b]">&gt;&gt;</a>&nbsp;&nbsp;&nbsp;etharp_update_arp_entry
</UL>

<P><STRONG><a name="[25c]"></a>etharp_send_ip</STRONG> (Thumb, 60 bytes, Stack size 24 bytes, etharp.o(.text))
<BR><BR>[Stack]<UL><LI>Max Depth = 24<LI>Call Chain = etharp_send_ip
</UL>
<BR>[Called By]<UL><LI><a href="#[73]">&gt;&gt;</a>&nbsp;&nbsp;&nbsp;etharp_output
<LI><a href="#[261]">&gt;&gt;</a>&nbsp;&nbsp;&nbsp;etharp_query
<LI><a href="#[260]">&gt;&gt;</a>&nbsp;&nbsp;&nbsp;etharp_output_to_arp_index
<LI><a href="#[25b]">&gt;&gt;</a>&nbsp;&nbsp;&nbsp;etharp_update_arp_entry
</UL>

<P><STRONG><a name="[25b]"></a>etharp_update_arp_entry</STRONG> (Thumb, 212 bytes, Stack size 32 bytes, etharp.o(.text))
<BR><BR>[Stack]<UL><LI>Max Depth = 272<LI>Call Chain = etharp_update_arp_entry &rArr; etharp_find_entry &rArr; etharp_free_entry &rArr; free_etharp_q &rArr; pbuf_free &rArr; mem_free &rArr; sys_arch_sem_wait &rArr; xQueueGenericReceive &rArr; vTaskPlaceOnEventList &rArr; prvAddCurrentTaskToDelayedList &rArr; vListInsert
</UL>
<BR>[Calls]<UL><LI><a href="#[1af]">&gt;&gt;</a>&nbsp;&nbsp;&nbsp;memp_free
<LI><a href="#[163]">&gt;&gt;</a>&nbsp;&nbsp;&nbsp;pbuf_free
<LI><a href="#[162]">&gt;&gt;</a>&nbsp;&nbsp;&nbsp;ip4_addr_isbroadcast
<LI><a href="#[25c]">&gt;&gt;</a>&nbsp;&nbsp;&nbsp;etharp_send_ip
<LI><a href="#[25a]">&gt;&gt;</a>&nbsp;&nbsp;&nbsp;etharp_find_entry
</UL>
<BR>[Called By]<UL><LI><a href="#[25e]">&gt;&gt;</a>&nbsp;&nbsp;&nbsp;etharp_arp_input
</UL>

<P><STRONG><a name="[25e]"></a>etharp_arp_input</STRONG> (Thumb, 298 bytes, Stack size 40 bytes, etharp.o(.text))
<BR><BR>[Stack]<UL><LI>Max Depth = 312<LI>Call Chain = etharp_arp_input &rArr; etharp_update_arp_entry &rArr; etharp_find_entry &rArr; etharp_free_entry &rArr; free_etharp_q &rArr; pbuf_free &rArr; mem_free &rArr; sys_arch_sem_wait &rArr; xQueueGenericReceive &rArr; vTaskPlaceOnEventList &rArr; prvAddCurrentTaskToDelayedList &rArr; vListInsert
</UL>
<BR>[Calls]<UL><LI><a href="#[16e]">&gt;&gt;</a>&nbsp;&nbsp;&nbsp;lwip_htons
<LI><a href="#[163]">&gt;&gt;</a>&nbsp;&nbsp;&nbsp;pbuf_free
<LI><a href="#[25b]">&gt;&gt;</a>&nbsp;&nbsp;&nbsp;etharp_update_arp_entry
</UL>
<BR>[Called By]<UL><LI><a href="#[24e]">&gt;&gt;</a>&nbsp;&nbsp;&nbsp;ethernet_input
</UL>

<P><STRONG><a name="[25f]"></a>etharp_raw</STRONG> (Thumb, 186 bytes, Stack size 40 bytes, etharp.o(.text))
<BR><BR>[Stack]<UL><LI>Max Depth = 248<LI>Call Chain = etharp_raw &rArr; pbuf_alloc &rArr; pbuf_free &rArr; mem_free &rArr; sys_arch_sem_wait &rArr; xQueueGenericReceive &rArr; vTaskPlaceOnEventList &rArr; prvAddCurrentTaskToDelayedList &rArr; vListInsert
</UL>
<BR>[Calls]<UL><LI><a href="#[16e]">&gt;&gt;</a>&nbsp;&nbsp;&nbsp;lwip_htons
<LI><a href="#[163]">&gt;&gt;</a>&nbsp;&nbsp;&nbsp;pbuf_free
<LI><a href="#[165]">&gt;&gt;</a>&nbsp;&nbsp;&nbsp;pbuf_alloc
</UL>
<BR>[Called By]<UL><LI><a href="#[1a9]">&gt;&gt;</a>&nbsp;&nbsp;&nbsp;etharp_request
</UL>

<P><STRONG><a name="[260]"></a>etharp_output_to_arp_index</STRONG> (Thumb, 104 bytes, Stack size 16 bytes, etharp.o(.text))
<BR><BR>[Stack]<UL><LI>Max Depth = 296<LI>Call Chain = etharp_output_to_arp_index &rArr; etharp_request &rArr; etharp_raw &rArr; pbuf_alloc &rArr; pbuf_free &rArr; mem_free &rArr; sys_arch_sem_wait &rArr; xQueueGenericReceive &rArr; vTaskPlaceOnEventList &rArr; prvAddCurrentTaskToDelayedList &rArr; vListInsert
</UL>
<BR>[Calls]<UL><LI><a href="#[1a9]">&gt;&gt;</a>&nbsp;&nbsp;&nbsp;etharp_request
<LI><a href="#[25c]">&gt;&gt;</a>&nbsp;&nbsp;&nbsp;etharp_send_ip
</UL>
<BR>[Called By]<UL><LI><a href="#[73]">&gt;&gt;</a>&nbsp;&nbsp;&nbsp;etharp_output
</UL>

<P><STRONG><a name="[263]"></a>low_level_input</STRONG> (Thumb, 118 bytes, Stack size 56 bytes, ethernetif.o(.text))
<BR><BR>[Stack]<UL><LI>Max Depth = 264<LI>Call Chain = low_level_input &rArr; pbuf_alloc &rArr; pbuf_free &rArr; mem_free &rArr; sys_arch_sem_wait &rArr; xQueueGenericReceive &rArr; vTaskPlaceOnEventList &rArr; prvAddCurrentTaskToDelayedList &rArr; vListInsert
</UL>
<BR>[Calls]<UL><LI><a href="#[165]">&gt;&gt;</a>&nbsp;&nbsp;&nbsp;pbuf_alloc
<LI><a href="#[264]">&gt;&gt;</a>&nbsp;&nbsp;&nbsp;ETH_RxPkt_ChainMode
<LI><a href="#[fd]">&gt;&gt;</a>&nbsp;&nbsp;&nbsp;__aeabi_memcpy
</UL>
<BR>[Called By]<UL><LI><a href="#[71]">&gt;&gt;</a>&nbsp;&nbsp;&nbsp;ethernetif_input
</UL>

<P><STRONG><a name="[71]"></a>ethernetif_input</STRONG> (Thumb, 66 bytes, Stack size 0 bytes, ethernetif.o(.text))
<BR><BR>[Stack]<UL><LI>Max Depth = 264<LI>Call Chain = ethernetif_input &rArr; low_level_input &rArr; pbuf_alloc &rArr; pbuf_free &rArr; mem_free &rArr; sys_arch_sem_wait &rArr; xQueueGenericReceive &rArr; vTaskPlaceOnEventList &rArr; prvAddCurrentTaskToDelayedList &rArr; vListInsert
</UL>
<BR>[Calls]<UL><LI><a href="#[9f]">&gt;&gt;</a>&nbsp;&nbsp;&nbsp;xQueueGenericReceive
<LI><a href="#[163]">&gt;&gt;</a>&nbsp;&nbsp;&nbsp;pbuf_free
<LI><a href="#[263]">&gt;&gt;</a>&nbsp;&nbsp;&nbsp;low_level_input
</UL>
<BR>[Address Reference Count : 1]<UL><LI> ethernetif.o(.text)
</UL>
<P><STRONG><a name="[265]"></a>low_level_init</STRONG> (Thumb, 186 bytes, Stack size 24 bytes, ethernetif.o(.text))
<BR><BR>[Stack]<UL><LI>Max Depth = 160<LI>Call Chain = low_level_init &rArr; xTaskCreate &rArr; pvPortMalloc &rArr; xTaskResumeAll &rArr; xTaskIncrementTick
</UL>
<BR>[Calls]<UL><LI><a href="#[8d]">&gt;&gt;</a>&nbsp;&nbsp;&nbsp;xTaskCreate
<LI><a href="#[10c]">&gt;&gt;</a>&nbsp;&nbsp;&nbsp;xQueueCreateCountingSemaphore
<LI><a href="#[269]">&gt;&gt;</a>&nbsp;&nbsp;&nbsp;ETH_DMARxDescReceiveITConfig
<LI><a href="#[268]">&gt;&gt;</a>&nbsp;&nbsp;&nbsp;ETH_DMARxDescChainInit
<LI><a href="#[26a]">&gt;&gt;</a>&nbsp;&nbsp;&nbsp;ETH_DMATxDescChecksumInsertionConfig
<LI><a href="#[267]">&gt;&gt;</a>&nbsp;&nbsp;&nbsp;ETH_DMATxDescChainInit
<LI><a href="#[266]">&gt;&gt;</a>&nbsp;&nbsp;&nbsp;ETH_MACAddressConfig
<LI><a href="#[157]">&gt;&gt;</a>&nbsp;&nbsp;&nbsp;ETH_Start
</UL>
<BR>[Called By]<UL><LI><a href="#[4c]">&gt;&gt;</a>&nbsp;&nbsp;&nbsp;ethernetif_init
</UL>

<P><STRONG><a name="[74]"></a>low_level_output</STRONG> (Thumb, 122 bytes, Stack size 24 bytes, ethernetif.o(.text))
<BR><BR>[Stack]<UL><LI>Max Depth = 128<LI>Call Chain = low_level_output &rArr; xQueueGenericSend &rArr; vTaskPlaceOnEventList &rArr; prvAddCurrentTaskToDelayedList &rArr; vListInsert
</UL>
<BR>[Calls]<UL><LI><a href="#[a1]">&gt;&gt;</a>&nbsp;&nbsp;&nbsp;xQueueGenericSend
<LI><a href="#[9f]">&gt;&gt;</a>&nbsp;&nbsp;&nbsp;xQueueGenericReceive
<LI><a href="#[94]">&gt;&gt;</a>&nbsp;&nbsp;&nbsp;xQueueGenericCreate
<LI><a href="#[26b]">&gt;&gt;</a>&nbsp;&nbsp;&nbsp;ETH_GetCurrentTxBuffer
<LI><a href="#[26c]">&gt;&gt;</a>&nbsp;&nbsp;&nbsp;ETH_TxPkt_ChainMode
<LI><a href="#[fd]">&gt;&gt;</a>&nbsp;&nbsp;&nbsp;__aeabi_memcpy
</UL>
<BR>[Address Reference Count : 1]<UL><LI> ethernetif.o(.text)
</UL>
<P><STRONG><a name="[72]"></a>arp_timer</STRONG> (Thumb, 22 bytes, Stack size 8 bytes, ethernetif.o(.text))
<BR><BR>[Stack]<UL><LI>Max Depth = 216<LI>Call Chain = arp_timer &rArr; etharp_tmr &rArr; etharp_free_entry &rArr; free_etharp_q &rArr; pbuf_free &rArr; mem_free &rArr; sys_arch_sem_wait &rArr; xQueueGenericReceive &rArr; vTaskPlaceOnEventList &rArr; prvAddCurrentTaskToDelayedList &rArr; vListInsert
</UL>
<BR>[Calls]<UL><LI><a href="#[1f3]">&gt;&gt;</a>&nbsp;&nbsp;&nbsp;etharp_tmr
<LI><a href="#[1f2]">&gt;&gt;</a>&nbsp;&nbsp;&nbsp;sys_timeout
</UL>
<BR>[Address Reference Count : 1]<UL><LI> ethernetif.o(.text)
</UL>
<P><STRONG><a name="[75]"></a>reportTimerCallback</STRONG> (Thumb, 32 bytes, Stack size 8 bytes, mqtttask.o(.text))
<BR><BR>[Stack]<UL><LI>Max Depth = 480<LI>Call Chain = reportTimerCallback &rArr; mqtt_reportCb &rArr; MQTTPublish &rArr; waitfor &rArr; cycle &rArr; MQTTDeserialize_publish &rArr; MQTTPacket_decodeBuf &rArr; MQTTPacket_decode
</UL>
<BR>[Calls]<UL><LI><a href="#[270]">&gt;&gt;</a>&nbsp;&nbsp;&nbsp;mqtt_reportCb
</UL>
<BR>[Address Reference Count : 1]<UL><LI> mqtttask.o(.text)
</UL>
<P><STRONG><a name="[2d3]"></a>MQTTPacket_decodenb</STRONG> (Thumb, 100 bytes, Stack size 24 bytes, mqttpacket.o(.text), UNUSED)
<BR><BR>[Called By]<UL><LI><a href="#[2d2]">&gt;&gt;</a>&nbsp;&nbsp;&nbsp;MQTTPacket_readnb
</UL>

<P><STRONG><a name="[314]"></a>_fp_digits</STRONG> (Thumb, 326 bytes, Stack size 56 bytes, printfa.o(i._fp_digits), UNUSED)
<BR><BR>[Calls]<UL><LI><a href="#[303]">&gt;&gt;</a>&nbsp;&nbsp;&nbsp;__aeabi_uldivmod
<LI><a href="#[30d]">&gt;&gt;</a>&nbsp;&nbsp;&nbsp;__aeabi_dmul
<LI><a href="#[30e]">&gt;&gt;</a>&nbsp;&nbsp;&nbsp;__aeabi_ddiv
<LI><a href="#[307]">&gt;&gt;</a>&nbsp;&nbsp;&nbsp;__aeabi_dadd
<LI><a href="#[30f]">&gt;&gt;</a>&nbsp;&nbsp;&nbsp;__aeabi_d2ulz
<LI><a href="#[315]">&gt;&gt;</a>&nbsp;&nbsp;&nbsp;__aeabi_cdrcmple
</UL>
<BR>[Called By]<UL><LI><a href="#[312]">&gt;&gt;</a>&nbsp;&nbsp;&nbsp;_printf_core
</UL>

<P><STRONG><a name="[312]"></a>_printf_core</STRONG> (Thumb, 1762 bytes, Stack size 136 bytes, printfa.o(i._printf_core), UNUSED)
<BR><BR>[Calls]<UL><LI><a href="#[303]">&gt;&gt;</a>&nbsp;&nbsp;&nbsp;__aeabi_uldivmod
<LI><a href="#[318]">&gt;&gt;</a>&nbsp;&nbsp;&nbsp;__aeabi_uidivmod
<LI><a href="#[316]">&gt;&gt;</a>&nbsp;&nbsp;&nbsp;_printf_pre_padding
<LI><a href="#[317]">&gt;&gt;</a>&nbsp;&nbsp;&nbsp;_printf_post_padding
<LI><a href="#[314]">&gt;&gt;</a>&nbsp;&nbsp;&nbsp;_fp_digits
</UL>
<BR>[Called By]<UL><LI><a href="#[313]">&gt;&gt;</a>&nbsp;&nbsp;&nbsp;__0sprintf
<LI><a href="#[311]">&gt;&gt;</a>&nbsp;&nbsp;&nbsp;__0printf
</UL>

<P><STRONG><a name="[317]"></a>_printf_post_padding</STRONG> (Thumb, 38 bytes, Stack size 24 bytes, printfa.o(i._printf_post_padding), UNUSED)
<BR><BR>[Called By]<UL><LI><a href="#[312]">&gt;&gt;</a>&nbsp;&nbsp;&nbsp;_printf_core
</UL>

<P><STRONG><a name="[316]"></a>_printf_pre_padding</STRONG> (Thumb, 48 bytes, Stack size 24 bytes, printfa.o(i._printf_pre_padding), UNUSED)
<BR><BR>[Called By]<UL><LI><a href="#[312]">&gt;&gt;</a>&nbsp;&nbsp;&nbsp;_printf_core
</UL>

<P><STRONG><a name="[77]"></a>_sputc</STRONG> (Thumb, 10 bytes, Stack size 0 bytes, printfa.o(i._sputc))
<BR><BR>[Called By]<UL><LI><a href="#[313]">&gt;&gt;</a>&nbsp;&nbsp;&nbsp;__0sprintf
</UL>
<BR>[Address Reference Count : 1]<UL><LI> printfa.o(i.__0sprintf)
</UL><P>
<H3>
Undefined Global Symbols
</H3><HR></body></html>
