ARM Linker, 5.03 [Build 24] [MDK-ARM Standard]

==============================================================================

Section Cross References

    main.o(.text) refers to printfa.o(i.__0printf) for __2printf
    main.o(.text) refers to netconf.o(.text) for LwIP_Init
    main.o(.text) refers to i2c_slave_port.o(.text) for slave_i2c_init
    main.o(.text) refers to mqtttask.o(.text) for mqttTaskCreate
    main.o(.text) refers to collectdata.o(.text) for collectTaskCreate
    main.o(.text) refers to loggermanage.o(.text) for initLoggerMng
    main.o(.text) refers to configapp.o(.text) for configTaskCreate
    main.o(.text) refers to tasks.o(.text) for vTaskDelete
    main.o(.text) refers to stm32f107.o(.text) for System_Setup
    main.o(.text) refers to utils.o(.text) for FreeRTOS_printf_service_init
    main.o(.text) refers to main.o(.data) for xHandleTaskSystemInit
    stm32f10x_it.o(.text) refers to stm32_eth.o(.text) for ETH_GetDMAFlagStatus
    stm32f10x_it.o(.text) refers to queue.o(.text) for xQueueGiveFromISR
    stm32f10x_it.o(.text) refers to ethernetif.o(.data) for s_xSemaphore
    stm32f10x.o(RESET) refers to stm32f10x.o(STACK) for __initial_sp
    stm32f10x.o(RESET) refers to stm32f10x.o(.text) for Reset_Handler
    stm32f10x.o(RESET) refers to stm32f10x_it.o(.text) for NMI_Handler
    stm32f10x.o(RESET) refers to port.o(.emb_text) for vPortSVCHandler
    stm32f10x.o(RESET) refers to port.o(.text) for xPortSysTickHandler
    stm32f10x.o(RESET) refers to i2c_slave_port.o(.text) for EXTI9_5_IRQHandler
    stm32f10x.o(RESET) refers to serial.o(.text) for vUARTInterruptHandler
    stm32f10x.o(.text) refers to system_stm32f10x.o(.text) for SystemInit
    stm32f10x.o(.text) refers to entry.o(.ARM.Collect$$$$00000000) for __main
    timertest.o(.text) refers to stm32f10x_rcc.o(.text) for RCC_APB1PeriphClockCmd
    timertest.o(.text) refers to stm32f10x_tim.o(.text) for TIM_DeInit
    timertest.o(.text) refers to misc.o(.text) for NVIC_Init
    serial.o(.text) refers to queue.o(.text) for xQueueGenericCreate
    serial.o(.text) refers to stm32f10x_rcc.o(.text) for RCC_APB2PeriphClockCmd
    serial.o(.text) refers to stm32f10x_gpio.o(.text) for GPIO_PinRemapConfig
    serial.o(.text) refers to stm32f10x_usart.o(.text) for USART_Init
    serial.o(.text) refers to misc.o(.text) for NVIC_Init
    serial.o(.text) refers to serial.o(.data) for xRxedChars
    utils.o(.text) refers to serial.o(.text) for xSerialPortInitMinimal
    utils.o(.text) refers to stm32f10x_usart.o(.text) for USART_SendData
    utils.o(.text) refers to strrchr.o(.text) for strrchr
    utils.o(.text) refers to printfa.o(i.__0printf) for __2printf
    utils.o(.text) refers to utils.o(.data) for xPort
    sdcard.o(.text) refers to spi.o(.text) for SPI1_ReadWriteByte
    sdcard.o(.text) refers to stm32f10x_gpio.o(.text) for GPIO_SetBits
    sdcard.o(.text) refers to sdcard.o(.data) for SD_Type
    spi.o(.text) refers to stm32f10x_rcc.o(.text) for RCC_APB2PeriphClockCmd
    spi.o(.text) refers to stm32f10x_gpio.o(.text) for GPIO_Init
    spi.o(.text) refers to stm32f10x_spi.o(.text) for SPI_Init
    common.o(.text) refers to printfa.o(i.__0printf) for __2printf
    common.o(.text) refers to serial.o(.text) for xSerialGetChar
    common.o(.text) refers to memseta.o(.text) for __aeabi_memclr4
    common.o(.text) refers to ff.o(.text) for f_mount
    common.o(.text) refers to common.o(.data) for xPort
    common.o(.text) refers to strlen.o(.text) for strlen
    common.o(.text) refers to strchr.o(.text) for strchr
    common.o(.text) refers to common.o(.bss) for MQTTServerIP
    common.o(.text) refers to minini.o(.text) for ini_gets
    common.o(.text) refers to memcpya.o(.text) for __aeabi_memcpy
    common.o(.text) refers to atoi.o(.text) for atoi
    common.o(.text) refers to strcmp.o(.text) for strcmp
    common.o(.text) refers to common.o(.constdata) for inifile
    netconf.o(.text) refers to tcpip.o(.text) for tcpip_init
    netconf.o(.text) refers to configapp.o(.text) for config_getLocalHostIP
    netconf.o(.text) refers to netif.o(.text) for netif_add
    netconf.o(.text) refers to ethernetif.o(.text) for ethernetif_init
    netconf.o(.text) refers to netconf.o(.bss) for xnetif
    stm32f107.o(.text) refers to stm32f10x_gpio.o(.text) for GPIO_ETH_MediaInterfaceConfig
    stm32f107.o(.text) refers to stm32f10x_rcc.o(.text) for RCC_PLL3Config
    stm32f107.o(.text) refers to stm32_eth.o(.text) for ETH_DeInit
    stm32f107.o(.text) refers to misc.o(.text) for NVIC_SetVectorTable
    stm32f107.o(.text) refers to system_stm32f10x.o(.text) for SystemInit
    stm32f107.o(.text) refers to serial.o(.text) for xSerialPortInitMinimal
    stm32f107.o(.text) refers to stm32f10x_tim.o(.text) for TIM_DeInit
    stm32f10x_adc.o(.text) refers to stm32f10x_rcc.o(.text) for RCC_APB2PeriphResetCmd
    stm32f10x_bkp.o(.text) refers to stm32f10x_rcc.o(.text) for RCC_BackupResetCmd
[...]
    USART_WakeUpConfig                       0x08002d85   Thumb Code    18  stm32f10x_usart.o(.text)
    USART_ReceiverWakeUpCmd                  0x08002d97   Thumb Code    24  stm32f10x_usart.o(.text)
    USART_LINBreakDetectLengthConfig         0x08002daf   Thumb Code    18  stm32f10x_usart.o(.text)
    USART_LINCmd                             0x08002dc1   Thumb Code    24  stm32f10x_usart.o(.text)
    USART_SendData                           0x08002dd9   Thumb Code     8  stm32f10x_usart.o(.text)
    USART_ReceiveData                        0x08002de1   Thumb Code    10  stm32f10x_usart.o(.text)
    USART_SendBreak                          0x08002deb   Thumb Code    10  stm32f10x_usart.o(.text)
    USART_SetGuardTime                       0x08002df5   Thumb Code    16  stm32f10x_usart.o(.text)
    USART_SetPrescaler                       0x08002e05   Thumb Code    16  stm32f10x_usart.o(.text)
    USART_SmartCardCmd                       0x08002e15   Thumb Code    24  stm32f10x_usart.o(.text)
    USART_SmartCardNACKCmd                   0x08002e2d   Thumb Code    24  stm32f10x_usart.o(.text)
    USART_HalfDuplexCmd                      0x08002e45   Thumb Code    24  stm32f10x_usart.o(.text)
    USART_OverSampling8Cmd                   0x08002e5d   Thumb Code    22  stm32f10x_usart.o(.text)
    USART_OneBitMethodCmd                    0x08002e73   Thumb Code    24  stm32f10x_usart.o(.text)
    USART_IrDAConfig                         0x08002e8b   Thumb Code    18  stm32f10x_usart.o(.text)
    USART_IrDACmd                            0x08002e9d   Thumb Code    24  stm32f10x_usart.o(.text)
    USART_GetFlagStatus                      0x08002eb5   Thumb Code    26  stm32f10x_usart.o(.text)
    USART_ClearFlag                          0x08002ecf   Thumb Code    18  stm32f10x_usart.o(.text)
    USART_GetITStatus                        0x08002ee1   Thumb Code    84  stm32f10x_usart.o(.text)
    USART_ClearITPendingBit                  0x08002f35   Thumb Code    52  stm32f10x_usart.o(.text)
    SystemInit                               0x08003075   Thumb Code    92  system_stm32f10x.o(.text)
    SystemCoreClockUpdate                    0x080030d1   Thumb Code   232  system_stm32f10x.o(.text)
    vListInitialise                          0x080031e9   Thumb Code    26  list.o(.text)
    vListInitialiseItem                      0x08003203   Thumb Code     6  list.o(.text)
    vListInsertEnd                           0x08003209   Thumb Code    24  list.o(.text)
    vListInsert                              0x08003221   Thumb Code    52  list.o(.text)
    uxListRemove                             0x08003255   Thumb Code    40  list.o(.text)
    xQueueGenericReset                       0x0800327d   Thumb Code   122  queue.o(.text)
    xQueueGenericCreate                      0x08003321   Thumb Code    56  queue.o(.text)
    xQueueGenericSend                        0x08003471   Thumb Code   272  queue.o(.text)
    xQueueCreateMutex                        0x0800359d   Thumb Code    34  queue.o(.text)
    xQueueGiveMutexRecursive                 0x080035bf   Thumb Code    48  queue.o(.text)
    xQueueGenericReceive                     0x08003633   Thumb Code   342  queue.o(.text)
    xQueueTakeMutexRecursive                 0x08003789   Thumb Code    58  queue.o(.text)
    xQueueCreateCountingSemaphore            0x080037c3   Thumb Code    26  queue.o(.text)
    xQueueGenericSendFromISR                 0x080037dd   Thumb Code   134  queue.o(.text)
    xQueueGiveFromISR                        0x08003863   Thumb Code   120  queue.o(.text)
    xQueueReceiveFromISR                     0x080038db   Thumb Code   130  queue.o(.text)
    xQueuePeekFromISR                        0x0800395d   Thumb Code    74  queue.o(.text)
    uxQueueMessagesWaiting                   0x080039a7   Thumb Code    18  queue.o(.text)
    uxQueueSpacesAvailable                   0x080039b9   Thumb Code    24  queue.o(.text)
    uxQueueMessagesWaitingFromISR            0x080039d1   Thumb Code     6  queue.o(.text)
    vQueueDelete                             0x080039d7   Thumb Code    14  queue.o(.text)
    uxQueueGetQueueNumber                    0x080039e5   Thumb Code     6  queue.o(.text)
    vQueueSetQueueNumber                     0x080039eb   Thumb Code     4  queue.o(.text)
    ucQueueGetQueueType                      0x080039ef   Thumb Code     8  queue.o(.text)
    xQueueIsQueueEmptyFromISR                0x080039f7   Thumb Code    14  queue.o(.text)
    xQueueIsQueueFullFromISR                 0x08003a05   Thumb Code    18  queue.o(.text)
    vQueueWaitForMessageRestricted           0x08003a17   Thumb Code    70  queue.o(.text)
    xTaskCreate                              0x08003bd5   Thumb Code    96  tasks.o(.text)
    vTaskDelete                              0x08003c71   Thumb Code   166  tasks.o(.text)
    xTaskIncrementTick                       0x08003d17   Thumb Code   252  tasks.o(.text)
    xTaskResumeAll                           0x08003e13   Thumb Code   284  tasks.o(.text)
    vTaskSuspendAll                          0x08003fab   Thumb Code    12  tasks.o(.text)
    vTaskDelayUntil                          0x08003fb7   Thumb Code   106  tasks.o(.text)
    vTaskDelay                               0x08004021   Thumb Code    46  tasks.o(.text)
    eTaskGetState                            0x0800404f   Thumb Code    88  tasks.o(.text)
    uxTaskPriorityGet                        0x080040a7   Thumb Code    30  tasks.o(.text)
    uxTaskPriorityGetFromISR                 0x080040c5   Thumb Code    52  tasks.o(.text)
    vTaskPrioritySet                         0x080040f9   Thumb Code   226  tasks.o(.text)
    vTaskSwitchContext                       0x080041db   Thumb Code   184  tasks.o(.text)
    vTaskSuspend                             0x08004293   Thumb Code   230  tasks.o(.text)
    vTaskResume                              0x080043b1   Thumb Code   104  tasks.o(.text)
    xTaskResumeFromISR                       0x08004419   Thumb Code   130  tasks.o(.text)
    vTaskStartScheduler                      0x08004511   Thumb Code    86  tasks.o(.text)
    vTaskEndScheduler                        0x08004567   Thumb Code    32  tasks.o(.text)
    xTaskGetTickCount                        0x08004587   Thumb Code     6  tasks.o(.text)
    xTaskGetTickCountFromISR                 0x0800458d   Thumb Code     8  tasks.o(.text)
    uxTaskGetNumberOfTasks                   0x08004595   Thumb Code     6  tasks.o(.text)
    pcTaskGetName                            0x0800459b   Thumb Code    20  tasks.o(.text)
    vTaskGetInfo                             0x080045c5   Thumb Code   114  tasks.o(.text)
    uxTaskGetSystemState                     0x080046a1   Thumb Code   234  tasks.o(.text)
    vTaskPlaceOnEventList                    0x0800478b   Thumb Code    28  tasks.o(.text)
    vTaskPlaceOnUnorderedEventList           0x080047a7   Thumb Code    40  tasks.o(.text)
    vTaskPlaceOnEventListRestricted          0x080047cf   Thumb Code    36  tasks.o(.text)
    xTaskRemoveFromEventList                 0x080047f3   Thumb Code   104  tasks.o(.text)
    xTaskRemoveFromUnorderedEventList        0x0800485b   Thumb Code    94  tasks.o(.text)
    vTaskSetTimeOutState                     0x080048b9   Thumb Code    14  tasks.o(.text)
    xTaskCheckForTimeOut                     0x080048c7   Thumb Code    84  tasks.o(.text)
    vTaskMissedYield                         0x0800491b   Thumb Code     8  tasks.o(.text)
    uxTaskGetTaskNumber                      0x08004923   Thumb Code    14  tasks.o(.text)
    vTaskSetTaskNumber                       0x08004931   Thumb Code     8  tasks.o(.text)
    xTaskGetCurrentTaskHandle                0x08004939   Thumb Code     6  tasks.o(.text)
    xTaskGetSchedulerState                   0x0800493f   Thumb Code    24  tasks.o(.text)
    vTaskPriorityInherit                     0x08004957   Thumb Code   164  tasks.o(.text)
    xTaskPriorityDisinherit                  0x080049fb   Thumb Code   122  tasks.o(.text)
    vTaskList                                0x08004a9f   Thumb Code   262  tasks.o(.text)
    vTaskGetRunTimeStats                     0x08004ba5   Thumb Code   182  tasks.o(.text)
    uxTaskResetEventItemValue                0x08004c5b   Thumb Code    24  tasks.o(.text)
    pvTaskIncrementMutexHeldCount            0x08004c73   Thumb Code    26  tasks.o(.text)
    ulTaskNotifyTake                         0x08004c8d   Thumb Code   108  tasks.o(.text)
    xTaskNotifyWait                          0x08004cf9   Thumb Code   150  tasks.o(.text)
    xTaskGenericNotify                       0x08004d8f   Thumb Code   178  tasks.o(.text)
    xTaskGenericNotifyFromISR                0x08004e41   Thumb Code   228  tasks.o(.text)
    vTaskNotifyGiveFromISR                   0x08004f25   Thumb Code   230  tasks.o(.text)
    xTaskNotifyStateClear                    0x0800500b   Thumb Code    48  tasks.o(.text)
    xTimerGenericCommand                     0x080050a1   Thumb Code   102  rtos_timers.o(.text)
    xTimerCreateTimerTask                    0x08005383   Thumb Code    40  rtos_timers.o(.text)
    xTimerCreate                             0x080053d9   Thumb Code    48  rtos_timers.o(.text)
    xTimerGetTimerDaemonTaskHandle           0x08005409   Thumb Code     6  rtos_timers.o(.text)
    xTimerGetPeriod                          0x0800540f   Thumb Code     8  rtos_timers.o(.text)
    xTimerGetExpiryTime                      0x08005417   Thumb Code     8  rtos_timers.o(.text)
    pcTimerGetName                           0x0800541f   Thumb Code     8  rtos_timers.o(.text)
    xTimerIsTimerActive                      0x08005427   Thumb Code    32  rtos_timers.o(.text)
    pvTimerGetTimerID                        0x08005447   Thumb Code    66  rtos_timers.o(.text)
    vTimerSetTimerID                         0x08005489   Thumb Code    20  rtos_timers.o(.text)
    pxPortInitialiseStack                    0x080054b3   Thumb Code    30  port.o(.text)
    vPortSetupTimerInterrupt                 0x080054d1   Thumb Code    16  port.o(.text)
    xPortStartScheduler                      0x080054e1   Thumb Code    42  port.o(.text)
    vPortEndScheduler                        0x0800550b   Thumb Code     2  port.o(.text)
    vPortEnterCritical                       0x0800550d   Thumb Code    30  port.o(.text)
    vPortExitCritical                        0x0800552b   Thumb Code    28  port.o(.text)
    xPortSysTickHandler                      0x08005547   Thumb Code    48  port.o(.text)
    pvPortMalloc                             0x08005647   Thumb Code   186  heap_4.o(.text)
    vPortFree                                0x08005701   Thumb Code    64  heap_4.o(.text)
    xPortGetFreeHeapSize                     0x08005741   Thumb Code     6  heap_4.o(.text)
    xPortGetMinimumEverFreeHeapSize          0x08005747   Thumb Code     6  heap_4.o(.text)
    vPortInitialiseBlocks                    0x0800574d   Thumb Code     2  heap_4.o(.text)
    ETH_DeInit                               0x08005769   Thumb Code    22  stm32_eth.o(.text)
    ETH_WritePHYRegister                     0x0800579b   Thumb Code    96  stm32_eth.o(.text)
    ETH_ReadPHYRegister                      0x080057fb   Thumb Code    58  stm32_eth.o(.text)
    ETH_Init                                 0x08005835   Thumb Code   556  stm32_eth.o(.text)
    ETH_StructInit                           0x08005a61   Thumb Code   164  stm32_eth.o(.text)
    ETH_DMAReceptionCmd                      0x08005b05   Thumb Code    30  stm32_eth.o(.text)
    ETH_DMATransmissionCmd                   0x08005b23   Thumb Code    30  stm32_eth.o(.text)
    ETH_MACReceptionCmd                      0x08005b41   Thumb Code    30  stm32_eth.o(.text)
    ETH_FlushTransmitFIFO                    0x08005b5f   Thumb Code    14  stm32_eth.o(.text)
    ETH_MACTransmissionCmd                   0x08005b6d   Thumb Code    68  stm32_eth.o(.text)
    ETH_Start                                0x08005bb1   Thumb Code    32  stm32_eth.o(.text)
    ETH_HandleTxPkt                          0x08005bd1   Thumb Code   176  stm32_eth.o(.text)
    ETH_HandleRxPkt                          0x08005c81   Thumb Code   196  stm32_eth.o(.text)
    ETH_GetDMARxDescFrameLength              0x08005d45   Thumb Code    10  stm32_eth.o(.text)
    ETH_GetRxPktSize                         0x08005d4f   Thumb Code    66  stm32_eth.o(.text)
    ETH_DropRxPkt                            0x08005d91   Thumb Code    78  stm32_eth.o(.text)
    ETH_PHYLoopBackCmd                       0x08005ddf   Thumb Code    52  stm32_eth.o(.text)
    ETH_GetFlowControlBusyStatus             0x08005e13   Thumb Code    20  stm32_eth.o(.text)
    ETH_InitiatePauseControlFrame            0x08005e27   Thumb Code    14  stm32_eth.o(.text)
    ETH_BackPressureActivationCmd            0x08005e35   Thumb Code    30  stm32_eth.o(.text)
    ETH_GetMACFlagStatus                     0x08005e53   Thumb Code    20  stm32_eth.o(.text)
    ETH_GetMACITStatus                       0x08005e67   Thumb Code    20  stm32_eth.o(.text)
    ETH_MACITConfig                          0x08005e7b   Thumb Code    26  stm32_eth.o(.text)
    ETH_MACAddressConfig                     0x08005e95   Thumb Code    46  stm32_eth.o(.text)
    ETH_GetMACAddress                        0x08005ec3   Thumb Code    36  stm32_eth.o(.text)
    ETH_MACAddressPerfectFilterCmd           0x08005ee7   Thumb Code    38  stm32_eth.o(.text)
    ETH_MACAddressFilterConfig               0x08005f0d   Thumb Code    40  stm32_eth.o(.text)
    ETH_MACAddressMaskBytesFilterConfig      0x08005f35   Thumb Code    32  stm32_eth.o(.text)
    ETH_DMATxDescChainInit                   0x08005f55   Thumb Code    70  stm32_eth.o(.text)
    ETH_DMATxDescRingInit                    0x08005f9b   Thumb Code    92  stm32_eth.o(.text)
    ETH_GetDMATxDescFlagStatus               0x08005ff7   Thumb Code    18  stm32_eth.o(.text)
    ETH_GetDMATxDescCollisionCount           0x08006009   Thumb Code    10  stm32_eth.o(.text)
    ETH_SetDMATxDescOwnBit                   0x08006013   Thumb Code    10  stm32_eth.o(.text)
    ETH_DMATxDescTransmitITConfig            0x0800601d   Thumb Code    22  stm32_eth.o(.text)
    ETH_DMATxDescFrameSegmentConfig          0x08006033   Thumb Code     8  stm32_eth.o(.text)
    ETH_DMATxDescChecksumInsertionConfig     0x0800603b   Thumb Code     8  stm32_eth.o(.text)
    ETH_DMATxDescCRCCmd                      0x08006043   Thumb Code    22  stm32_eth.o(.text)
    ETH_DMATxDescEndOfRingCmd                0x08006059   Thumb Code    22  stm32_eth.o(.text)
    ETH_DMATxDescSecondAddressChainedCmd     0x0800606f   Thumb Code    22  stm32_eth.o(.text)
    ETH_DMATxDescShortFramePaddingCmd        0x08006085   Thumb Code    22  stm32_eth.o(.text)
    ETH_DMATxDescTimeStampCmd                0x0800609b   Thumb Code    22  stm32_eth.o(.text)
    ETH_DMATxDescBufferSizeConfig            0x080060b1   Thumb Code    14  stm32_eth.o(.text)
    ETH_DMARxDescChainInit                   0x080060bf   Thumb Code    76  stm32_eth.o(.text)
    ETH_DMARxDescRingInit                    0x0800610b   Thumb Code    86  stm32_eth.o(.text)
    ETH_GetDMARxDescFlagStatus               0x08006161   Thumb Code    18  stm32_eth.o(.text)
    ETH_SetDMARxDescOwnBit                   0x08006173   Thumb Code    10  stm32_eth.o(.text)
    ETH_DMARxDescReceiveITConfig             0x0800617d   Thumb Code    22  stm32_eth.o(.text)
    ETH_DMARxDescEndOfRingCmd                0x08006193   Thumb Code    22  stm32_eth.o(.text)
    ETH_DMARxDescSecondAddressChainedCmd     0x080061a9   Thumb Code    22  stm32_eth.o(.text)
    ETH_GetDMARxDescBufferSize               0x080061bf   Thumb Code    20  stm32_eth.o(.text)
    ETH_SoftwareReset                        0x080061d3   Thumb Code    14  stm32_eth.o(.text)
    ETH_GetSoftwareResetStatus               0x080061e1   Thumb Code    20  stm32_eth.o(.text)
    ETH_GetDMAFlagStatus                     0x080061f5   Thumb Code    20  stm32_eth.o(.text)
    ETH_DMAClearFlag                         0x08006209   Thumb Code     6  stm32_eth.o(.text)
    ETH_GetDMAITStatus                       0x0800620f   Thumb Code    20  stm32_eth.o(.text)
    ETH_DMAClearITPendingBit                 0x08006223   Thumb Code     6  stm32_eth.o(.text)
    ETH_GetTransmitProcessState              0x08006229   Thumb Code    10  stm32_eth.o(.text)
    ETH_GetReceiveProcessState               0x08006233   Thumb Code    10  stm32_eth.o(.text)
    ETH_GetFlushTransmitFIFOStatus           0x0800623d   Thumb Code    20  stm32_eth.o(.text)
    ETH_DMAITConfig                          0x08006251   Thumb Code    26  stm32_eth.o(.text)
    ETH_GetDMAOverflowStatus                 0x0800626b   Thumb Code    20  stm32_eth.o(.text)
    ETH_GetRxOverflowMissedFrameCounter      0x0800627f   Thumb Code    10  stm32_eth.o(.text)
    ETH_GetBufferUnavailableMissedFrameCounter 0x08006289   Thumb Code     8  stm32_eth.o(.text)
    ETH_GetCurrentTxDescStartAddress         0x08006291   Thumb Code     6  stm32_eth.o(.text)
    ETH_GetCurrentRxDescStartAddress         0x08006297   Thumb Code     6  stm32_eth.o(.text)
    ETH_GetCurrentTxBufferAddress            0x0800629d   Thumb Code     6  stm32_eth.o(.text)
    ETH_GetCurrentRxBufferAddress            0x080062a3   Thumb Code     6  stm32_eth.o(.text)
    ETH_ResumeDMATransmission                0x080062a9   Thumb Code     8  stm32_eth.o(.text)
    ETH_ResumeDMAReception                   0x080062b1   Thumb Code     8  stm32_eth.o(.text)
    ETH_ResetWakeUpFrameFilterRegisterPointer 0x080062b9   Thumb Code    14  stm32_eth.o(.text)
    ETH_SetWakeUpFrameFilterRegister         0x080062c7   Thumb Code    24  stm32_eth.o(.text)
    ETH_GlobalUnicastWakeUpCmd               0x080062df   Thumb Code    30  stm32_eth.o(.text)
    ETH_GetPMTFlagStatus                     0x080062fd   Thumb Code    20  stm32_eth.o(.text)
    ETH_WakeUpFrameDetectionCmd              0x08006311   Thumb Code    30  stm32_eth.o(.text)
    ETH_MagicPacketDetectionCmd              0x0800632f   Thumb Code    30  stm32_eth.o(.text)
    ETH_PowerDownCmd                         0x0800634d   Thumb Code    30  stm32_eth.o(.text)
    ETH_MMCCounterFreezeCmd                  0x0800636b   Thumb Code    34  stm32_eth.o(.text)
    ETH_MMCResetOnReadCmd                    0x0800638d   Thumb Code    34  stm32_eth.o(.text)
    ETH_MMCCounterRolloverCmd                0x080063af   Thumb Code    50  stm32_eth.o(.text)
    ETH_MMCCountersReset                     0x080063e1   Thumb Code    16  stm32_eth.o(.text)
    ETH_MMCITConfig                          0x080063f1   Thumb Code    78  stm32_eth.o(.text)
    ETH_GetMMCITStatus                       0x0800643f   Thumb Code    58  stm32_eth.o(.text)
    ETH_GetMMCRegister                       0x08006479   Thumb Code     8  stm32_eth.o(.text)
    ETH_EnablePTPTimeStampAddend             0x08006481   Thumb Code    14  stm32_eth.o(.text)
    ETH_EnablePTPTimeStampInterruptTrigger   0x0800648f   Thumb Code    14  stm32_eth.o(.text)
    ETH_EnablePTPTimeStampUpdate             0x0800649d   Thumb Code    14  stm32_eth.o(.text)
    ETH_InitializePTPTimeStamp               0x080064ab   Thumb Code    14  stm32_eth.o(.text)
    ETH_PTPUpdateMethodConfig                0x080064b9   Thumb Code    30  stm32_eth.o(.text)
    ETH_PTPTimeStampCmd                      0x080064d7   Thumb Code    30  stm32_eth.o(.text)
    ETH_GetPTPFlagStatus                     0x080064f5   Thumb Code    20  stm32_eth.o(.text)
    ETH_SetPTPSubSecondIncrement             0x08006509   Thumb Code     8  stm32_eth.o(.text)
    ETH_SetPTPTimeStampUpdate                0x08006511   Thumb Code    20  stm32_eth.o(.text)
    ETH_SetPTPTimeStampAddend                0x08006525   Thumb Code     8  stm32_eth.o(.text)
    ETH_SetPTPTargetTime                     0x0800652d   Thumb Code    12  stm32_eth.o(.text)
    ETH_GetPTPRegister                       0x08006539   Thumb Code     8  stm32_eth.o(.text)
    ETH_DMAPTPTxDescChainInit                0x08006541   Thumb Code    98  stm32_eth.o(.text)
    ETH_DMAPTPRxDescChainInit                0x080065a3   Thumb Code   104  stm32_eth.o(.text)
    ETH_HandlePTPTxPkt                       0x0800660b   Thumb Code   302  stm32_eth.o(.text)
    ETH_HandlePTPRxPkt                       0x08006739   Thumb Code   302  stm32_eth.o(.text)
    icmp_input                               0x08006875   Thumb Code   380  icmp.o(.text)
    icmp_dest_unreach                        0x08006a79   Thumb Code    18  icmp.o(.text)
    inet_chksum_pseudo                       0x08006af3   Thumb Code   170  inet_chksum.o(.text)
    inet_chksum_pseudo_partial               0x08006b9d   Thumb Code   192  inet_chksum.o(.text)
    inet_chksum                              0x08006c5d   Thumb Code    20  inet_chksum.o(.text)
    inet_chksum_pbuf                         0x08006c71   Thumb Code    86  inet_chksum.o(.text)
    ip_route                                 0x08006cc9   Thumb Code    80  ip.o(.text)
    ip_input                                 0x08006d19   Thumb Code   428  ip.o(.text)
    ip_output_if                             0x08006ec5   Thumb Code   180  ip.o(.text)
    ip_output                                0x08006f79   Thumb Code    60  ip.o(.text)
    ip4_addr_isbroadcast                     0x08006fd1   Thumb Code    78  ip_addr.o(.text)
    ip4_addr_netmask_valid                   0x0800701f   Thumb Code    52  ip_addr.o(.text)
    ipaddr_aton                              0x08007053   Thumb Code   348  ip_addr.o(.text)
    ipaddr_addr                              0x080071af   Thumb Code    24  ip_addr.o(.text)
    ipaddr_ntoa_r                            0x080071c7   Thumb Code   168  ip_addr.o(.text)
    ipaddr_ntoa                              0x0800726f   Thumb Code    16  ip_addr.o(.text)
    lwip_htons                               0x08007285   Thumb Code    12  def.o(.text)
    lwip_ntohs                               0x08007291   Thumb Code    12  def.o(.text)
    lwip_htonl                               0x0800729d   Thumb Code    26  def.o(.text)
    lwip_ntohl                               0x080072b7   Thumb Code    12  def.o(.text)
    dns_setserver                            0x080072c5   Thumb Code    28  dns.o(.text)
    dns_init                                 0x080074c3   Thumb Code    82  dns.o(.text)
    dns_getserver                            0x08007515   Thumb Code    20  dns.o(.text)
    dns_tmr                                  0x08007745   Thumb Code    18  dns.o(.text)
    dns_gethostbyname                        0x0800789b   Thumb Code    86  dns.o(.text)
    lwip_init                                0x080078fd   Thumb Code    40  init.o(.text)
    mem_init                                 0x080079a1   Thumb Code    88  mem.o(.text)
    mem_free                                 0x080079f9   Thumb Code    90  mem.o(.text)
    mem_trim                                 0x08007a53   Thumb Code   270  mem.o(.text)
    mem_malloc                               0x08007b61   Thumb Code   258  mem.o(.text)
    mem_calloc                               0x08007c63   Thumb Code    34  mem.o(.text)
    memp_init                                0x08007c99   Thumb Code    82  memp.o(.text)
    memp_malloc                              0x08007ceb   Thumb Code    44  memp.o(.text)
    memp_free                                0x08007d17   Thumb Code    28  memp.o(.text)
    netif_init                               0x08007d45   Thumb Code     2  netif.o(.text)
    netif_set_gw                             0x08007d47   Thumb Code    16  netif.o(.text)
    netif_set_netmask                        0x08007d57   Thumb Code    16  netif.o(.text)
    netif_set_ipaddr                         0x08007d67   Thumb Code   124  netif.o(.text)
    netif_set_addr                           0x08007de3   Thumb Code    40  netif.o(.text)
    netif_add                                0x08007e0b   Thumb Code   128  netif.o(.text)
    netif_set_default                        0x08007e8b   Thumb Code    10  netif.o(.text)
    netif_set_down                           0x08007e95   Thumb Code    42  netif.o(.text)
    netif_remove                             0x08007ebf   Thumb Code    94  netif.o(.text)
    netif_find                               0x08007f1d   Thumb Code    72  netif.o(.text)
    netif_set_up                             0x08007f65   Thumb Code    54  netif.o(.text)
    netif_set_link_up                        0x08007f9b   Thumb Code    54  netif.o(.text)
    netif_set_link_down                      0x08007fd1   Thumb Code    24  netif.o(.text)
    pbuf_free                                0x08008059   Thumb Code   126  pbuf.o(.text)
    pbuf_alloc                               0x080080d7   Thumb Code   428  pbuf.o(.text)
    pbuf_realloc                             0x08008283   Thumb Code   120  pbuf.o(.text)
    pbuf_header                              0x080082fb   Thumb Code   134  pbuf.o(.text)
    pbuf_clen                                0x08008381   Thumb Code    18  pbuf.o(.text)
    pbuf_ref                                 0x08008393   Thumb Code    10  pbuf.o(.text)
    pbuf_cat                                 0x0800839d   Thumb Code    56  pbuf.o(.text)
    pbuf_chain                               0x080083d5   Thumb Code    40  pbuf.o(.text)
    pbuf_dechain                             0x080083fd   Thumb Code    66  pbuf.o(.text)
    pbuf_copy                                0x0800843f   Thumb Code   200  pbuf.o(.text)
    pbuf_copy_partial                        0x08008507   Thumb Code   146  pbuf.o(.text)
    pbuf_take                                0x08008599   Thumb Code   116  pbuf.o(.text)
    pbuf_coalesce                            0x0800860d   Thumb Code    60  pbuf.o(.text)
    pbuf_get_at                              0x08008649   Thumb Code    46  pbuf.o(.text)
    pbuf_memcmp                              0x08008677   Thumb Code    96  pbuf.o(.text)
    pbuf_memfind                             0x080086d7   Thumb Code    76  pbuf.o(.text)
    pbuf_strstr                              0x08008723   Thumb Code    60  pbuf.o(.text)
    raw_input                                0x08008761   Thumb Code   102  raw.o(.text)
    raw_bind                                 0x080087c7   Thumb Code    16  raw.o(.text)
    raw_connect                              0x080087d7   Thumb Code    16  raw.o(.text)
    raw_recv                                 0x080087e7   Thumb Code     6  raw.o(.text)
    raw_sendto                               0x080087ed   Thumb Code   172  raw.o(.text)
    raw_send                                 0x08008899   Thumb Code    18  raw.o(.text)
    raw_remove                               0x080088ab   Thumb Code    60  raw.o(.text)
    raw_new                                  0x080088e7   Thumb Code    46  raw.o(.text)
    tcp_init                                 0x08008921   Thumb Code     2  tcp.o(.text)
    tcp_seg_free                             0x08008923   Thumb Code    26  tcp.o(.text)
    tcp_segs_free                            0x0800893d   Thumb Code    24  tcp.o(.text)
    tcp_pcb_purge                            0x08008955   Thumb Code   106  tcp.o(.text)
    tcp_slowtmr                              0x080089bf   Thumb Code   864  tcp.o(.text)
    tcp_pcb_remove                           0x08008d1f   Thumb Code   182  tcp.o(.text)
    tcp_close                                0x08008f85   Thumb Code    28  tcp.o(.text)
    tcp_update_rcv_ann_wnd                   0x08008fa1   Thumb Code    78  tcp.o(.text)
    tcp_recved                               0x08008fef   Thumb Code    74  tcp.o(.text)
    tcp_recv_null                            0x08009039   Thumb Code    46  tcp.o(.text)
    tcp_process_refused_data                 0x08009067   Thumb Code   152  tcp.o(.text)
    tcp_fasttmr                              0x080090ff   Thumb Code   114  tcp.o(.text)
    tcp_tmr                                  0x08009171   Thumb Code    30  tcp.o(.text)
    tcp_shutdown                             0x0800918f   Thumb Code    98  tcp.o(.text)
    tcp_abandon                              0x080091f1   Thumb Code   182  tcp.o(.text)
    tcp_abort                                0x080092a7   Thumb Code    14  tcp.o(.text)
    tcp_bind                                 0x08009315   Thumb Code   146  tcp.o(.text)
    tcp_listen_with_backlog                  0x080093af   Thumb Code   198  tcp.o(.text)
    tcp_eff_send_mss                         0x08009475   Thumb Code    46  tcp.o(.text)
    tcp_next_iss                             0x080094a3   Thumb Code    20  tcp.o(.text)
    tcp_connect                              0x080094b7   Thumb Code   332  tcp.o(.text)
    tcp_setprio                              0x08009603   Thumb Code     4  tcp.o(.text)
    tcp_seg_copy                             0x08009607   Thumb Code    78  tcp.o(.text)
    tcp_alloc                                0x080096db   Thumb Code   202  tcp.o(.text)
    tcp_new                                  0x080097a5   Thumb Code    10  tcp.o(.text)
    tcp_arg                                  0x080097af   Thumb Code     4  tcp.o(.text)
    tcp_recv                                 0x080097b3   Thumb Code    10  tcp.o(.text)
    tcp_sent                                 0x080097bd   Thumb Code     8  tcp.o(.text)
    tcp_err                                  0x080097c5   Thumb Code    10  tcp.o(.text)
    tcp_accept                               0x080097cf   Thumb Code     4  tcp.o(.text)
    tcp_poll                                 0x080097d3   Thumb Code    14  tcp.o(.text)
    tcp_debug_state_str                      0x080097e1   Thumb Code    10  tcp.o(.text)
    tcp_input                                0x0800aaeb   Thumb Code  1164  tcp_in.o(.text)
    tcp_enqueue_flags                        0x0800b0d5   Thumb Code   288  tcp_out.o(.text)
    tcp_send_fin                             0x0800b1f5   Thumb Code    74  tcp_out.o(.text)
    tcp_write                                0x0800b337   Thumb Code   976  tcp_out.o(.text)
    tcp_send_empty_ack                       0x0800b707   Thumb Code    86  tcp_out.o(.text)
    tcp_output                               0x0800b82d   Thumb Code   444  tcp_out.o(.text)
    tcp_rst                                  0x0800b9e9   Thumb Code   132  tcp_out.o(.text)
    tcp_rexmit_rto                           0x0800ba6d   Thumb Code    58  tcp_out.o(.text)
    tcp_rexmit                               0x0800baa7   Thumb Code    90  tcp_out.o(.text)
    tcp_rexmit_fast                          0x0800bb01   Thumb Code   120  tcp_out.o(.text)
    tcp_keepalive                            0x0800bb79   Thumb Code    92  tcp_out.o(.text)
    tcp_zero_window_probe                    0x0800bbd5   Thumb Code   180  tcp_out.o(.text)
    sys_timeout                              0x0800bc89   Thumb Code   152  timers.o(.text)
    tcp_timer_needed                         0x0800bd49   Thumb Code    38  timers.o(.text)
    sys_timeouts_init                        0x0800bda3   Thumb Code    28  timers.o(.text)
    sys_untimeout                            0x0800bdbf   Thumb Code    90  timers.o(.text)
    sys_timeouts_mbox_fetch                  0x0800be19   Thumb Code   132  timers.o(.text)
    udp_init                                 0x0800beb9   Thumb Code     2  udp.o(.text)
    udp_input                                0x0800bf0b   Thumb Code   412  udp.o(.text)
    udp_bind                                 0x0800c0a7   Thumb Code   146  udp.o(.text)
    udp_sendto_if                            0x0800c139   Thumb Code   240  udp.o(.text)
    udp_sendto                               0x0800c229   Thumb Code    54  udp.o(.text)
    udp_send                                 0x0800c25f   Thumb Code    20  udp.o(.text)
    udp_connect                              0x0800c273   Thumb Code   114  udp.o(.text)
    udp_disconnect                           0x0800c2e5   Thumb Code    16  udp.o(.text)
    udp_recv                                 0x0800c2f5   Thumb Code     6  udp.o(.text)
    udp_remove                               0x0800c2fb   Thumb Code    60  udp.o(.text)
    udp_new                                  0x0800c337   Thumb Code    28  udp.o(.text)
    netconn_new_with_proto_and_callback      0x0800c359   Thumb Code   114  api_lib.o(.text)
    netconn_delete                           0x0800c3cb   Thumb Code    36  api_lib.o(.text)
    netconn_getaddr                          0x0800c3ef   Thumb Code    96  api_lib.o(.text)
    netconn_bind                             0x0800c44f   Thumb Code    64  api_lib.o(.text)
    netconn_connect                          0x0800c48f   Thumb Code    64  api_lib.o(.text)
    netconn_disconnect                       0x0800c4cf   Thumb Code    54  api_lib.o(.text)
    netconn_listen_with_backlog              0x0800c505   Thumb Code    56  api_lib.o(.text)
    netconn_accept                           0x0800c53d   Thumb Code   158  api_lib.o(.text)
    netconn_recv_tcp_pbuf                    0x0800c6d3   Thumb Code    34  api_lib.o(.text)
    netconn_recv                             0x0800c6f5   Thumb Code   188  api_lib.o(.text)
    netconn_recved                           0x0800c7b1   Thumb Code    46  api_lib.o(.text)
    netconn_send                             0x0800c7df   Thumb Code    62  api_lib.o(.text)
    netconn_sendto                           0x0800c81d   Thumb Code    44  api_lib.o(.text)
    netconn_write_partly                     0x0800c849   Thumb Code   154  api_lib.o(.text)
    netconn_close                            0x0800c91f   Thumb Code    14  api_lib.o(.text)
    netconn_shutdown                         0x0800c92d   Thumb Code    36  api_lib.o(.text)
    netconn_gethostbyname                    0x0800c951   Thumb Code    98  api_lib.o(.text)
    netconn_free                             0x0800cf83   Thumb Code    58  api_msg.o(.text)
    netconn_alloc                            0x0800cfbd   Thumb Code   154  api_msg.o(.text)
    do_newconn                               0x0800d19b   Thumb Code    32  api_msg.o(.text)
    do_delconn                               0x0800d261   Thumb Code   222  api_msg.o(.text)
    do_bind                                  0x0800d33f   Thumb Code   116  api_msg.o(.text)
    do_connect                               0x0800d437   Thumb Code   208  api_msg.o(.text)
    do_disconnect                            0x0800d507   Thumb Code    46  api_msg.o(.text)
    do_listen                                0x0800d535   Thumb Code   200  api_msg.o(.text)
    do_send                                  0x0800d5fd   Thumb Code   166  api_msg.o(.text)
    do_recv                                  0x0800d6a3   Thumb Code    72  api_msg.o(.text)
    do_write                                 0x0800d6eb   Thumb Code   106  api_msg.o(.text)
    do_getaddr                               0x0800d755   Thumb Code   178  api_msg.o(.text)
    do_close                                 0x0800d807   Thumb Code   126  api_msg.o(.text)
    do_gethostbyname                         0x0800d8bd   Thumb Code    40  api_msg.o(.text)
    netbuf_new                               0x0800d8e9   Thumb Code    30  netbuf.o(.text)
    netbuf_delete                            0x0800d907   Thumb Code    32  netbuf.o(.text)
    netbuf_alloc                             0x0800d927   Thumb Code    60  netbuf.o(.text)
    netbuf_free                              0x0800d963   Thumb Code    32  netbuf.o(.text)
    netbuf_ref                               0x0800d983   Thumb Code    74  netbuf.o(.text)
    netbuf_chain                             0x0800d9cd   Thumb Code    46  netbuf.o(.text)
    netbuf_data                              0x0800d9fb   Thumb Code    64  netbuf.o(.text)
    netbuf_next                              0x0800da3b   Thumb Code    46  netbuf.o(.text)
    netbuf_first                             0x0800da69   Thumb Code    16  netbuf.o(.text)
    lwip_gethostbyname                       0x0800da79   Thumb Code    70  netdb.o(.text)
    lwip_gethostbyname_r                     0x0800dabf   Thumb Code   196  netdb.o(.text)
    lwip_freeaddrinfo                        0x0800db83   Thumb Code    24  netdb.o(.text)
    lwip_getaddrinfo                         0x0800db9b   Thumb Code   252  netdb.o(.text)
    lwip_socket_init                         0x0800dcb1   Thumb Code     2  sockets.o(.text)
    lwip_accept                              0x0800ddbf   Thumb Code   386  sockets.o(.text)
    lwip_bind                                0x0800df41   Thumb Code   162  sockets.o(.text)
    lwip_close                               0x0800dfe3   Thumb Code    68  sockets.o(.text)
    lwip_connect                             0x0800e027   Thumb Code   190  sockets.o(.text)
    lwip_listen                              0x0800e0e5   Thumb Code   136  sockets.o(.text)
    lwip_recvfrom                            0x0800e16d   Thumb Code   602  sockets.o(.text)
    lwip_read                                0x0800e3c7   Thumb Code    28  sockets.o(.text)
    lwip_recv                                0x0800e3e3   Thumb Code    34  sockets.o(.text)
    lwip_sendto                              0x0800e405   Thumb Code   226  sockets.o(.text)
    lwip_send                                0x0800e4e7   Thumb Code   162  sockets.o(.text)
    lwip_socket                              0x0800e6bd   Thumb Code   166  sockets.o(.text)
    lwip_write                               0x0800e763   Thumb Code    22  sockets.o(.text)
    lwip_select                              0x0800e8c9   Thumb Code   658  sockets.o(.text)
    lwip_shutdown                            0x0800eb5b   Thumb Code   156  sockets.o(.text)
    lwip_getpeername                         0x0800ec79   Thumb Code    22  sockets.o(.text)
    lwip_getsockname                         0x0800ec8f   Thumb Code    22  sockets.o(.text)
    lwip_getsockopt                          0x0800ee3b   Thumb Code   364  sockets.o(.text)
    lwip_setsockopt                          0x0800f0ed   Thumb Code   318  sockets.o(.text)
    lwip_ioctl                               0x0800f22b   Thumb Code   116  sockets.o(.text)
    lwip_fcntl                               0x0800f29f   Thumb Code   126  sockets.o(.text)
    tcpip_input                              0x0800f3ff   Thumb Code    72  tcpip.o(.text)
    tcpip_callback_with_block                0x0800f447   Thumb Code    90  tcpip.o(.text)
    tcpip_timeout                            0x0800f4a1   Thumb Code    64  tcpip.o(.text)
    tcpip_untimeout                          0x0800f4e1   Thumb Code    56  tcpip.o(.text)
    tcpip_apimsg                             0x0800f519   Thumb Code    60  tcpip.o(.text)
    tcpip_callbackmsg_new                    0x0800f555   Thumb Code    32  tcpip.o(.text)
    tcpip_callbackmsg_delete                 0x0800f575   Thumb Code    14  tcpip.o(.text)
    tcpip_trycallback                        0x0800f583   Thumb Code    28  tcpip.o(.text)
    tcpip_init                               0x0800f59f   Thumb Code    52  tcpip.o(.text)
    pbuf_free_callback                       0x0800f5e1   Thumb Code    16  tcpip.o(.text)
    mem_free_callback                        0x0800f5f1   Thumb Code    16  tcpip.o(.text)
    etharp_tmr                               0x0800f6c3   Thumb Code   146  etharp.o(.text)
    etharp_cleanup_netif                     0x0800f9db   Thumb Code    52  etharp.o(.text)
    etharp_find_addr                         0x0800fa0f   Thumb Code    92  etharp.o(.text)
    etharp_request                           0x0800fc4f   Thumb Code    40  etharp.o(.text)
    etharp_query                             0x0800fcdf   Thumb Code   420  etharp.o(.text)
    etharp_output                            0x0800fe83   Thumb Code   318  etharp.o(.text)
    ethernet_input                           0x0800ffc1   Thumb Code   200  etharp.o(.text)
    ETH_RxPkt_ChainMode                      0x08010089   Thumb Code   148  ethernetif.o(.text)
    ETH_TxPkt_ChainMode                      0x0801028f   Thumb Code    94  ethernetif.o(.text)
    ETH_GetCurrentTxBuffer                   0x080102ed   Thumb Code     8  ethernetif.o(.text)
    ethernetif_init                          0x08010385   Thumb Code    50  ethernetif.o(.text)
    sys_init                                 0x080103f9   Thumb Code    26  sys_arch.o(.text)
    sys_sem_new                              0x08010413   Thumb Code    72  sys_arch.o(.text)
    sys_sem_free                             0x0801045b   Thumb Code    18  sys_arch.o(.text)
    sys_sem_signal                           0x0801046d   Thumb Code    20  sys_arch.o(.text)
    sys_arch_sem_wait                        0x08010481   Thumb Code   110  sys_arch.o(.text)
    sys_sem_valid                            0x080104ef   Thumb Code     6  sys_arch.o(.text)
    sys_sem_set_invalid                      0x080104f5   Thumb Code     6  sys_arch.o(.text)
    sys_mbox_new                             0x080104fb   Thumb Code    30  sys_arch.o(.text)
    sys_mbox_free                            0x08010519   Thumb Code    18  sys_arch.o(.text)
    sys_mbox_post                            0x0801052b   Thumb Code    28  sys_arch.o(.text)
    sys_mbox_trypost                         0x08010547   Thumb Code    30  sys_arch.o(.text)
    sys_arch_mbox_fetch                      0x08010565   Thumb Code   126  sys_arch.o(.text)
    sys_arch_mbox_tryfetch                   0x080105e3   Thumb Code    42  sys_arch.o(.text)
    sys_mbox_valid                           0x0801060d   Thumb Code     6  sys_arch.o(.text)
    sys_mbox_set_invalid                     0x08010613   Thumb Code     6  sys_arch.o(.text)
    sys_thread_new                           0x08010619   Thumb Code    74  sys_arch.o(.text)
    sys_arch_protect                         0x08010663   Thumb Code    10  sys_arch.o(.text)
    sys_arch_unprotect                       0x0801066d   Thumb Code    10  sys_arch.o(.text)
    topic_received                           0x08010681   Thumb Code    74  mqtttask.o(.text)
    mqtt_reportCb                            0x080106cb   Thumb Code   254  mqtttask.o(.text)
    mqtt_task                                0x080107e9   Thumb Code   322  mqtttask.o(.text)
    mqttTaskCreate                           0x0801092b   Thumb Code    40  mqtttask.o(.text)
    mqtt_ReportDataCb                        0x08010953   Thumb Code   226  mqtttask.o(.text)
    mqtt_IRDataCb                            0x08010a35   Thumb Code   710  mqtttask.o(.text)
    mqtt_SensorDataCb                        0x08010cfb   Thumb Code   196  mqtttask.o(.text)
    mqtt_GwSensorDataCb                      0x08010dbf   Thumb Code   220  mqtttask.o(.text)
    Write_Flash                              0x08010f6d   Thumb Code   100  configapp.o(.text)
    Read_Flash                               0x08010fd1   Thumb Code    28  configapp.o(.text)
    config_gpio                              0x08010fed   Thumb Code   102  configapp.o(.text)
    config_mqtt                              0x08011053   Thumb Code    84  configapp.o(.text)
    config_IPAddress                         0x080110a7   Thumb Code    66  configapp.o(.text)
    config_Show                              0x080110e9   Thumb Code   122  configapp.o(.text)
    config_command                           0x08011163   Thumb Code   314  configapp.o(.text)
    config_task                              0x0801129d   Thumb Code   110  configapp.o(.text)
    config_Recover                           0x0801130b   Thumb Code   446  configapp.o(.text)
    config_getVersion                        0x080114c9   Thumb Code     4  configapp.o(.text)
    config_getMac                            0x080114cd   Thumb Code    12  configapp.o(.text)
    config_getLocalHostIP                    0x080114d9   Thumb Code     8  configapp.o(.text)
    config_getMqttServerIP                   0x080114e1   Thumb Code     8  configapp.o(.text)
    config_getMqttServerPort                 0x080114e9   Thumb Code     6  configapp.o(.text)
    configTaskCreate                         0x080114ef   Thumb Code    28  configapp.o(.text)
    collectData_task                         0x08011519   Thumb Code   156  collectdata.o(.text)
    collectTaskCreate                        0x080115b5   Thumb Code    26  collectdata.o(.text)
    lgm_Addlogger                            0x080115f1   Thumb Code   198  loggermanage.o(.text)
    lgm_ShowAll                              0x080116b7   Thumb Code   154  loggermanage.o(.text)
    loggerTimerCallback                      0x08011751   Thumb Code    92  loggermanage.o(.text)
    initLoggerMng                            0x080117ad   Thumb Code    64  loggermanage.o(.text)
    NewMessageData                           0x08011869   Thumb Code     6  mqttclient.o(.text)
    getNextPacketId                          0x0801186f   Thumb Code    24  mqttclient.o(.text)
    sendPacket                               0x08011887   Thumb Code    96  mqttclient.o(.text)
    decodePacket                             0x080118e7   Thumb Code   104  mqttclient.o(.text)
    readPacket                               0x0801194f   Thumb Code   144  mqttclient.o(.text)
    isTopicMatched                           0x080119df   Thumb Code   118  mqttclient.o(.text)
    deliverMessage                           0x08011a55   Thumb Code   140  mqttclient.o(.text)
    keepalive                                0x08011ae1   Thumb Code   108  mqttclient.o(.text)
    cycle                                    0x08011b4d   Thumb Code   318  mqttclient.o(.text)
    NewMQTTClient                            0x08011c8b   Thumb Code    82  mqttclient.o(.text)
    MQTTYield                                0x08011cdd   Thumb Code    58  mqttclient.o(.text)
    waitfor                                  0x08011d17   Thumb Code    48  mqttclient.o(.text)
    MQTTConnect                              0x08011d47   Thumb Code   162  mqttclient.o(.text)
    MQTTSubscribe                            0x08011de9   Thumb Code   220  mqttclient.o(.text)
    MQTTUnsubscribe                          0x08011ec5   Thumb Code   144  mqttclient.o(.text)
    MQTTPublish                              0x08011f55   Thumb Code   262  mqttclient.o(.text)
    MQTTDisconnect                           0x0801205b   Thumb Code    56  mqttclient.o(.text)
    MQTTSerialize_connectLength              0x08012099   Thumb Code   118  mqttconnectclient.o(.text)
    MQTTSerialize_connect                    0x0801210f   Thumb Code   342  mqttconnectclient.o(.text)
    MQTTDeserialize_connack                  0x08012265   Thumb Code   118  mqttconnectclient.o(.text)
    MQTTSerialize_zero                       0x080122db   Thumb Code    76  mqttconnectclient.o(.text)
    MQTTSerialize_disconnect                 0x08012327   Thumb Code    18  mqttconnectclient.o(.text)
    MQTTSerialize_pingreq                    0x08012339   Thumb Code    18  mqttconnectclient.o(.text)
    MQTTDeserialize_publish                  0x0801235d   Thumb Code   168  mqttdeserializepublish.o(.text)
    MQTTDeserialize_ack                      0x08012405   Thumb Code   108  mqttdeserializepublish.o(.text)
    expired                                  0x08012471   Thumb Code    18  mqttfreertosimpl.o(.text)
    countdown_ms                             0x08012483   Thumb Code    18  mqttfreertosimpl.o(.text)
    countdown                                0x08012495   Thumb Code    16  mqttfreertosimpl.o(.text)
    left_ms                                  0x080124a5   Thumb Code    26  mqttfreertosimpl.o(.text)
    InitTimer                                0x080124bf   Thumb Code     6  mqttfreertosimpl.o(.text)
    delay                                    0x080124c5   Thumb Code    12  mqttfreertosimpl.o(.text)
    FreeRTOS_MQTT_read                       0x080124d1   Thumb Code   110  mqttfreertosimpl.o(.text)
    FreeRTOS_MQTT_write                      0x0801253f   Thumb Code   104  mqttfreertosimpl.o(.text)
    NewNetwork                               0x080125a7   Thumb Code    20  mqttfreertosimpl.o(.text)
    host2addr                                0x080125bb   Thumb Code    76  mqttfreertosimpl.o(.text)
    ConnectNetwork                           0x08012607   Thumb Code   100  mqttfreertosimpl.o(.text)
    DisconnectNetwork                        0x0801266b   Thumb Code    20  mqttfreertosimpl.o(.text)
    MQTTPacket_encode                        0x08012681   Thumb Code    54  mqttpacket.o(.text)
    MQTTPacket_decode                        0x080126b7   Thumb Code    86  mqttpacket.o(.text)
    MQTTPacket_len                           0x0801270d   Thumb Code    34  mqttpacket.o(.text)
    bufchar                                  0x0801272f   Thumb Code    36  mqttpacket.o(.text)
    MQTTPacket_decodeBuf                     0x08012753   Thumb Code    22  mqttpacket.o(.text)
    readInt                                  0x08012769   Thumb Code    26  mqttpacket.o(.text)
    readChar                                 0x08012783   Thumb Code    14  mqttpacket.o(.text)
    writeChar                                0x08012791   Thumb Code    12  mqttpacket.o(.text)
    writeInt                                 0x0801279d   Thumb Code    48  mqttpacket.o(.text)
    writeCString                             0x080127cd   Thumb Code    40  mqttpacket.o(.text)
    getLenStringLen                          0x080127f5   Thumb Code    18  mqttpacket.o(.text)
    writeMQTTString                          0x08012807   Thumb Code    62  mqttpacket.o(.text)
    readMQTTLenString                        0x08012845   Thumb Code    58  mqttpacket.o(.text)
    MQTTstrlen                               0x0801287f   Thumb Code    24  mqttpacket.o(.text)
    MQTTPacket_equals                        0x08012897   Thumb Code    66  mqttpacket.o(.text)
    MQTTPacket_read                          0x080128d9   Thumb Code    98  mqttpacket.o(.text)
    MQTTPacket_readnb                        0x0801299f   Thumb Code   200  mqttpacket.o(.text)
    MQTTSerialize_publishLength              0x08012a71   Thumb Code    34  mqttserializepublish.o(.text)
    MQTTSerialize_publish                    0x08012a93   Thumb Code   176  mqttserializepublish.o(.text)
    MQTTSerialize_ack                        0x08012b43   Thumb Code   114  mqttserializepublish.o(.text)
    MQTTSerialize_puback                     0x08012bb5   Thumb Code    24  mqttserializepublish.o(.text)
    MQTTSerialize_pubrel                     0x08012bcd   Thumb Code    26  mqttserializepublish.o(.text)
    MQTTSerialize_pubcomp                    0x08012be7   Thumb Code    24  mqttserializepublish.o(.text)
    MQTTSerialize_subscribeLength            0x08012bff   Thumb Code    46  mqttsubscribeclient.o(.text)
    MQTTSerialize_subscribe                  0x08012c2d   Thumb Code   176  mqttsubscribeclient.o(.text)
    MQTTDeserialize_suback                   0x08012cdd   Thumb Code   146  mqttsubscribeclient.o(.text)
    MQTTSerialize_unsubscribeLength          0x08012d6f   Thumb Code    46  mqttunsubscribeclient.o(.text)
    MQTTSerialize_unsubscribe                0x08012d9d   Thumb Code   166  mqttunsubscribeclient.o(.text)
    MQTTDeserialize_unsuback                 0x08012e43   Thumb Code    46  mqttunsubscribeclient.o(.text)
    I2C_SCL_H                                0x08012e71   Thumb Code    22  i2c_slave.o(.text)
    I2C_SCL_L                                0x08012e87   Thumb Code    22  i2c_slave.o(.text)
    I2C_SDA_H                                0x08012e9d   Thumb Code    38  i2c_slave.o(.text)
    I2C_SDA_L                                0x08012ec3   Thumb Code    38  i2c_slave.o(.text)
    i2c_slave_p                              0x08012ee9   Thumb Code   340  i2c_slave.o(.text)
    i2c_slave_scl_h                          0x0801303d   Thumb Code   156  i2c_slave.o(.text)
    i2c_slave_scl_l                          0x080130d9   Thumb Code     8  i2c_slave.o(.text)
    i2c_slave_sda_h                          0x080130e1   Thumb Code    76  i2c_slave.o(.text)
    i2c_slave_sda_l                          0x0801312d   Thumb Code    40  i2c_slave.o(.text)
    i2c_init_buf                             0x08013155   Thumb Code    12  i2c_slave.o(.text)
    i2c_get_buf                              0x08013161   Thumb Code    30  i2c_slave.o(.text)
    i2c_getNext_buf                          0x0801317f   Thumb Code    54  i2c_slave.o(.text)
    Exit_Config                              0x080131d9   Thumb Code   142  i2c_slave_port.o(.text)
    i2c_slave_sda_int_en                     0x08013267   Thumb Code    42  i2c_slave_port.o(.text)
    i2c_slave_scl_int_en                     0x08013291   Thumb Code    42  i2c_slave_port.o(.text)
    i2c_slave_port_init                      0x080132bb   Thumb Code    48  i2c_slave_port.o(.text)
    slave_i2c_init                           0x080132eb   Thumb Code    12  i2c_slave_port.o(.text)
    i2c_slave_scl_int_dis                    0x080132f7   Thumb Code    34  i2c_slave_port.o(.text)
    i2c_slave_sda_int_dis                    0x08013319   Thumb Code    34  i2c_slave_port.o(.text)
    i2c_slave_write_byte                     0x0801333b   Thumb Code    10  i2c_slave_port.o(.text)
    i2c_slave_read_byte                      0x08013345   Thumb Code    12  i2c_slave_port.o(.text)
    EXTI9_5_IRQHandler                       0x08013351   Thumb Code    86  i2c_slave_port.o(.text)
    udelay                                   0x080133b1   Thumb Code    12  i2c_master.o(.text)
    set_gpio_direction                       0x080133bd   Thumb Code    30  i2c_master.o(.text)
    get_gpio_value                           0x080133db   Thumb Code    14  i2c_master.o(.text)
    simI2c_master_init                       0x080133e9   Thumb Code    28  i2c_master.o(.text)
    simI2c_start                             0x08013405   Thumb Code    80  i2c_master.o(.text)
    simI2c_stop                              0x08013455   Thumb Code    44  i2c_master.o(.text)
    simI2c_read_ack                          0x08013481   Thumb Code    54  i2c_master.o(.text)
    simI2c_send_ack                          0x080134b7   Thumb Code    48  i2c_master.o(.text)
    simI2c_write_byte                        0x080134e7   Thumb Code   130  i2c_master.o(.text)
    simI2c_read_byte                         0x08013569   Thumb Code    78  i2c_master.o(.text)
    simI2c_read                              0x080135b7   Thumb Code    54  i2c_master.o(.text)
    simI2c_write                             0x080135ed   Thumb Code    54  i2c_master.o(.text)
    __aeabi_memcpy                           0x08013631   Thumb Code    36  memcpya.o(.text)
    __aeabi_memcpy4                          0x08013631   Thumb Code     0  memcpya.o(.text)
    __aeabi_memcpy8                          0x08013631   Thumb Code     0  memcpya.o(.text)
    __aeabi_memset                           0x08013655   Thumb Code    14  memseta.o(.text)
    __aeabi_memset4                          0x08013655   Thumb Code     0  memseta.o(.text)
    __aeabi_memset8                          0x08013655   Thumb Code     0  memseta.o(.text)
    __aeabi_memclr                           0x08013663   Thumb Code     4  memseta.o(.text)
    __aeabi_memclr4                          0x08013663   Thumb Code     0  memseta.o(.text)
    __aeabi_memclr8                          0x08013663   Thumb Code     0  memseta.o(.text)
    _memset$wrapper                          0x08013667   Thumb Code    18  memseta.o(.text)
    strlen                                   0x08013679   Thumb Code    14  strlen.o(.text)
    strcmp                                   0x08013687   Thumb Code    28  strcmp.o(.text)
    memcmp                                   0x080136a3   Thumb Code    26  memcmp.o(.text)
    strcpy                                   0x080136bd   Thumb Code    18  strcpy.o(.text)
    strncmp                                  0x080136cf   Thumb Code    30  strncmp.o(.text)
    strrchr                                  0x080136ed   Thumb Code    32  strrchr.o(.text)
    strtol                                   0x0801370d   Thumb Code   112  strtol.o(.text)
    atoi                                     0x0801377d   Thumb Code    26  atoi.o(.text)
    __aeabi_fdiv                             0x08013797   Thumb Code   128  fdiv.o(.text)
    __aeabi_ui2f                             0x08013817   Thumb Code    10  ffltui.o(.text)
    __aeabi_f2d                              0x08013821   Thumb Code    38  f2d.o(.text)
    __aeabi_uidiv                            0x08013847   Thumb Code     0  uidiv.o(.text)
    __aeabi_uidivmod                         0x08013847   Thumb Code    44  uidiv.o(.text)
    __aeabi_uldivmod                         0x08013873   Thumb Code    98  uldiv.o(.text)
    __rt_ctype_table                         0x080138d5   Thumb Code     4  ctype_o.o(.text)
    _strtoul                                 0x080138dd   Thumb Code   158  _strtoul.o(.text)
    __I$use$fp                               0x0801397b   Thumb Code     0  iusefp.o(.text)
    _float_round                             0x0801397b   Thumb Code    18  fepilogue.o(.text)
    _float_epilogue                          0x0801398d   Thumb Code    90  fepilogue.o(.text)
    __aeabi_dadd                             0x080139e7   Thumb Code   322  dadd.o(.text)
    __aeabi_dsub                             0x08013b29   Thumb Code     6  dadd.o(.text)
    __aeabi_drsub                            0x08013b2f   Thumb Code     6  dadd.o(.text)
    __aeabi_dmul                             0x08013b35   Thumb Code   228  dmul.o(.text)
    __aeabi_ddiv                             0x08013c19   Thumb Code   222  ddiv.o(.text)
    __aeabi_d2ulz                            0x08013cf7   Thumb Code    48  dfixul.o(.text)
    __aeabi_cdrcmple                         0x08013d29   Thumb Code    38  cdrcmple.o(.text)
    __scatterload                            0x08013d51   Thumb Code    28  init.o(.text)
    __scatterload_rt2                        0x08013d51   Thumb Code     0  init.o(.text)
    __aeabi_llsl                             0x08013d75   Thumb Code    30  llshl.o(.text)
    _ll_shift_l                              0x08013d75   Thumb Code     0  llshl.o(.text)
    __aeabi_llsr                             0x08013d93   Thumb Code    32  llushr.o(.text)
    _ll_ushift_r                             0x08013d93   Thumb Code     0  llushr.o(.text)
    __aeabi_lasr                             0x08013db3   Thumb Code    36  llsshr.o(.text)
    _ll_sshift_r                             0x08013db3   Thumb Code     0  llsshr.o(.text)
    _chval                                   0x08013dd7   Thumb Code    28  _chval.o(.text)
    _double_round                            0x08013df3   Thumb Code    26  depilogue.o(.text)
    _double_epilogue                         0x08013e0d   Thumb Code   164  depilogue.o(.text)
    __decompress                             0x08013eb1   Thumb Code     0  __dczerorl2.o(.text)
    __decompress1                            0x08013eb1   Thumb Code    92  __dczerorl2.o(.text)
    __0printf                                0x08013f0d   Thumb Code    22  printfa.o(i.__0printf)
    __1printf                                0x08013f0d   Thumb Code     0  printfa.o(i.__0printf)
    __2printf                                0x08013f0d   Thumb Code     0  printfa.o(i.__0printf)
    __c89printf                              0x08013f0d   Thumb Code     0  printfa.o(i.__0printf)
    printf                                   0x08013f0d   Thumb Code     0  printfa.o(i.__0printf)
    __0sprintf                               0x08013f2d   Thumb Code    34  printfa.o(i.__0sprintf)
    __1sprintf                               0x08013f2d   Thumb Code     0  printfa.o(i.__0sprintf)
    __2sprintf                               0x08013f2d   Thumb Code     0  printfa.o(i.__0sprintf)
    __c89sprintf                             0x08013f2d   Thumb Code     0  printfa.o(i.__0sprintf)
    sprintf                                  0x08013f2d   Thumb Code     0  printfa.o(i.__0sprintf)
    __aeabi_errno_addr                       0x08013f55   Thumb Code     4  errno.o(i.__aeabi_errno_addr)
    __rt_errno_addr                          0x08013f55   Thumb Code     0  errno.o(i.__aeabi_errno_addr)
    __scatterload_copy                       0x08013f5d   Thumb Code    14  handlers.o(i.__scatterload_copy)
    __scatterload_null                       0x08013f6b   Thumb Code     2  handlers.o(i.__scatterload_null)
    __scatterload_zeroinit                   0x08013f6d   Thumb Code    14  handlers.o(i.__scatterload_zeroinit)
    ip_addr_any                              0x08014828   Data           4  ip_addr.o(.constdata)
    ip_addr_broadcast                        0x0801482c   Data           4  ip_addr.o(.constdata)
    tcp_state_str                            0x08014868   Data          44  tcp.o(.constdata)
    tcp_backoff                              0x08014894   Data          13  tcp.o(.constdata)
    tcp_persist_backoff                      0x080148a1   Data           7  tcp.o(.constdata)
    tcp_pcb_lists                            0x080148a8   Data          16  tcp.o(.constdata)
    ethbroadcast                             0x080148f8   Data           6  etharp.o(.constdata)
    ethzero                                  0x080148fe   Data           6  etharp.o(.constdata)
    __ctype_table                            0x080149b4   Data         129  ctype_o.o(.constdata)
    Region$$Table$$Base                      0x08014aa4   Number         0  anon$$obj.o(Region$$Table)
    Region$$Table$$Limit                     0x08014ac4   Number         0  anon$$obj.o(Region$$Table)
    usMaxJitter                              0x20000004   Data           2  timertest.o(.data)
    ulRunTimeStatsClock                      0x20000008   Data           4  timertest.o(.data)
    SystemCoreClock                          0x2000002c   Data           4  system_stm32f10x.o(.data)
    AHBPrescTable                            0x20000030   Data          16  system_stm32f10x.o(.data)
    pxCurrentTCB                             0x20000040   Data           4  tasks.o(.data)
    DMATxDescToSet                           0x200000b4   Data           4  stm32_eth.o(.data)
    DMARxDescToGet                           0x200000b8   Data           4  stm32_eth.o(.data)
    DMAPTPTxDescToSet                        0x200000bc   Data           4  stm32_eth.o(.data)
    DMAPTPRxDescToGet                        0x200000c0   Data           4  stm32_eth.o(.data)
    current_netif                            0x200000c4   Data           4  ip.o(.data)
    current_header                           0x200000c8   Data           4  ip.o(.data)
    current_iphdr_src                        0x200000cc   Data           4  ip.o(.data)
    current_iphdr_dest                       0x200000d0   Data           4  ip.o(.data)
    netif_list                               0x200000fc   Data           4  netif.o(.data)
    netif_default                            0x20000100   Data           4  netif.o(.data)
    pbuf_free_ooseq_pending                  0x20000105   Data           1  pbuf.o(.data)
    tcp_ticks                                0x20000114   Data           4  tcp.o(.data)
    tcp_bound_pcbs                           0x20000118   Data           4  tcp.o(.data)
    tcp_listen_pcbs                          0x2000011c   Data           4  tcp.o(.data)
    tcp_active_pcbs                          0x20000120   Data           4  tcp.o(.data)
    tcp_tw_pcbs                              0x20000124   Data           4  tcp.o(.data)
    tcp_tmp_pcb                              0x20000128   Data           4  tcp.o(.data)
    tcp_active_pcbs_changed                  0x2000012c   Data           1  tcp.o(.data)
    tcp_input_pcb                            0x2000014c   Data           4  tcp_in.o(.data)
    udp_pcbs                                 0x2000015c   Data           4  udp.o(.data)
    h_errno                                  0x20000170   Data           4  netdb.o(.data)
    s_xSemaphore                             0x20000190   Data           4  ethernetif.o(.data)
    g_timer                                  0x2000019c   Data           4  mqtttask.o(.data)
    g_reportPacketStat                       0x200001a0   Data           2  mqtttask.o(.data)
    g_mqttConnect                            0x200001a2   Data           1  mqtttask.o(.data)
    publish_queue                            0x200001a4   Data           4  mqtttask.o(.data)
    reportTimerHandle                        0x200001a8   Data           4  mqtttask.o(.data)
    loggerMngTimerCount                      0x200001ac   Data           4  loggermanage.o(.data)
    loggerMngTimerHandle                     0x200001b0   Data           4  loggermanage.o(.data)
    i2c_slave_mode                           0x200001b8   Data           1  i2c_slave.o(.data)
    I2C_DATA_TEMP                            0x200001b9   Data           1  i2c_slave.o(.data)
    i2c_slave_reg_p                          0x200001ba   Data           1  i2c_slave.o(.data)
    i2c_slave_data_p                         0x200001bb   Data           1  i2c_slave.o(.data)
    g_I2cBufreadIndex                        0x200001bc   Data           1  i2c_slave.o(.data)
    g_I2cBufwriteIndex                       0x200001bd   Data           1  i2c_slave.o(.data)
    __stdout                                 0x200001e0   Data           4  stdout.o(.data)
    xnetif                                   0x200001e8   Data          48  netconf.o(.bss)
    ram_heap                                 0x2000817b   Data        4116  mem.o(.bss)
    DMARxDscrTab                             0x2000bba4   Data          64  ethernetif.o(.bss)
    DMATxDscrTab                             0x2000bbe4   Data          32  ethernetif.o(.bss)
    Rx_Buff                                  0x2000bc04   Data        6080  ethernetif.o(.bss)
    Tx_Buff                                  0x2000d3c4   Data        3040  ethernetif.o(.bss)
    words                                    0x2000e130   Data          32  configapp.o(.bss)
    g_logger                                 0x2000e150   Data         192  loggermanage.o(.bss)
    g_I2cBufRing                             0x2000e210   Data         528  i2c_slave.o(.bss)
    g_I2cBuf                                 0x2000e420   Data          33  i2c_slave.o(.bss)
    __initial_sp                             0x2000e848   Data           0  stm32f10x.o(STACK)



==============================================================================

Memory Map of the image

  Image Entry point : 0x08000151

  Load Region LR_IROM1 (Base: 0x08000000, Size: 0x00014cac, Max: 0x00040000, ABSOLUTE, COMPRESSED[0x00014b00])

    Execution Region ER_IROM1 (Base: 0x08000000, Size: 0x00014ac4, Max: 0x00040000, ABSOLUTE)

    Base Addr    Size         Type   Attr      Idx    E Section Name        Object

    0x08000000   0x00000150   Data   RO          248    RESET               stm32f10x.o
    0x08000150   0x00000000   Code   RO         1925  * .ARM.Collect$$$$00000000  mc_w.l(entry.o)
    0x08000150   0x00000004   Code   RO         2221    .ARM.Collect$$$$00000001  mc_w.l(entry2.o)
    0x08000154   0x00000004   Code   RO         2224    .ARM.Collect$$$$00000004  mc_w.l(entry5.o)
    0x08000158   0x00000000   Code   RO         2226    .ARM.Collect$$$$00000008  mc_w.l(entry7b.o)
    0x08000158   0x00000000   Code   RO         2228    .ARM.Collect$$$$0000000A  mc_w.l(entry8b.o)
    0x08000158   0x00000008   Code   RO         2229    .ARM.Collect$$$$0000000B  mc_w.l(entry9a.o)
    0x08000160   0x00000000   Code   RO         2231    .ARM.Collect$$$$0000000D  mc_w.l(entry10a.o)
    0x08000160   0x00000000   Code   RO         2233    .ARM.Collect$$$$0000000F  mc_w.l(entry11a.o)
    0x08000160   0x00000004   Code   RO         2222    .ARM.Collect$$$$00002712  mc_w.l(entry2.o)
    0x08000164   0x00000096   Code   RO          906    .emb_text           port.o
    0x080001fa   0x00000002   PAD
    0x080001fc   0x0000029c   Code   RO            1    .text               main.o
    0x08000498   0x00000064   Code   RO          194    .text               stm32f10x_it.o
    0x080004fc   0x00000024   Code   RO          249    .text               stm32f10x.o
    0x08000520   0x00000234   Code   RO          272    .text               serial.o
    0x08000754   0x000001e4   Code   RO          286    .text               utils.o
    0x08000938   0x00000088   Code   RO          378    .text               netconf.o
    0x080009c0   0x00000374   Code   RO          459    .text               stm32f107.o
    0x08000d34   0x000000dc   Code   RO          475    .text               misc.o
    0x08000e10   0x0000011c   Code   RO          583    .text               stm32f10x_exti.o
    0x08000f2c   0x000005bc   Code   RO          595    .text               stm32f10x_flash.o
    0x080014e8   0x00000358   Code   RO          619    .text               stm32f10x_gpio.o
    0x08001840   0x00000504   Code   RO          667    .text               stm32f10x_rcc.o
    0x08001d44   0x00000e1a   Code   RO          717    .text               stm32f10x_tim.o
    0x08002b5e   0x00000002   PAD
    0x08002b60   0x00000408   Code   RO          729    .text               stm32f10x_usart.o
    0x08002f68   0x00000280   Code   RO          763    .text               system_stm32f10x.o
    0x080031e8   0x00000094   Code   RO          829    .text               list.o
    0x0800327c   0x000007e4   Code   RO          841    .text               queue.o
    0x08003a60   0x000015f0   Code   RO          856    .text               tasks.o
    0x08005050   0x0000044c   Code   RO          891    .text               rtos_timers.o
    0x0800549c   0x000000e8   Code   RO          907    .text               port.o
    0x08005584   0x000001e4   Code   RO          936    .text               heap_4.o
    0x08005768   0x0000110c   Code   RO         1012    .text               stm32_eth.o
    0x08006874   0x00000220   Code   RO         1033    .text               icmp.o
    0x08006a94   0x00000232   Code   RO         1080    .text               inet_chksum.o
    0x08006cc6   0x00000002   PAD
    0x08006cc8   0x00000308   Code   RO         1092    .text               ip.o
    0x08006fd0   0x000002b4   Code   RO         1136    .text               ip_addr.o
    0x08007284   0x0000003e   Code   RO         1165    .text               def.o
    0x080072c2   0x00000002   PAD
    0x080072c4   0x00000638   Code   RO         1183    .text               dns.o
    0x080078fc   0x00000028   Code   RO         1201    .text               init.o
    0x08007924   0x00000374   Code   RO         1232    .text               mem.o
    0x08007c98   0x000000ac   Code   RO         1248    .text               memp.o
    0x08007d44   0x000002b8   Code   RO         1280    .text               netif.o
    0x08007ffc   0x00000762   Code   RO         1302    .text               pbuf.o
    0x0800875e   0x00000002   PAD
    0x08008760   0x000001c0   Code   RO         1326    .text               raw.o
    0x08008920   0x00000ee4   Code   RO         1358    .text               tcp.o
    0x08009804   0x000017a0   Code   RO         1382    .text               tcp_in.o
    0x0800afa4   0x00000ce4   Code   RO         1405    .text               tcp_out.o
    0x0800bc88   0x00000230   Code   RO         1417    .text               timers.o
    0x0800beb8   0x000004a0   Code   RO         1431    .text               udp.o
    0x0800c358   0x00000670   Code   RO         1449    .text               api_lib.o
    0x0800c9c8   0x00000f20   Code   RO         1480    .text               api_msg.o
    0x0800d8e8   0x00000190   Code   RO         1507    .text               netbuf.o
    0x0800da78   0x00000238   Code   RO         1522    .text               netdb.o
    0x0800dcb0   0x00001678   Code   RO         1556    .text               sockets.o
    0x0800f328   0x00000300   Code   RO         1572    .text               tcpip.o
    0x0800f628   0x00000a60   Code   RO         1595    .text               etharp.o
    0x08010088   0x00000370   Code   RO         1615    .text               ethernetif.o
    0x080103f8   0x00000288   Code   RO         1641    .text               sys_arch.o
    0x08010680   0x000008ec   Code   RO         1660    .text               mqtttask.o
    0x08010f6c   0x000005ac   Code   RO         1707    .text               configapp.o
    0x08011518   0x000000d8   Code   RO         1732    .text               collectdata.o
    0x080115f0   0x00000278   Code   RO         1747    .text               loggermanage.o
    0x08011868   0x00000830   Code   RO         1763    .text               mqttclient.o
    0x08012098   0x000002c4   Code   RO         1776    .text               mqttconnectclient.o
    0x0801235c   0x00000114   Code   RO         1788    .text               mqttdeserializepublish.o
    0x08012470   0x0000020e   Code   RO         1801    .text               mqttfreertosimpl.o
    0x0801267e   0x00000002   PAD
    0x08012680   0x000003f0   Code   RO         1830    .text               mqttpacket.o
    0x08012a70   0x0000018e   Code   RO         1844    .text               mqttserializepublish.o
    0x08012bfe   0x00000170   Code   RO         1856    .text               mqttsubscribeclient.o
    0x08012d6e   0x00000102   Code   RO         1868    .text               mqttunsubscribeclient.o
    0x08012e70   0x00000368   Code   RO         1880    .text               i2c_slave.o
    0x080131d8   0x000001d8   Code   RO         1899    .text               i2c_slave_port.o
    0x080133b0   0x00000280   Code   RO         1913    .text               i2c_master.o
    0x08013630   0x00000024   Code   RO         1930    .text               mc_w.l(memcpya.o)
    0x08013654   0x00000024   Code   RO         1932    .text               mc_w.l(memseta.o)
    0x08013678   0x0000000e   Code   RO         1936    .text               mc_w.l(strlen.o)
    0x08013686   0x0000001c   Code   RO         1938    .text               mc_w.l(strcmp.o)
    0x080136a2   0x0000001a   Code   RO         1940    .text               mc_w.l(memcmp.o)
    0x080136bc   0x00000012   Code   RO         1942    .text               mc_w.l(strcpy.o)
    0x080136ce   0x0000001e   Code   RO         1944    .text               mc_w.l(strncmp.o)
    0x080136ec   0x00000020   Code   RO         1946    .text               mc_w.l(strrchr.o)
    0x0801370c   0x00000070   Code   RO         2211    .text               mc_w.l(strtol.o)
    0x0801377c   0x0000001a   Code   RO         2213    .text               mc_w.l(atoi.o)
    0x08013796   0x00000080   Code   RO         2215    .text               mf_w.l(fdiv.o)
    0x08013816   0x0000000a   Code   RO         2217    .text               mf_w.l(ffltui.o)
    0x08013820   0x00000026   Code   RO         2219    .text               mf_w.l(f2d.o)
    0x08013846   0x0000002c   Code   RO         2236    .text               mc_w.l(uidiv.o)
    0x08013872   0x00000062   Code   RO         2238    .text               mc_w.l(uldiv.o)
    0x080138d4   0x00000008   Code   RO         2240    .text               mc_w.l(ctype_o.o)
    0x080138dc   0x0000009e   Code   RO         2275    .text               mc_w.l(_strtoul.o)
    0x0801397a   0x00000000   Code   RO         2277    .text               mc_w.l(iusefp.o)
    0x0801397a   0x0000006c   Code   RO         2278    .text               mf_w.l(fepilogue.o)
    0x080139e6   0x0000014e   Code   RO         2280    .text               mf_w.l(dadd.o)
    0x08013b34   0x000000e4   Code   RO         2282    .text               mf_w.l(dmul.o)
    0x08013c18   0x000000de   Code   RO         2284    .text               mf_w.l(ddiv.o)
    0x08013cf6   0x00000030   Code   RO         2286    .text               mf_w.l(dfixul.o)
    0x08013d26   0x00000002   PAD
    0x08013d28   0x00000028   Code   RO         2288    .text               mf_w.l(cdrcmple.o)
    0x08013d50   0x00000024   Code   RO         2290    .text               mc_w.l(init.o)
    0x08013d74   0x0000001e   Code   RO         2292    .text               mc_w.l(llshl.o)
    0x08013d92   0x00000020   Code   RO         2294    .text               mc_w.l(llushr.o)
    0x08013db2   0x00000024   Code   RO         2296    .text               mc_w.l(llsshr.o)
    0x08013dd6   0x0000001c   Code   RO         2298    .text               mc_w.l(_chval.o)
    0x08013df2   0x000000be   Code   RO         2300    .text               mf_w.l(depilogue.o)
    0x08013eb0   0x0000005c   Code   RO         2310    .text               mc_w.l(__dczerorl2.o)
    0x08013f0c   0x00000020   Code   RO         2183    i.__0printf         mc_w.l(printfa.o)
    0x08013f2c   0x00000028   Code   RO         2185    i.__0sprintf        mc_w.l(printfa.o)
    0x08013f54   0x00000008   Code   RO         2268    i.__aeabi_errno_addr  mc_w.l(errno.o)
    0x08013f5c   0x0000000e   Code   RO         2304    i.__scatterload_copy  mc_w.l(handlers.o)
    0x08013f6a   0x00000002   Code   RO         2305    i.__scatterload_null  mc_w.l(handlers.o)
    0x08013f6c   0x0000000e   Code   RO         2306    i.__scatterload_zeroinit  mc_w.l(handlers.o)
    0x08013f7a   0x00000002   PAD
    0x08013f7c   0x0000015c   Code   RO         2190    i._fp_digits        mc_w.l(printfa.o)
    0x080140d8   0x000006f0   Code   RO         2191    i._printf_core      mc_w.l(printfa.o)
    0x080147c8   0x00000026   Code   RO         2192    i._printf_post_padding  mc_w.l(printfa.o)
    0x080147ee   0x00000030   Code   RO         2193    i._printf_pre_padding  mc_w.l(printfa.o)
    0x0801481e   0x0000000a   Code   RO         2195    i._sputc            mc_w.l(printfa.o)
    0x08014828   0x00000008   Data   RO         1138    .constdata          ip_addr.o
    0x08014830   0x00000038   Data   RO         1250    .constdata          memp.o
    0x08014868   0x00000050   Data   RO         1359    .constdata          tcp.o
    0x080148b8   0x00000040   Data   RO         1558    .constdata          sockets.o
    0x080148f8   0x0000000c   Data   RO         1597    .constdata          etharp.o
    0x08014904   0x00000058   Data   RO         1662    .constdata          mqtttask.o
    0x0801495c   0x00000058   Data   RO         1764    .constdata          mqttclient.o
    0x080149b4   0x00000081   Data   RO         2241    .constdata          mc_w.l(ctype_o.o)
    0x08014a35   0x00000003   PAD
    0x08014a38   0x00000004   Data   RO         2242    .constdata          mc_w.l(ctype_o.o)
    0x08014a3c   0x00000068   Data   RO         1360    .conststring        tcp.o
    0x08014aa4   0x00000020   Data   RO         2302    Region$$Table       anon$$obj.o


    Execution Region RW_IRAM1 (Base: 0x20000000, Size: 0x0000e848, Max: 0x00010000, ABSOLUTE, COMPRESSED[0x0000003c])

    Base Addr    Size         Type   Attr      Idx    E Section Name        Object

    0x20000000   0x00000004   Data   RW            2    .data               main.o
    0x20000004   0x00000008   Data   RW          255    .data               timertest.o
    0x2000000c   0x00000008   Data   RW          273    .data               serial.o
    0x20000014   0x00000004   Data   RW          287    .data               utils.o
    0x20000018   0x00000014   Data   RW          668    .data               stm32f10x_rcc.o
    0x2000002c   0x00000014   Data   RW          764    .data               system_stm32f10x.o
    0x20000040   0x00000044   Data   RW          858    .data               tasks.o
    0x20000084   0x00000014   Data   RW          893    .data               rtos_timers.o
    0x20000098   0x00000004   Data   RW          908    .data               port.o
    0x2000009c   0x00000018   Data   RW          938    .data               heap_4.o
    0x200000b4   0x00000010   Data   RW         1013    .data               stm32_eth.o
    0x200000c4   0x00000012   Data   RW         1093    .data               ip.o
    0x200000d6   0x00000002   PAD
    0x200000d8   0x00000014   Data   RW         1185    .data               dns.o
    0x200000ec   0x00000010   Data   RW         1234    .data               mem.o
    0x200000fc   0x00000009   Data   RW         1281    .data               netif.o
    0x20000105   0x00000001   Data   RW         1303    .data               pbuf.o
    0x20000106   0x00000002   PAD
    0x20000108   0x00000004   Data   RW         1327    .data               raw.o
    0x2000010c   0x00000023   Data   RW         1361    .data               tcp.o
    0x2000012f   0x00000001   PAD
    0x20000130   0x00000020   Data   RW         1384    .data               tcp_in.o
    0x20000150   0x00000008   Data   RW         1418    .data               timers.o
    0x20000158   0x00000008   Data   RW         1432    .data               udp.o
    0x20000160   0x00000014   Data   RW         1524    .data               netdb.o
    0x20000174   0x00000008   Data   RW         1559    .data               sockets.o
    0x2000017c   0x0000000c   Data   RW         1573    .data               tcpip.o
    0x20000188   0x00000001   Data   RW         1598    .data               etharp.o
    0x20000189   0x00000003   PAD
    0x2000018c   0x0000000c   Data   RW         1617    .data               ethernetif.o
    0x20000198   0x00000002   Data   RW         1643    .data               sys_arch.o
    0x2000019a   0x00000002   PAD
    0x2000019c   0x00000010   Data   RW         1663    .data               mqtttask.o
    0x200001ac   0x00000008   Data   RW         1749    .data               loggermanage.o
    0x200001b4   0x00000004   Data   RW         1831    .data               mqttpacket.o
    0x200001b8   0x00000006   Data   RW         1882    .data               i2c_slave.o
    0x200001be   0x00000020   Data   RW         1900    .data               i2c_slave_port.o
    0x200001de   0x00000002   PAD
    0x200001e0   0x00000004   Data   RW         2235    .data               mc_w.l(stdout.o)
    0x200001e4   0x00000004   Data   RW         2271    .data               mc_w.l(errno.o)
    0x200001e8   0x00000030   Zero   RW          379    .bss                netconf.o
    0x20000218   0x000000c8   Zero   RW          857    .bss                tasks.o
    0x200002e0   0x00000028   Zero   RW          892    .bss                rtos_timers.o
    0x20000308   0x00007800   Zero   RW          937    .bss                heap_4.o
    0x20007b08   0x00000010   Zero   RW         1137    .bss                ip_addr.o
    0x20007b18   0x00000663   Zero   RW         1184    .bss                dns.o
    0x2000817b   0x00001014   Zero   RW         1233    .bss                mem.o
    0x2000918f   0x00000001   PAD
    0x20009190   0x000028c3   Zero   RW         1249    .bss                memp.o
    0x2000ba53   0x00000001   PAD
    0x2000ba54   0x00000014   Zero   RW         1383    .bss                tcp_in.o
    0x2000ba68   0x00000014   Zero   RW         1523    .bss                netdb.o
    0x2000ba7c   0x00000060   Zero   RW         1557    .bss                sockets.o
    0x2000badc   0x000000c8   Zero   RW         1596    .bss                etharp.o
    0x2000bba4   0x00002400   Zero   RW         1616    .bss                ethernetif.o
    0x2000dfa4   0x00000018   Zero   RW         1642    .bss                sys_arch.o
    0x2000dfbc   0x0000005c   Zero   RW         1661    .bss                mqtttask.o
    0x2000e018   0x00000138   Zero   RW         1708    .bss                configapp.o
    0x2000e150   0x000000c0   Zero   RW         1748    .bss                loggermanage.o
    0x2000e210   0x00000231   Zero   RW         1881    .bss                i2c_slave.o
    0x2000e441   0x00000007   PAD
    0x2000e448   0x00000400   Zero   RW          246    STACK               stm32f10x.o


==============================================================================

Image component sizes


      Code (inc. data)   RO Data    RW Data    ZI Data      Debug   Object Name

      1648         54          0          0          0      16819   api_lib.o
      3872         46          0          0          0      10180   api_msg.o
       216         34          0          0          0       1305   collectdata.o
         0          0          0          0          0       1188   common.o
      1452        384          0          0        312      20138   configapp.o
        62          0          0          0          0       1058   def.o
      1592         60          0         20       1635       7181   dns.o
      2656         26         12          1        200       9879   etharp.o
       880         66          0         12       9216       4458   ethernetif.o
         0          0          0          0          0      11400   event_groups.o
       484         26          0         24      30720       3052   heap_4.o
       640         14          0          0          0       2783   i2c_master.o
       872         36          0          6        561       3418   i2c_slave.o
       472         10          0         32          0       2751   i2c_slave_port.o
       544         10          0          0          0       5751   icmp.o
         0          0          0          0          0       5656   inet.o
       562          0          0          0          0       2905   inet_chksum.o
        40          0          0          0          0       4464   init.o
       776         28          0         18          0      16367   ip.o
       692         12          8          0         16       9131   ip_addr.o
       148          0          0          0          0       1714   list.o
       632        124          0          8        192       2066   loggermanage.o
       668        444          0          4          0     349077   main.o
       884         20          0         16       4116       3770   mem.o
       172         18         56          0      10435       2454   memp.o
       220         20          0          0          0       1649   misc.o
      2096         18         88          0          0       7487   mqttclient.o
       708         18          0          0          0       2846   mqttconnectclient.o
       276          0          0          0          0       1950   mqttdeserializepublish.o
       526          0          0          0          0       5764   mqttfreertosimpl.o
      1008         10          0          4          0       5788   mqttpacket.o
       398          0          0          0          0       2566   mqttserializepublish.o
       368          0          0          0          0       2219   mqttsubscribeclient.o
      2284        778         88         16         92       8665   mqtttask.o
       258          0          0          0          0       1973   mqttunsubscribeclient.o
       400          0          0          0          0       3753   netbuf.o
       136         14          0          0         48       9672   netconf.o
       568         26          0         20         20       4655   netdb.o
       696         20          0          9          0       5957   netif.o
      1890         14          0          1          0       9043   pbuf.o
       382         26          0          4          0       6752   port.o
      2020          8          0          0          0      12342   queue.o
       448         12          0          4          0       3197   raw.o
      1100         56          0         20         40       7251   rtos_timers.o
       564         20          0          8          0       2645   serial.o
      5752         60         64          8         96      16666   sockets.o
      4364        138          0         16          0      23457   stm32_eth.o
       884         30          0          0          0      16929   stm32f107.o
        36          8        336          0       1024        744   stm32f10x.o
       284         10          0          0          0       2083   stm32f10x_exti.o
      1468         34          0          0          0       7882   stm32f10x_flash.o
       856         40          0          0          0       5497   stm32f10x_gpio.o
       100          8          0          0          0       5073   stm32f10x_it.o
      1284         72          0         20          0      10970   stm32f10x_rcc.o
      3610         88          0          0          0      21980   stm32f10x_tim.o
      1032         22          0          0          0       8216   stm32f10x_usart.o
       648         10          0          2         24       5491   sys_arch.o
       640         48          0         20          0       1803   system_stm32f10x.o
      5616        394          0         68        200      31217   tasks.o
      3812        144        184         35          0      21392   tcp.o
      6048        248          0         32         20      15595   tcp_in.o
      3300          8          0          0          0       9307   tcp_out.o
       768         46          0         12          0       9648   tcpip.o
       560         28          0          8          0       3111   timers.o
         0          0          0          8          0        270   timertest.o
      1184         22          0          8          0       6562   udp.o
       484         22          0          4          0       2782   utils.o

    ----------------------------------------------------------------------
     79052       3932        868        480      58976     831814   Object Totals
         0          0         32          0          0          0   (incl. Generated)
        12          0          0         12          9          0   (incl. Padding)

    ----------------------------------------------------------------------

      Code (inc. data)   RO Data    RW Data    ZI Data      Debug   Library Member Name

        92          0          0          0          0          0   __dczerorl2.o
        28          0          0          0          0         68   _chval.o
       158          0          0          0          0         92   _strtoul.o
        26          0          0          0          0         80   atoi.o
         8          4        133          0          0         68   ctype_o.o
         0          0          0          0          0          0   entry.o
         0          0          0          0          0          0   entry10a.o
         0          0          0          0          0          0   entry11a.o
         8          4          0          0          0          0   entry2.o
         4          0          0          0          0          0   entry5.o
         0          0          0          0          0          0   entry7b.o
         0          0          0          0          0          0   entry8b.o
         8          4          0          0          0          0   entry9a.o
         8          4          0          4          0         68   errno.o
        30          0          0          0          0          0   handlers.o
        36          8          0          0          0         68   init.o
         0          0          0          0          0          0   iusefp.o
        30          0          0          0          0         68   llshl.o
        36          0          0          0          0         68   llsshr.o
        32          0          0          0          0         68   llushr.o
        26          0          0          0          0         80   memcmp.o
        36          0          0          0          0         68   memcpya.o
        36          0          0          0          0        108   memseta.o
      2292         96          0          0          0        596   printfa.o
         0          0          0          4          0          0   stdout.o
        28          0          0          0          0         76   strcmp.o
        18          0          0          0          0         68   strcpy.o
        14          0          0          0          0         68   strlen.o
        30          0          0          0          0         80   strncmp.o
        32          0          0          0          0         68   strrchr.o
       112          0          0          0          0         88   strtol.o
        44          0          0          0          0         80   uidiv.o
        98          0          0          0          0         92   uldiv.o
        40          2          0          0          0         68   cdrcmple.o
       334          0          0          0          0        144   dadd.o
       222          0          0          0          0        100   ddiv.o
       190          0          0          0          0        176   depilogue.o
        48          0          0          0          0         68   dfixul.o
       228          0          0          0          0         92   dmul.o
        38          0          0          0          0         68   f2d.o
       128          0          0          0          0         88   fdiv.o
       108          0          0          0          0        168   fepilogue.o
        10          0          0          0          0         68   ffltui.o

    ----------------------------------------------------------------------
      4620        122        136          8          0       3160   Library Totals
         4          0          3          0          0          0   (incl. Padding)

    ----------------------------------------------------------------------

      Code (inc. data)   RO Data    RW Data    ZI Data      Debug   Library Name

      3270        120        133          8          0       2120   mc_w.l
      1346          2          0          0          0       1040   mf_w.l

    ----------------------------------------------------------------------
      4620        122        136          8          0       3160   Library Totals

    ----------------------------------------------------------------------

==============================================================================


      Code (inc. data)   RO Data    RW Data    ZI Data      Debug   

     83672       4054       1004        488      58976     826550   Grand Totals
     83672       4054       1004         60      58976     826550   ELF Image Totals (compressed)
     83672       4054       1004         60          0          0   ROM Totals

==============================================================================

    Total RO  Size (Code + RO Data)                84676 (  82.69kB)
    Total RW  Size (RW Data + ZI Data)             59464 (  58.07kB)
    Total ROM Size (Code + RO Data + RW Data)      84736 (  82.75kB)

==============================================================================

