Component: ARM Compiler 5.06 update 4 (build 422) Tool: armlink [4d35d2]

==============================================================================

Section Cross References

    main.o(.text) refers to stm32f10x_gpio.o(.text) for GPIO_Init
    main.o(.text) refers to misc.o(.text) for NVIC_PriorityGroupConfig
    main.o(.text) refers to system_stm32f10x.o(.text) for SystemInit
    main.o(.text) refers to stm32f10x_rcc.o(.text) for RCC_APB2PeriphClockCmd
    stm32f10x.o(RESET) refers to stm32f10x.o(STACK) for __initial_sp
    stm32f10x.o(RESET) refers to stm32f10x.o(.text) for Reset_Handler
    stm32f10x.o(RESET) refers to stm32f10x_it.o(.text) for NMI_Handler
    stm32f10x.o(.text) refers to system_stm32f10x.o(.text) for SystemInit
    stm32f10x.o(.text) refers to entry.o(.ARM.Collect$$$$00000000) for __main
    stm32f10x_adc.o(.text) refers to stm32f10x_rcc.o(.text) for RCC_APB2PeriphResetCmd
    stm32f10x_bkp.o(.text) refers to stm32f10x_rcc.o(.text) for RCC_BackupResetCmd
    stm32f10x_can.o(.text) refers to stm32f10x_rcc.o(.text) for RCC_APB1PeriphResetCmd
    stm32f10x_cec.o(.text) refers to stm32f10x_rcc.o(.text) for RCC_APB1PeriphResetCmd
    stm32f10x_dac.o(.text) refers to stm32f10x_rcc.o(.text) for RCC_APB1PeriphResetCmd
    stm32f10x_gpio.o(.text) refers to stm32f10x_rcc.o(.text) for RCC_APB2PeriphResetCmd
    stm32f10x_i2c.o(.text) refers to stm32f10x_rcc.o(.text) for RCC_APB1PeriphResetCmd
    stm32f10x_pwr.o(.text) refers to stm32f10x_rcc.o(.text) for RCC_APB1PeriphResetCmd
    stm32f10x_rcc.o(.text) refers to stm32f10x_rcc.o(.data) for APBAHBPrescTable
    stm32f10x_spi.o(.text) refers to stm32f10x_rcc.o(.text) for RCC_APB2PeriphResetCmd
    stm32f10x_tim.o(.text) refers to stm32f10x_rcc.o(.text) for RCC_APB2PeriphResetCmd
    stm32f10x_usart.o(.text) refers to stm32f10x_rcc.o(.text) for RCC_APB2PeriphResetCmd
    stm32f10x_wwdg.o(.text) refers to stm32f10x_rcc.o(.text) for RCC_APB1PeriphResetCmd
    system_stm32f10x.o(.text) refers to system_stm32f10x.o(.data) for SystemCoreClock
    entry.o(.ARM.Collect$$$$00000000) refers (Special) to entry10a.o(.ARM.Collect$$$$0000000D) for __rt_final_cpp
    entry.o(.ARM.Collect$$$$00000000) refers (Special) to entry11a.o(.ARM.Collect$$$$0000000F) for __rt_final_exit
    entry.o(.ARM.Collect$$$$00000000) refers (Special) to entry7b.o(.ARM.Collect$$$$00000008) for _main_clock
    entry.o(.ARM.Collect$$$$00000000) refers (Special) to entry8b.o(.ARM.Collect$$$$0000000A) for _main_cpp_init
    entry.o(.ARM.Collect$$$$00000000) refers (Special) to entry9a.o(.ARM.Collect$$$$0000000B) for _main_init
    entry.o(.ARM.Collect$$$$00000000) refers (Special) to entry5.o(.ARM.Collect$$$$00000004) for _main_scatterload
    entry.o(.ARM.Collect$$$$00000000) refers (Special) to entry2.o(.ARM.Collect$$$$00000001) for _main_stk
    entry2.o(.ARM.Collect$$$$00000001) refers to entry2.o(.ARM.Collect$$$$00002712) for __lit__00000000
    entry2.o(.ARM.Collect$$$$00002712) refers to stm32f10x.o(STACK) for __initial_sp
    entry2.o(__vectab_stack_and_reset_area) refers to stm32f10x.o(STACK) for __initial_sp
    entry2.o(__vectab_stack_and_reset_area) refers to entry.o(.ARM.Collect$$$$00000000) for __main
    entry5.o(.ARM.Collect$$$$00000004) refers to init.o(.text) for __scatterload
    entry9a.o(.ARM.Collect$$$$0000000B) refers to main.o(.text) for main
    entry9b.o(.ARM.Collect$$$$0000000C) refers to main.o(.text) for main
    init.o(.text) refers to entry5.o(.ARM.Collect$$$$00000004) for __main_after_scatterload


==============================================================================

Removing Unused input sections from the image.

    Removing stm32f10x.o(HEAP), (512 bytes).
    Removing stm32f10x_adc.o(.text), (1102 bytes).
    Removing stm32f10x_bkp.o(.text), (196 bytes).
    Removing stm32f10x_can.o(.text), (2544 bytes).
    Removing stm32f10x_cec.o(.text), (288 bytes).
    Removing stm32f10x_crc.o(.text), (72 bytes).
    Removing stm32f10x_dac.o(.text), (396 bytes).
    Removing stm32f10x_dbgmcu.o(.text), (48 bytes).
    Removing stm32f10x_dma.o(.text), (596 bytes).
    Removing stm32f10x_exti.o(.text), (284 bytes).
    Removing stm32f10x_flash.o(.text), (1468 bytes).
    Removing stm32f10x_fsmc.o(.text), (1548 bytes).
    Removing stm32f10x_i2c.o(.text), (1028 bytes).
    Removing stm32f10x_iwdg.o(.text), (64 bytes).
    Removing stm32f10x_pwr.o(.text), (204 bytes).
    Removing stm32f10x_rtc.o(.text), (328 bytes).
    Removing stm32f10x_sdio.o(.text), (468 bytes).
    Removing stm32f10x_spi.o(.text), (852 bytes).
    Removing stm32f10x_tim.o(.text), (3610 bytes).
    Removing stm32f10x_usart.o(.text), (1032 bytes).
    Removing stm32f10x_wwdg.o(.text), (136 bytes).
    Removing core_cm3.o(.emb_text), (32 bytes).

22 unused section(s) (total 16808 bytes) removed from the image.

==============================================================================

Image Symbol Table

    Local Symbols

    Symbol Name                              Value     Ov Type        Size  Object(Section)

    ../clib/microlib/init/entry.s            0x00000000   Number         0  entry10b.o ABSOLUTE
    ../clib/microlib/init/entry.s            0x00000000   Number         0  entry8b.o ABSOLUTE
    ../clib/microlib/init/entry.s            0x00000000   Number         0  entry8a.o ABSOLUTE
    ../clib/microlib/init/entry.s            0x00000000   Number         0  entry7b.o ABSOLUTE
    ../clib/microlib/init/entry.s            0x00000000   Number         0  entry7a.o ABSOLUTE
    ../clib/microlib/init/entry.s            0x00000000   Number         0  entry5.o ABSOLUTE
    ../clib/microlib/init/entry.s            0x00000000   Number         0  entry2.o ABSOLUTE
    ../clib/microlib/init/entry.s            0x00000000   Number         0  entry.o ABSOLUTE
    ../clib/microlib/init/entry.s            0x00000000   Number         0  entry11b.o ABSOLUTE
    ../clib/microlib/init/entry.s            0x00000000   Number         0  entry9a.o ABSOLUTE
    ../clib/microlib/init/entry.s            0x00000000   Number         0  entry9b.o ABSOLUTE
    ../clib/microlib/init/entry.s            0x00000000   Number         0  entry10a.o ABSOLUTE
    ../clib/microlib/init/entry.s            0x00000000   Number         0  entry11a.o ABSOLUTE
    ..\BSP\STM32F10x.s                       0x00000000   Number         0  stm32f10x.o ABSOLUTE
    ..\BSP\main.c                            0x00000000   Number         0  main.o ABSOLUTE
    ..\BSP\stm32f10x_it.c                    0x00000000   Number         0  stm32f10x_it.o ABSOLUTE
    ..\CMSIS\core_cm3.c                      0x00000000   Number         0  core_cm3.o ABSOLUTE
    ..\CMSIS\system_stm32f10x.c              0x00000000   Number         0  system_stm32f10x.o ABSOLUTE
    ..\FWlib\src\misc.c                      0x00000000   Number         0  misc.o ABSOLUTE
    ..\FWlib\src\stm32f10x_adc.c             0x00000000   Number         0  stm32f10x_adc.o ABSOLUTE
    ..\FWlib\src\stm32f10x_bkp.c             0x00000000   Number         0  stm32f10x_bkp.o ABSOLUTE
    ..\FWlib\src\stm32f10x_can.c             0x00000000   Number         0  stm32f10x_can.o ABSOLUTE
    ..\FWlib\src\stm32f10x_cec.c             0x00000000   Number         0  stm32f10x_cec.o ABSOLUTE
    ..\FWlib\src\stm32f10x_crc.c             0x00000000   Number         0  stm32f10x_crc.o ABSOLUTE
    ..\FWlib\src\stm32f10x_dac.c             0x00000000   Number         0  stm32f10x_dac.o ABSOLUTE
    ..\FWlib\src\stm32f10x_dbgmcu.c          0x00000000   Number         0  stm32f10x_dbgmcu.o ABSOLUTE
    ..\FWlib\src\stm32f10x_dma.c             0x00000000   Number         0  stm32f10x_dma.o ABSOLUTE
    ..\FWlib\src\stm32f10x_exti.c            0x00000000   Number         0  stm32f10x_exti.o ABSOLUTE
    ..\FWlib\src\stm32f10x_flash.c           0x00000000   Number         0  stm32f10x_flash.o ABSOLUTE
    ..\FWlib\src\stm32f10x_fsmc.c            0x00000000   Number         0  stm32f10x_fsmc.o ABSOLUTE
    ..\FWlib\src\stm32f10x_gpio.c            0x00000000   Number         0  stm32f10x_gpio.o ABSOLUTE
    ..\FWlib\src\stm32f10x_i2c.c             0x00000000   Number         0  stm32f10x_i2c.o ABSOLUTE
    ..\FWlib\src\stm32f10x_iwdg.c            0x00000000   Number         0  stm32f10x_iwdg.o ABSOLUTE
    ..\FWlib\src\stm32f10x_pwr.c             0x00000000   Number         0  stm32f10x_pwr.o ABSOLUTE
    ..\FWlib\src\stm32f10x_rcc.c             0x00000000   Number         0  stm32f10x_rcc.o ABSOLUTE
    ..\FWlib\src\stm32f10x_rtc.c             0x00000000   Number         0  stm32f10x_rtc.o ABSOLUTE
    ..\FWlib\src\stm32f10x_sdio.c            0x00000000   Number         0  stm32f10x_sdio.o ABSOLUTE
    ..\FWlib\src\stm32f10x_spi.c             0x00000000   Number         0  stm32f10x_spi.o ABSOLUTE
    ..\FWlib\src\stm32f10x_tim.c             0x00000000   Number         0  stm32f10x_tim.o ABSOLUTE
    ..\FWlib\src\stm32f10x_usart.c           0x00000000   Number         0  stm32f10x_usart.o ABSOLUTE
    ..\FWlib\src\stm32f10x_wwdg.c            0x00000000   Number         0  stm32f10x_wwdg.o ABSOLUTE
    ..\\CMSIS\\core_cm3.c                    0x00000000   Number         0  core_cm3.o ABSOLUTE
    dc.s                                     0x00000000   Number         0  dc.o ABSOLUTE
    handlers.s                               0x00000000   Number         0  handlers.o ABSOLUTE
    init.s                                   0x00000000   Number         0  init.o ABSOLUTE
    RESET                                    0x08000000   Section      336  stm32f10x.o(RESET)
    .ARM.Collect$$$$00000000                 0x08000150   Section        0  entry.o(.ARM.Collect$$$$00000000)
    .ARM.Collect$$$$00000001                 0x08000150   Section        4  entry2.o(.ARM.Collect$$$$00000001)
    .ARM.Collect$$$$00000004                 0x08000154   Section        4  entry5.o(.ARM.Collect$$$$00000004)
    .ARM.Collect$$$$00000008                 0x08000158   Section        0  entry7b.o(.ARM.Collect$$$$00000008)
    .ARM.Collect$$$$0000000A                 0x08000158   Section        0  entry8b.o(.ARM.Collect$$$$0000000A)
    .ARM.Collect$$$$0000000B                 0x08000158   Section        8  entry9a.o(.ARM.Collect$$$$0000000B)
    .ARM.Collect$$$$0000000D                 0x08000160   Section        0  entry10a.o(.ARM.Collect$$$$0000000D)
    .ARM.Collect$$$$0000000F                 0x08000160   Section        0  entry11a.o(.ARM.Collect$$$$0000000F)
    .ARM.Collect$$$$00002712                 0x08000160   Section        4  entry2.o(.ARM.Collect$$$$00002712)
    __lit__00000000                          0x08000160   Data           4  entry2.o(.ARM.Collect$$$$00002712)
    .text                                    0x08000164   Section        0  main.o(.text)
    .text                                    0x08000234   Section        0  stm32f10x_it.o(.text)
    .text                                    0x08000250   Section       36  stm32f10x.o(.text)
    .text                                    0x08000274   Section        0  misc.o(.text)
    .text                                    0x08000350   Section        0  stm32f10x_gpio.o(.text)
    .text                                    0x080006ac   Section        0  stm32f10x_rcc.o(.text)
    .text                                    0x08000bb0   Section        0  system_stm32f10x.o(.text)
    SetSysClockTo72                          0x08000bb1   Thumb Code   264  system_stm32f10x.o(.text)
    SetSysClock                              0x08000cb9   Thumb Code     8  system_stm32f10x.o(.text)
    .text                                    0x08000e34   Section       36  init.o(.text)
    i.__scatterload_copy                     0x08000e58   Section       14  handlers.o(i.__scatterload_copy)
    i.__scatterload_null                     0x08000e66   Section        2  handlers.o(i.__scatterload_null)
    i.__scatterload_zeroinit                 0x08000e68   Section       14  handlers.o(i.__scatterload_zeroinit)
    .data                                    0x20000000   Section       20  stm32f10x_rcc.o(.data)
    APBAHBPrescTable                         0x20000000   Data          16  stm32f10x_rcc.o(.data)
    ADCPrescTable                            0x20000010   Data           4  stm32f10x_rcc.o(.data)
    .data                                    0x20000014   Section       20  system_stm32f10x.o(.data)
    STACK                                    0x20000028   Section     1024  stm32f10x.o(STACK)

    Global Symbols

    Symbol Name                              Value     Ov Type        Size  Object(Section)

    BuildAttributes$$THM_ISAv4$P$D$K$B$S$PE$A:L22UL41UL21$X:L11$S22US41US21$IEEE1$IW$USESV6$~STKCKD$USESV7$~SHL$OSPACE$EBA8$MICROLIB$REQ8$PRES8$EABIv2 0x00000000   Number         0  anon$$obj.o ABSOLUTE
    __ARM_use_no_argv                        0x00000000   Number         0  main.o ABSOLUTE
    __cpp_initialize__aeabi_                  - Undefined Weak Reference
    __cxa_finalize                            - Undefined Weak Reference
    __decompress                              - Undefined Weak Reference
    _clock_init                               - Undefined Weak Reference
    _microlib_exit                            - Undefined Weak Reference
    __Vectors_Size                           0x00000150   Number         0  stm32f10x.o ABSOLUTE
    __Vectors                                0x08000000   Data           4  stm32f10x.o(RESET)
    __Vectors_End                            0x08000150   Data           0  stm32f10x.o(RESET)
    __main                                   0x08000151   Thumb Code     0  entry.o(.ARM.Collect$$$$00000000)
    _main_stk                                0x08000151   Thumb Code     0  entry2.o(.ARM.Collect$$$$00000001)
    _main_scatterload                        0x08000155   Thumb Code     0  entry5.o(.ARM.Collect$$$$00000004)
    __main_after_scatterload                 0x08000159   Thumb Code     0  entry5.o(.ARM.Collect$$$$00000004)
    _main_clock                              0x08000159   Thumb Code     0  entry7b.o(.ARM.Collect$$$$00000008)
    _main_cpp_init                           0x08000159   Thumb Code     0  entry8b.o(.ARM.Collect$$$$0000000A)
    _main_init                               0x08000159   Thumb Code     0  entry9a.o(.ARM.Collect$$$$0000000B)
    __rt_final_cpp                           0x08000161   Thumb Code     0  entry10a.o(.ARM.Collect$$$$0000000D)
    __rt_final_exit                          0x08000161   Thumb Code     0  entry11a.o(.ARM.Collect$$$$0000000F)
    GPIO_Configuration                       0x08000165   Thumb Code    30  main.o(.text)
    NVIC_Configuration                       0x08000183   Thumb Code    22  main.o(.text)
    RCC_Configuration                        0x08000199   Thumb Code    34  main.o(.text)
    Init_All_Periph                          0x080001bb   Thumb Code    16  main.o(.text)
    Delay                                    0x080001cb   Thumb Code    18  main.o(.text)
    main                                     0x080001dd   Thumb Code    74  main.o(.text)
    NMI_Handler                              0x08000235   Thumb Code     2  stm32f10x_it.o(.text)
    HardFault_Handler                        0x08000237   Thumb Code     4  stm32f10x_it.o(.text)
    MemManage_Handler                        0x0800023b   Thumb Code     4  stm32f10x_it.o(.text)
    BusFault_Handler                         0x0800023f   Thumb Code     4  stm32f10x_it.o(.text)
    UsageFault_Handler                       0x08000243   Thumb Code     4  stm32f10x_it.o(.text)
    SVC_Handler                              0x08000247   Thumb Code     2  stm32f10x_it.o(.text)
    DebugMon_Handler                         0x08000249   Thumb Code     2  stm32f10x_it.o(.text)
    PendSV_Handler                           0x0800024b   Thumb Code     2  stm32f10x_it.o(.text)
    SysTick_Handler                          0x0800024d   Thumb Code     2  stm32f10x_it.o(.text)
    Reset_Handler                            0x08000251   Thumb Code     8  stm32f10x.o(.text)
    ADC_IRQHandler                           0x0800026b   Thumb Code     0  stm32f10x.o(.text)
    CAN2_RX0_IRQHandler                      0x0800026b   Thumb Code     0  stm32f10x.o(.text)
    CAN2_RX1_IRQHandler                      0x0800026b   Thumb Code     0  stm32f10x.o(.text)
    CAN2_SCE_IRQHandler                      0x0800026b   Thumb Code     0  stm32f10x.o(.text)
    CAN2_TX_IRQHandler                       0x0800026b   Thumb Code     0  stm32f10x.o(.text)
    CAN_RX1_IRQHandler                       0x0800026b   Thumb Code     0  stm32f10x.o(.text)
    CAN_SCE_IRQHandler                       0x0800026b   Thumb Code     0  stm32f10x.o(.text)
    DMA2_Channel1_IRQHandler                 0x0800026b   Thumb Code     0  stm32f10x.o(.text)
    DMA2_Channel2_IRQHandler                 0x0800026b   Thumb Code     0  stm32f10x.o(.text)
    DMA2_Channel3_IRQHandler                 0x0800026b   Thumb Code     0  stm32f10x.o(.text)
    DMA2_Channel4_IRQHandler                 0x0800026b   Thumb Code     0  stm32f10x.o(.text)
    DMA2_Channel5_IRQHandler                 0x0800026b   Thumb Code     0  stm32f10x.o(.text)
    DMAChannel1_IRQHandler                   0x0800026b   Thumb Code     0  stm32f10x.o(.text)
    DMAChannel2_IRQHandler                   0x0800026b   Thumb Code     0  stm32f10x.o(.text)
    DMAChannel3_IRQHandler                   0x0800026b   Thumb Code     0  stm32f10x.o(.text)
    DMAChannel4_IRQHandler                   0x0800026b   Thumb Code     0  stm32f10x.o(.text)
    DMAChannel5_IRQHandler                   0x0800026b   Thumb Code     0  stm32f10x.o(.text)
    DMAChannel6_IRQHandler                   0x0800026b   Thumb Code     0  stm32f10x.o(.text)
    DMAChannel7_IRQHandler                   0x0800026b   Thumb Code     0  stm32f10x.o(.text)
    ETH_IRQHandler                           0x0800026b   Thumb Code     0  stm32f10x.o(.text)
    ETH_WKUP_IRQHandler                      0x0800026b   Thumb Code     0  stm32f10x.o(.text)
    EXTI0_IRQHandler                         0x0800026b   Thumb Code     0  stm32f10x.o(.text)
    EXTI15_10_IRQHandler                     0x0800026b   Thumb Code     0  stm32f10x.o(.text)
    EXTI1_IRQHandler                         0x0800026b   Thumb Code     0  stm32f10x.o(.text)
    EXTI2_IRQHandler                         0x0800026b   Thumb Code     0  stm32f10x.o(.text)
    EXTI3_IRQHandler                         0x0800026b   Thumb Code     0  stm32f10x.o(.text)
    EXTI4_IRQHandler                         0x0800026b   Thumb Code     0  stm32f10x.o(.text)
    EXTI9_5_IRQHandler                       0x0800026b   Thumb Code     0  stm32f10x.o(.text)
    FLASH_IRQHandler                         0x0800026b   Thumb Code     0  stm32f10x.o(.text)
    I2C1_ER_IRQHandler                       0x0800026b   Thumb Code     0  stm32f10x.o(.text)
    I2C1_EV_IRQHandler                       0x0800026b   Thumb Code     0  stm32f10x.o(.text)
    I2C2_ER_IRQHandler                       0x0800026b   Thumb Code     0  stm32f10x.o(.text)
    I2C2_EV_IRQHandler                       0x0800026b   Thumb Code     0  stm32f10x.o(.text)
    OTG_FS_IRQHandler                        0x0800026b   Thumb Code     0  stm32f10x.o(.text)
    PVD_IRQHandler                           0x0800026b   Thumb Code     0  stm32f10x.o(.text)
    RCC_IRQHandler                           0x0800026b   Thumb Code     0  stm32f10x.o(.text)
    RTCAlarm_IRQHandler                      0x0800026b   Thumb Code     0  stm32f10x.o(.text)
    RTC_IRQHandler                           0x0800026b   Thumb Code     0  stm32f10x.o(.text)
    SPI1_IRQHandler                          0x0800026b   Thumb Code     0  stm32f10x.o(.text)
    SPI2_IRQHandler                          0x0800026b   Thumb Code     0  stm32f10x.o(.text)
    SPI3_IRQHandler                          0x0800026b   Thumb Code     0  stm32f10x.o(.text)
    TAMPER_IRQHandler                        0x0800026b   Thumb Code     0  stm32f10x.o(.text)
    TIM1_BRK_IRQHandler                      0x0800026b   Thumb Code     0  stm32f10x.o(.text)
    TIM1_CC_IRQHandler                       0x0800026b   Thumb Code     0  stm32f10x.o(.text)
    TIM1_TRG_COM_IRQHandler                  0x0800026b   Thumb Code     0  stm32f10x.o(.text)
    TIM1_UP_IRQHandler                       0x0800026b   Thumb Code     0  stm32f10x.o(.text)
    TIM2_IRQHandler                          0x0800026b   Thumb Code     0  stm32f10x.o(.text)
    TIM3_IRQHandler                          0x0800026b   Thumb Code     0  stm32f10x.o(.text)
    TIM5_IRQHandler                          0x0800026b   Thumb Code     0  stm32f10x.o(.text)
    TIM6_IRQHandler                          0x0800026b   Thumb Code     0  stm32f10x.o(.text)
    TIM7_IRQHandler                          0x0800026b   Thumb Code     0  stm32f10x.o(.text)
    UART4_IRQHandler                         0x0800026b   Thumb Code     0  stm32f10x.o(.text)
    UART5_IRQHandler                         0x0800026b   Thumb Code     0  stm32f10x.o(.text)
    USART1_IRQHandler                        0x0800026b   Thumb Code     0  stm32f10x.o(.text)
    USART2_IRQHandler                        0x0800026b   Thumb Code     0  stm32f10x.o(.text)
    USART3_IRQHandler                        0x0800026b   Thumb Code     0  stm32f10x.o(.text)
    USBWakeUp_IRQHandler                     0x0800026b   Thumb Code     0  stm32f10x.o(.text)
    USB_HP_CAN_TX_IRQHandler                 0x0800026b   Thumb Code     0  stm32f10x.o(.text)
    USB_LP_CAN_RX0_IRQHandler                0x0800026b   Thumb Code     0  stm32f10x.o(.text)
    WWDG_IRQHandler                          0x0800026b   Thumb Code     0  stm32f10x.o(.text)
    NVIC_PriorityGroupConfig                 0x08000275   Thumb Code    10  misc.o(.text)
    NVIC_Init                                0x0800027f   Thumb Code   100  misc.o(.text)
    NVIC_SetVectorTable                      0x080002e3   Thumb Code    14  misc.o(.text)
    NVIC_SystemLPConfig                      0x080002f1   Thumb Code    34  misc.o(.text)
    SysTick_CLKSourceConfig                  0x08000313   Thumb Code    40  misc.o(.text)
    GPIO_DeInit                              0x08000351   Thumb Code   172  stm32f10x_gpio.o(.text)
    GPIO_AFIODeInit                          0x080003fd   Thumb Code    20  stm32f10x_gpio.o(.text)
    GPIO_Init                                0x08000411   Thumb Code   278  stm32f10x_gpio.o(.text)
    GPIO_StructInit                          0x08000527   Thumb Code    16  stm32f10x_gpio.o(.text)
    GPIO_ReadInputDataBit                    0x08000537   Thumb Code    18  stm32f10x_gpio.o(.text)
    GPIO_ReadInputData                       0x08000549   Thumb Code     8  stm32f10x_gpio.o(.text)
    GPIO_ReadOutputDataBit                   0x08000551   Thumb Code    18  stm32f10x_gpio.o(.text)
    GPIO_ReadOutputData                      0x08000563   Thumb Code     8  stm32f10x_gpio.o(.text)
    GPIO_SetBits                             0x0800056b   Thumb Code     4  stm32f10x_gpio.o(.text)
    GPIO_ResetBits                           0x0800056f   Thumb Code     4  stm32f10x_gpio.o(.text)
    GPIO_WriteBit                            0x08000573   Thumb Code    10  stm32f10x_gpio.o(.text)
    GPIO_Write                               0x0800057d   Thumb Code     4  stm32f10x_gpio.o(.text)
    GPIO_PinLockConfig                       0x08000581   Thumb Code    18  stm32f10x_gpio.o(.text)
    GPIO_EventOutputConfig                   0x08000593   Thumb Code    26  stm32f10x_gpio.o(.text)
    GPIO_EventOutputCmd                      0x080005ad   Thumb Code     6  stm32f10x_gpio.o(.text)
    GPIO_PinRemapConfig                      0x080005b3   Thumb Code   138  stm32f10x_gpio.o(.text)
    GPIO_EXTILineConfig                      0x0800063d   Thumb Code    66  stm32f10x_gpio.o(.text)
    GPIO_ETH_MediaInterfaceConfig            0x0800067f   Thumb Code     8  stm32f10x_gpio.o(.text)
    RCC_DeInit                               0x080006ad   Thumb Code    78  stm32f10x_rcc.o(.text)
    RCC_HSEConfig                            0x080006fb   Thumb Code    70  stm32f10x_rcc.o(.text)
    RCC_GetFlagStatus                        0x08000741   Thumb Code    56  stm32f10x_rcc.o(.text)
    RCC_WaitForHSEStartUp                    0x08000779   Thumb Code    56  stm32f10x_rcc.o(.text)
    RCC_AdjustHSICalibrationValue            0x080007b1   Thumb Code    20  stm32f10x_rcc.o(.text)
    RCC_HSICmd                               0x080007c5   Thumb Code     6  stm32f10x_rcc.o(.text)
    RCC_PLLConfig                            0x080007cb   Thumb Code    24  stm32f10x_rcc.o(.text)
    RCC_PLLCmd                               0x080007e3   Thumb Code     6  stm32f10x_rcc.o(.text)
    RCC_PREDIV1Config                        0x080007e9   Thumb Code    24  stm32f10x_rcc.o(.text)
    RCC_PREDIV2Config                        0x08000801   Thumb Code    18  stm32f10x_rcc.o(.text)
    RCC_PLL2Config                           0x08000813   Thumb Code    18  stm32f10x_rcc.o(.text)
    RCC_PLL2Cmd                              0x08000825   Thumb Code     6  stm32f10x_rcc.o(.text)
    RCC_PLL3Config                           0x0800082b   Thumb Code    18  stm32f10x_rcc.o(.text)
    RCC_PLL3Cmd                              0x0800083d   Thumb Code     6  stm32f10x_rcc.o(.text)
    RCC_SYSCLKConfig                         0x08000843   Thumb Code    18  stm32f10x_rcc.o(.text)
    RCC_GetSYSCLKSource                      0x08000855   Thumb Code    10  stm32f10x_rcc.o(.text)
    RCC_HCLKConfig                           0x0800085f   Thumb Code    18  stm32f10x_rcc.o(.text)
    RCC_PCLK1Config                          0x08000871   Thumb Code    18  stm32f10x_rcc.o(.text)
    RCC_PCLK2Config                          0x08000883   Thumb Code    20  stm32f10x_rcc.o(.text)
    RCC_ITConfig                             0x08000897   Thumb Code    26  stm32f10x_rcc.o(.text)
    RCC_OTGFSCLKConfig                       0x080008b1   Thumb Code     8  stm32f10x_rcc.o(.text)
    RCC_ADCCLKConfig                         0x080008b9   Thumb Code    18  stm32f10x_rcc.o(.text)
    RCC_I2S2CLKConfig                        0x080008cb   Thumb Code     6  stm32f10x_rcc.o(.text)
    RCC_I2S3CLKConfig                        0x080008d1   Thumb Code     8  stm32f10x_rcc.o(.text)
    RCC_LSEConfig                            0x080008d9   Thumb Code    50  stm32f10x_rcc.o(.text)
    RCC_LSICmd                               0x0800090b   Thumb Code     6  stm32f10x_rcc.o(.text)
    RCC_RTCCLKConfig                         0x08000911   Thumb Code    12  stm32f10x_rcc.o(.text)
    RCC_RTCCLKCmd                            0x0800091d   Thumb Code     8  stm32f10x_rcc.o(.text)
    RCC_GetClocksFreq                        0x08000925   Thumb Code   424  stm32f10x_rcc.o(.text)
    RCC_AHBPeriphClockCmd                    0x08000acd   Thumb Code    26  stm32f10x_rcc.o(.text)
    RCC_APB2PeriphClockCmd                   0x08000ae7   Thumb Code    26  stm32f10x_rcc.o(.text)
    RCC_APB1PeriphClockCmd                   0x08000b01   Thumb Code    26  stm32f10x_rcc.o(.text)
    RCC_AHBPeriphResetCmd                    0x08000b1b   Thumb Code    26  stm32f10x_rcc.o(.text)
    RCC_APB2PeriphResetCmd                   0x08000b35   Thumb Code    26  stm32f10x_rcc.o(.text)
    RCC_APB1PeriphResetCmd                   0x08000b4f   Thumb Code    26  stm32f10x_rcc.o(.text)
    RCC_BackupResetCmd                       0x08000b69   Thumb Code     6  stm32f10x_rcc.o(.text)
    RCC_ClockSecuritySystemCmd               0x08000b6f   Thumb Code     6  stm32f10x_rcc.o(.text)
    RCC_MCOConfig                            0x08000b75   Thumb Code     6  stm32f10x_rcc.o(.text)
    RCC_ClearFlag                            0x08000b7b   Thumb Code    14  stm32f10x_rcc.o(.text)
    RCC_GetITStatus                          0x08000b89   Thumb Code    20  stm32f10x_rcc.o(.text)
    RCC_ClearITPendingBit                    0x08000b9d   Thumb Code     6  stm32f10x_rcc.o(.text)
    SystemInit                               0x08000cc1   Thumb Code    92  system_stm32f10x.o(.text)
    SystemCoreClockUpdate                    0x08000d1d   Thumb Code   232  system_stm32f10x.o(.text)
    __scatterload                            0x08000e35   Thumb Code    28  init.o(.text)
    __scatterload_rt2                        0x08000e35   Thumb Code     0  init.o(.text)
    __scatterload_copy                       0x08000e59   Thumb Code    14  handlers.o(i.__scatterload_copy)
    __scatterload_null                       0x08000e67   Thumb Code     2  handlers.o(i.__scatterload_null)
    __scatterload_zeroinit                   0x08000e69   Thumb Code    14  handlers.o(i.__scatterload_zeroinit)
    Region$$Table$$Base                      0x08000e78   Number         0  anon$$obj.o(Region$$Table)
    Region$$Table$$Limit                     0x08000e98   Number         0  anon$$obj.o(Region$$Table)
    SystemCoreClock                          0x20000014   Data           4  system_stm32f10x.o(.data)
    AHBPrescTable                            0x20000018   Data          16  system_stm32f10x.o(.data)
    __initial_sp                             0x20000428   Data           0  stm32f10x.o(STACK)



==============================================================================

Memory Map of the image

  Image Entry point : 0x08000151

  Load Region LR_IROM1 (Base: 0x08000000, Size: 0x00000ec0, Max: 0x00040000, ABSOLUTE)

    Execution Region ER_IROM1 (Base: 0x08000000, Size: 0x00000e98, Max: 0x00040000, ABSOLUTE)

    Base Addr    Size         Type   Attr      Idx    E Section Name        Object

    0x08000000   0x00000150   Data   RO          118    RESET               stm32f10x.o
    0x08000150   0x00000000   Code   RO          430  * .ARM.Collect$$$$00000000  mc_w.l(entry.o)
    0x08000150   0x00000004   Code   RO          433    .ARM.Collect$$$$00000001  mc_w.l(entry2.o)
    0x08000154   0x00000004   Code   RO          436    .ARM.Collect$$$$00000004  mc_w.l(entry5.o)
    0x08000158   0x00000000   Code   RO          438    .ARM.Collect$$$$00000008  mc_w.l(entry7b.o)
    0x08000158   0x00000000   Code   RO          440    .ARM.Collect$$$$0000000A  mc_w.l(entry8b.o)
    0x08000158   0x00000008   Code   RO          441    .ARM.Collect$$$$0000000B  mc_w.l(entry9a.o)
    0x08000160   0x00000000   Code   RO          443    .ARM.Collect$$$$0000000D  mc_w.l(entry10a.o)
    0x08000160   0x00000000   Code   RO          445    .ARM.Collect$$$$0000000F  mc_w.l(entry11a.o)
    0x08000160   0x00000004   Code   RO          434    .ARM.Collect$$$$00002712  mc_w.l(entry2.o)
    0x08000164   0x000000d0   Code   RO            1    .text               main.o
    0x08000234   0x0000001a   Code   RO          101    .text               stm32f10x_it.o
    0x0800024e   0x00000002   PAD
    0x08000250   0x00000024   Code   RO          119    .text               stm32f10x.o
    0x08000274   0x000000dc   Code   RO          124    .text               misc.o
    0x08000350   0x0000035c   Code   RO          268    .text               stm32f10x_gpio.o
    0x080006ac   0x00000504   Code   RO          316    .text               stm32f10x_rcc.o
    0x08000bb0   0x00000284   Code   RO          412    .text               system_stm32f10x.o
    0x08000e34   0x00000024   Code   RO          447    .text               mc_w.l(init.o)
    0x08000e58   0x0000000e   Code   RO          451    i.__scatterload_copy  mc_w.l(handlers.o)
    0x08000e66   0x00000002   Code   RO          452    i.__scatterload_null  mc_w.l(handlers.o)
    0x08000e68   0x0000000e   Code   RO          453    i.__scatterload_zeroinit  mc_w.l(handlers.o)
    0x08000e76   0x00000002   PAD
    0x08000e78   0x00000020   Data   RO          449    Region$$Table       anon$$obj.o


    Execution Region RW_IRAM1 (Base: 0x20000000, Size: 0x00000428, Max: 0x00010000, ABSOLUTE)

    Base Addr    Size         Type   Attr      Idx    E Section Name        Object

    0x20000000   0x00000014   Data   RW          317    .data               stm32f10x_rcc.o
    0x20000014   0x00000014   Data   RW          413    .data               system_stm32f10x.o
    0x20000028   0x00000400   Zero   RW          116    STACK               stm32f10x.o


==============================================================================

Image component sizes


      Code (inc. data)   RO Data    RW Data    ZI Data      Debug   Object Name

       208         14          0          0          0     248681   main.o
       220         22          0          0          0       1753   misc.o
        36          8        336          0       1024        800   stm32f10x.o
       860         38          0          0          0       5689   stm32f10x_gpio.o
        26          0          0          0          0       1206   stm32f10x_it.o
      1284         64          0         20          0      11270   stm32f10x_rcc.o
       644         48          0         20          0       1959   system_stm32f10x.o

    ----------------------------------------------------------------------
      3280        194        368         40       1024     271358   Object Totals
         0          0         32          0          0          0   (incl. Generated)
         2          0          0          0          0          0   (incl. Padding)

    ----------------------------------------------------------------------

      Code (inc. data)   RO Data    RW Data    ZI Data      Debug   Library Member Name

         0          0          0          0          0          0   entry.o
         0          0          0          0          0          0   entry10a.o
         0          0          0          0          0          0   entry11a.o
         8          4          0          0          0          0   entry2.o
         4          0          0          0          0          0   entry5.o
         0          0          0          0          0          0   entry7b.o
         0          0          0          0          0          0   entry8b.o
         8          4          0          0          0          0   entry9a.o
        30          0          0          0          0          0   handlers.o
        36          8          0          0          0         68   init.o

    ----------------------------------------------------------------------
        88         16          0          0          0         68   Library Totals
         2          0          0          0          0          0   (incl. Padding)

    ----------------------------------------------------------------------

      Code (inc. data)   RO Data    RW Data    ZI Data      Debug   Library Name

        86         16          0          0          0         68   mc_w.l

    ----------------------------------------------------------------------
        88         16          0          0          0         68   Library Totals

    ----------------------------------------------------------------------

==============================================================================


      Code (inc. data)   RO Data    RW Data    ZI Data      Debug   

      3368        210        368         40       1024     271214   Grand Totals
      3368        210        368         40       1024     271214   ELF Image Totals
      3368        210        368         40          0          0   ROM Totals

==============================================================================

    Total RO  Size (Code + RO Data)                 3736 (   3.65kB)
    Total RW  Size (RW Data + ZI Data)              1064 (   1.04kB)
    Total ROM Size (Code + RO Data + RW Data)       3776 (   3.69kB)

==============================================================================

