ARM Linker, 5.03 [Build 24] [MDK-ARM Standard]

==============================================================================

Section Cross References

    main.o(.text) refers to printfa.o(i.__0printf) for __2printf
    main.o(.text) refers to netconf.o(.text) for LwIP_Init
    main.o(.text) refers to i2c_slave_port.o(.text) for slave_i2c_init
    main.o(.text) refers to mqtttask.o(.text) for mqttTaskCreate
    main.o(.text) refers to collectdata.o(.text) for collectTaskCreate
    main.o(.text) refers to loggermanage.o(.text) for initLoggerMng
    main.o(.text) refers to configapp.o(.text) for configTaskCreate
    main.o(.text) refers to tasks.o(.text) for vTaskDelete
    main.o(.text) refers to watchdog.o(.text) for IWDG_Feed
    main.o(.text) refers to stm32f107.o(.text) for System_Setup
    main.o(.text) refers to utils.o(.text) for FreeRTOS_printf_service_init
    main.o(.text) refers to stm32f10x_rcc.o(.text) for RCC_GetFlagStatus
    main.o(.text) refers to rtos_timers.o(.text) for xTimerCreate
    main.o(.text) refers to main.o(.data) for xHandleTaskSystemInit
    stm32f10x_it.o(.text) refers to stm32_eth.o(.text) for ETH_GetDMAFlagStatus
    stm32f10x_it.o(.text) refers to queue.o(.text) for xQueueGiveFromISR
    stm32f10x_it.o(.text) refers to ethernetif.o(.data) for s_xSemaphore
    stm32f10x.o(RESET) refers to stm32f10x.o(STACK) for __initial_sp
    stm32f10x.o(RESET) refers to stm32f10x.o(.text) for Reset_Handler
    stm32f10x.o(RESET) refers to stm32f10x_it.o(.text) for NMI_Handler
    stm32f10x.o(RESET) refers to port.o(.emb_text) for vPortSVCHandler
    stm32f10x.o(RESET) refers to port.o(.text) for xPortSysTickHandler
    stm32f10x.o(RESET) refers to i2c_slave_port.o(.text) for EXTI9_5_IRQHandler
    stm32f10x.o(RESET) refers to serial.o(.text) for vUARTInterruptHandler
    stm32f10x.o(.text) refers to system_stm32f10x.o(.text) for SystemInit
    stm32f10x.o(.text) refers to entry.o(.ARM.Collect$$$$00000000) for __main
    timertest.o(.text) refers to stm32f10x_rcc.o(.text) for RCC_APB1PeriphClockCmd
    timertest.o(.text) refers to stm32f10x_tim.o(.text) for TIM_DeInit
    timertest.o(.text) refers to misc.o(.text) for NVIC_Init
    serial.o(.text) refers to queue.o(.text) for xQueueGenericCreate
    serial.o(.text) refers to stm32f10x_rcc.o(.text) for RCC_APB2PeriphClockCmd
    serial.o(.text) refers to stm32f10x_gpio.o(.text) for GPIO_PinRemapConfig
    serial.o(.text) refers to stm32f10x_usart.o(.text) for USART_Init
    serial.o(.text) refers to misc.o(.text) for NVIC_Init
    serial.o(.text) refers to serial.o(.data) for xRxedChars
    utils.o(.text) refers to serial.o(.text) for xSerialPortInitMinimal
    utils.o(.text) refers to stm32f10x_usart.o(.text) for USART_SendData
    utils.o(.text) refers to strrchr.o(.text) for strrchr
    utils.o(.text) refers to printfa.o(i.__0printf) for __2printf
    utils.o(.text) refers to utils.o(.data) for xPort
    sdcard.o(.text) refers to spi.o(.text) for SPI1_ReadWriteByte
    sdcard.o(.text) refers to stm32f10x_gpio.o(.text) for GPIO_SetBits
    sdcard.o(.text) refers to sdcard.o(.data) for SD_Type
    spi.o(.text) refers to stm32f10x_rcc.o(.text) for RCC_APB2PeriphClockCmd
    spi.o(.text) refers to stm32f10x_gpio.o(.text) for GPIO_Init
    spi.o(.text) refers to stm32f10x_spi.o(.text) for SPI_Init
    common.o(.text) refers to printfa.o(i.__0printf) for __2printf
    common.o(.text) refers to serial.o(.text) for xSerialGetChar
    common.o(.text) refers to memseta.o(.text) for __aeabi_memclr4
    common.o(.text) refers to ff.o(.text) for f_mount
    common.o(.text) refers to common.o(.data) for xPort
    common.o(.text) refers to strlen.o(.text) for strlen
    common.o(.text) refers to strchr.o(.text) for strchr
    common.o(.text) refers to common.o(.bss) for MQTTServerIP
    common.o(.text) refers to minini.o(.text) for ini_gets
    common.o(.text) refers to memcpya.o(.text) for __aeabi_memcpy
    common.o(.text) refers to atoi.o(.text) for atoi
    common.o(.text) refers to strcmp.o(.text) for strcmp
    common.o(.text) refers to common.o(.constdata) for inifile
    netconf.o(.text) refers to tcpip.o(.text) for tcpip_init
    netconf.o(.text) refers to configapp.o(.text) for config_getLocalHostIP
    netconf.o(.text) refers to netif.o(.text) for netif_add
    netconf.o(.text) refers to ethernetif.o(.text) for ethernetif_init
    netconf.o(.text) refers to netconf.o(.bss) for xnetif
    stm32f107.o(.text) refers to stm32f10x_gpio.o(.text) for GPIO_ETH_MediaInterfaceConfig
    stm32f107.o(.text) refers to stm32f10x_rcc.o(.text) for RCC_PLL3Config
    stm32f107.o(.text) refers to stm32_eth.o(.text) for ETH_DeInit
    stm32f107.o(.text) refers to misc.o(.text) for NVIC_SetVectorTable
    stm32f107.o(.text) refers to system_stm32f10x.o(.text) for SystemInit
    stm32f107.o(.text) refers to serial.o(.text) for xSerialPortInitMinimal
    stm32f107.o(.text) refers to stm32f10x_tim.o(.text) for TIM_DeInit
[...]
    USART_SendBreak                          0x08002ecb   Thumb Code    10  stm32f10x_usart.o(.text)
    USART_SetGuardTime                       0x08002ed5   Thumb Code    16  stm32f10x_usart.o(.text)
    USART_SetPrescaler                       0x08002ee5   Thumb Code    16  stm32f10x_usart.o(.text)
    USART_SmartCardCmd                       0x08002ef5   Thumb Code    24  stm32f10x_usart.o(.text)
    USART_SmartCardNACKCmd                   0x08002f0d   Thumb Code    24  stm32f10x_usart.o(.text)
    USART_HalfDuplexCmd                      0x08002f25   Thumb Code    24  stm32f10x_usart.o(.text)
    USART_OverSampling8Cmd                   0x08002f3d   Thumb Code    22  stm32f10x_usart.o(.text)
    USART_OneBitMethodCmd                    0x08002f53   Thumb Code    24  stm32f10x_usart.o(.text)
    USART_IrDAConfig                         0x08002f6b   Thumb Code    18  stm32f10x_usart.o(.text)
    USART_IrDACmd                            0x08002f7d   Thumb Code    24  stm32f10x_usart.o(.text)
    USART_GetFlagStatus                      0x08002f95   Thumb Code    26  stm32f10x_usart.o(.text)
    USART_ClearFlag                          0x08002faf   Thumb Code    18  stm32f10x_usart.o(.text)
    USART_GetITStatus                        0x08002fc1   Thumb Code    84  stm32f10x_usart.o(.text)
    USART_ClearITPendingBit                  0x08003015   Thumb Code    52  stm32f10x_usart.o(.text)
    SystemInit                               0x08003155   Thumb Code    92  system_stm32f10x.o(.text)
    SystemCoreClockUpdate                    0x080031b1   Thumb Code   232  system_stm32f10x.o(.text)
    vListInitialise                          0x080032c9   Thumb Code    26  list.o(.text)
    vListInitialiseItem                      0x080032e3   Thumb Code     6  list.o(.text)
    vListInsertEnd                           0x080032e9   Thumb Code    24  list.o(.text)
    vListInsert                              0x08003301   Thumb Code    52  list.o(.text)
    uxListRemove                             0x08003335   Thumb Code    40  list.o(.text)
    xQueueGenericReset                       0x0800335d   Thumb Code   122  queue.o(.text)
    xQueueGenericCreate                      0x08003401   Thumb Code    56  queue.o(.text)
    xQueueGenericSend                        0x08003551   Thumb Code   272  queue.o(.text)
    xQueueCreateMutex                        0x0800367d   Thumb Code    34  queue.o(.text)
    xQueueGiveMutexRecursive                 0x0800369f   Thumb Code    48  queue.o(.text)
    xQueueGenericReceive                     0x08003713   Thumb Code   342  queue.o(.text)
    xQueueTakeMutexRecursive                 0x08003869   Thumb Code    58  queue.o(.text)
    xQueueCreateCountingSemaphore            0x080038a3   Thumb Code    26  queue.o(.text)
    xQueueGenericSendFromISR                 0x080038bd   Thumb Code   134  queue.o(.text)
    xQueueGiveFromISR                        0x08003943   Thumb Code   120  queue.o(.text)
    xQueueReceiveFromISR                     0x080039bb   Thumb Code   130  queue.o(.text)
    xQueuePeekFromISR                        0x08003a3d   Thumb Code    74  queue.o(.text)
    uxQueueMessagesWaiting                   0x08003a87   Thumb Code    18  queue.o(.text)
    uxQueueSpacesAvailable                   0x08003a99   Thumb Code    24  queue.o(.text)
    uxQueueMessagesWaitingFromISR            0x08003ab1   Thumb Code     6  queue.o(.text)
    vQueueDelete                             0x08003ab7   Thumb Code    14  queue.o(.text)
    uxQueueGetQueueNumber                    0x08003ac5   Thumb Code     6  queue.o(.text)
    vQueueSetQueueNumber                     0x08003acb   Thumb Code     4  queue.o(.text)
    ucQueueGetQueueType                      0x08003acf   Thumb Code     8  queue.o(.text)
    xQueueIsQueueEmptyFromISR                0x08003ad7   Thumb Code    14  queue.o(.text)
    xQueueIsQueueFullFromISR                 0x08003ae5   Thumb Code    18  queue.o(.text)
    vQueueWaitForMessageRestricted           0x08003af7   Thumb Code    70  queue.o(.text)
    xTaskCreate                              0x08003cb5   Thumb Code    96  tasks.o(.text)
    vTaskDelete                              0x08003d51   Thumb Code   166  tasks.o(.text)
    xTaskIncrementTick                       0x08003df7   Thumb Code   252  tasks.o(.text)
    xTaskResumeAll                           0x08003ef3   Thumb Code   284  tasks.o(.text)
    vTaskSuspendAll                          0x0800408b   Thumb Code    12  tasks.o(.text)
    vTaskDelayUntil                          0x08004097   Thumb Code   106  tasks.o(.text)
    vTaskDelay                               0x08004101   Thumb Code    46  tasks.o(.text)
    eTaskGetState                            0x0800412f   Thumb Code    88  tasks.o(.text)
    uxTaskPriorityGet                        0x08004187   Thumb Code    30  tasks.o(.text)
    uxTaskPriorityGetFromISR                 0x080041a5   Thumb Code    52  tasks.o(.text)
    vTaskPrioritySet                         0x080041d9   Thumb Code   226  tasks.o(.text)
    vTaskSwitchContext                       0x080042bb   Thumb Code   184  tasks.o(.text)
    vTaskSuspend                             0x08004373   Thumb Code   230  tasks.o(.text)
    vTaskResume                              0x08004491   Thumb Code   104  tasks.o(.text)
    xTaskResumeFromISR                       0x080044f9   Thumb Code   130  tasks.o(.text)
    vTaskStartScheduler                      0x080045f1   Thumb Code    86  tasks.o(.text)
    vTaskEndScheduler                        0x08004647   Thumb Code    32  tasks.o(.text)
    xTaskGetTickCount                        0x08004667   Thumb Code     6  tasks.o(.text)
    xTaskGetTickCountFromISR                 0x0800466d   Thumb Code     8  tasks.o(.text)
    uxTaskGetNumberOfTasks                   0x08004675   Thumb Code     6  tasks.o(.text)
    pcTaskGetName                            0x0800467b   Thumb Code    20  tasks.o(.text)
    vTaskGetInfo                             0x080046a5   Thumb Code   114  tasks.o(.text)
    uxTaskGetSystemState                     0x08004781   Thumb Code   234  tasks.o(.text)
    vTaskPlaceOnEventList                    0x0800486b   Thumb Code    28  tasks.o(.text)
    vTaskPlaceOnUnorderedEventList           0x08004887   Thumb Code    40  tasks.o(.text)
    vTaskPlaceOnEventListRestricted          0x080048af   Thumb Code    36  tasks.o(.text)
    xTaskRemoveFromEventList                 0x080048d3   Thumb Code   104  tasks.o(.text)
    xTaskRemoveFromUnorderedEventList        0x0800493b   Thumb Code    94  tasks.o(.text)
    vTaskSetTimeOutState                     0x08004999   Thumb Code    14  tasks.o(.text)
    xTaskCheckForTimeOut                     0x080049a7   Thumb Code    84  tasks.o(.text)
    vTaskMissedYield                         0x080049fb   Thumb Code     8  tasks.o(.text)
    uxTaskGetTaskNumber                      0x08004a03   Thumb Code    14  tasks.o(.text)
    vTaskSetTaskNumber                       0x08004a11   Thumb Code     8  tasks.o(.text)
    xTaskGetCurrentTaskHandle                0x08004a19   Thumb Code     6  tasks.o(.text)
    xTaskGetSchedulerState                   0x08004a1f   Thumb Code    24  tasks.o(.text)
    vTaskPriorityInherit                     0x08004a37   Thumb Code   164  tasks.o(.text)
    xTaskPriorityDisinherit                  0x08004adb   Thumb Code   122  tasks.o(.text)
    vTaskList                                0x08004b7f   Thumb Code   262  tasks.o(.text)
    vTaskGetRunTimeStats                     0x08004c85   Thumb Code   182  tasks.o(.text)
    uxTaskResetEventItemValue                0x08004d3b   Thumb Code    24  tasks.o(.text)
    pvTaskIncrementMutexHeldCount            0x08004d53   Thumb Code    26  tasks.o(.text)
    ulTaskNotifyTake                         0x08004d6d   Thumb Code   108  tasks.o(.text)
    xTaskNotifyWait                          0x08004dd9   Thumb Code   150  tasks.o(.text)
    xTaskGenericNotify                       0x08004e6f   Thumb Code   178  tasks.o(.text)
    xTaskGenericNotifyFromISR                0x08004f21   Thumb Code   228  tasks.o(.text)
    vTaskNotifyGiveFromISR                   0x08005005   Thumb Code   230  tasks.o(.text)
    xTaskNotifyStateClear                    0x080050eb   Thumb Code    48  tasks.o(.text)
    xTimerGenericCommand                     0x08005181   Thumb Code   102  rtos_timers.o(.text)
    xTimerCreateTimerTask                    0x08005463   Thumb Code    40  rtos_timers.o(.text)
    xTimerCreate                             0x080054b9   Thumb Code    48  rtos_timers.o(.text)
    xTimerGetTimerDaemonTaskHandle           0x080054e9   Thumb Code     6  rtos_timers.o(.text)
    xTimerGetPeriod                          0x080054ef   Thumb Code     8  rtos_timers.o(.text)
    xTimerGetExpiryTime                      0x080054f7   Thumb Code     8  rtos_timers.o(.text)
    pcTimerGetName                           0x080054ff   Thumb Code     8  rtos_timers.o(.text)
    xTimerIsTimerActive                      0x08005507   Thumb Code    32  rtos_timers.o(.text)
    pvTimerGetTimerID                        0x08005527   Thumb Code    66  rtos_timers.o(.text)
    vTimerSetTimerID                         0x08005569   Thumb Code    20  rtos_timers.o(.text)
    pxPortInitialiseStack                    0x08005593   Thumb Code    30  port.o(.text)
    vPortSetupTimerInterrupt                 0x080055b1   Thumb Code    16  port.o(.text)
    xPortStartScheduler                      0x080055c1   Thumb Code    42  port.o(.text)
    vPortEndScheduler                        0x080055eb   Thumb Code     2  port.o(.text)
    vPortEnterCritical                       0x080055ed   Thumb Code    30  port.o(.text)
    vPortExitCritical                        0x0800560b   Thumb Code    28  port.o(.text)
    xPortSysTickHandler                      0x08005627   Thumb Code    48  port.o(.text)
    pvPortMalloc                             0x08005727   Thumb Code   186  heap_4.o(.text)
    vPortFree                                0x080057e1   Thumb Code    64  heap_4.o(.text)
    xPortGetFreeHeapSize                     0x08005821   Thumb Code     6  heap_4.o(.text)
    xPortGetMinimumEverFreeHeapSize          0x08005827   Thumb Code     6  heap_4.o(.text)
    vPortInitialiseBlocks                    0x0800582d   Thumb Code     2  heap_4.o(.text)
    ETH_DeInit                               0x08005849   Thumb Code    22  stm32_eth.o(.text)
    ETH_WritePHYRegister                     0x0800587b   Thumb Code    96  stm32_eth.o(.text)
    ETH_ReadPHYRegister                      0x080058db   Thumb Code    58  stm32_eth.o(.text)
    ETH_Init                                 0x08005915   Thumb Code   556  stm32_eth.o(.text)
    ETH_StructInit                           0x08005b41   Thumb Code   164  stm32_eth.o(.text)
    ETH_DMAReceptionCmd                      0x08005be5   Thumb Code    30  stm32_eth.o(.text)
    ETH_DMATransmissionCmd                   0x08005c03   Thumb Code    30  stm32_eth.o(.text)
    ETH_MACReceptionCmd                      0x08005c21   Thumb Code    30  stm32_eth.o(.text)
    ETH_FlushTransmitFIFO                    0x08005c3f   Thumb Code    14  stm32_eth.o(.text)
    ETH_MACTransmissionCmd                   0x08005c4d   Thumb Code    68  stm32_eth.o(.text)
    ETH_Start                                0x08005c91   Thumb Code    32  stm32_eth.o(.text)
    ETH_HandleTxPkt                          0x08005cb1   Thumb Code   176  stm32_eth.o(.text)
    ETH_HandleRxPkt                          0x08005d61   Thumb Code   196  stm32_eth.o(.text)
    ETH_GetDMARxDescFrameLength              0x08005e25   Thumb Code    10  stm32_eth.o(.text)
    ETH_GetRxPktSize                         0x08005e2f   Thumb Code    66  stm32_eth.o(.text)
    ETH_DropRxPkt                            0x08005e71   Thumb Code    78  stm32_eth.o(.text)
    ETH_PHYLoopBackCmd                       0x08005ebf   Thumb Code    52  stm32_eth.o(.text)
    ETH_GetFlowControlBusyStatus             0x08005ef3   Thumb Code    20  stm32_eth.o(.text)
    ETH_InitiatePauseControlFrame            0x08005f07   Thumb Code    14  stm32_eth.o(.text)
    ETH_BackPressureActivationCmd            0x08005f15   Thumb Code    30  stm32_eth.o(.text)
    ETH_GetMACFlagStatus                     0x08005f33   Thumb Code    20  stm32_eth.o(.text)
    ETH_GetMACITStatus                       0x08005f47   Thumb Code    20  stm32_eth.o(.text)
    ETH_MACITConfig                          0x08005f5b   Thumb Code    26  stm32_eth.o(.text)
    ETH_MACAddressConfig                     0x08005f75   Thumb Code    46  stm32_eth.o(.text)
    ETH_GetMACAddress                        0x08005fa3   Thumb Code    36  stm32_eth.o(.text)
    ETH_MACAddressPerfectFilterCmd           0x08005fc7   Thumb Code    38  stm32_eth.o(.text)
    ETH_MACAddressFilterConfig               0x08005fed   Thumb Code    40  stm32_eth.o(.text)
    ETH_MACAddressMaskBytesFilterConfig      0x08006015   Thumb Code    32  stm32_eth.o(.text)
    ETH_DMATxDescChainInit                   0x08006035   Thumb Code    70  stm32_eth.o(.text)
    ETH_DMATxDescRingInit                    0x0800607b   Thumb Code    92  stm32_eth.o(.text)
    ETH_GetDMATxDescFlagStatus               0x080060d7   Thumb Code    18  stm32_eth.o(.text)
    ETH_GetDMATxDescCollisionCount           0x080060e9   Thumb Code    10  stm32_eth.o(.text)
    ETH_SetDMATxDescOwnBit                   0x080060f3   Thumb Code    10  stm32_eth.o(.text)
    ETH_DMATxDescTransmitITConfig            0x080060fd   Thumb Code    22  stm32_eth.o(.text)
    ETH_DMATxDescFrameSegmentConfig          0x08006113   Thumb Code     8  stm32_eth.o(.text)
    ETH_DMATxDescChecksumInsertionConfig     0x0800611b   Thumb Code     8  stm32_eth.o(.text)
    ETH_DMATxDescCRCCmd                      0x08006123   Thumb Code    22  stm32_eth.o(.text)
    ETH_DMATxDescEndOfRingCmd                0x08006139   Thumb Code    22  stm32_eth.o(.text)
    ETH_DMATxDescSecondAddressChainedCmd     0x0800614f   Thumb Code    22  stm32_eth.o(.text)
    ETH_DMATxDescShortFramePaddingCmd        0x08006165   Thumb Code    22  stm32_eth.o(.text)
    ETH_DMATxDescTimeStampCmd                0x0800617b   Thumb Code    22  stm32_eth.o(.text)
    ETH_DMATxDescBufferSizeConfig            0x08006191   Thumb Code    14  stm32_eth.o(.text)
    ETH_DMARxDescChainInit                   0x0800619f   Thumb Code    76  stm32_eth.o(.text)
    ETH_DMARxDescRingInit                    0x080061eb   Thumb Code    86  stm32_eth.o(.text)
    ETH_GetDMARxDescFlagStatus               0x08006241   Thumb Code    18  stm32_eth.o(.text)
    ETH_SetDMARxDescOwnBit                   0x08006253   Thumb Code    10  stm32_eth.o(.text)
    ETH_DMARxDescReceiveITConfig             0x0800625d   Thumb Code    22  stm32_eth.o(.text)
    ETH_DMARxDescEndOfRingCmd                0x08006273   Thumb Code    22  stm32_eth.o(.text)
    ETH_DMARxDescSecondAddressChainedCmd     0x08006289   Thumb Code    22  stm32_eth.o(.text)
    ETH_GetDMARxDescBufferSize               0x0800629f   Thumb Code    20  stm32_eth.o(.text)
    ETH_SoftwareReset                        0x080062b3   Thumb Code    14  stm32_eth.o(.text)
    ETH_GetSoftwareResetStatus               0x080062c1   Thumb Code    20  stm32_eth.o(.text)
    ETH_GetDMAFlagStatus                     0x080062d5   Thumb Code    20  stm32_eth.o(.text)
    ETH_DMAClearFlag                         0x080062e9   Thumb Code     6  stm32_eth.o(.text)
    ETH_GetDMAITStatus                       0x080062ef   Thumb Code    20  stm32_eth.o(.text)
    ETH_DMAClearITPendingBit                 0x08006303   Thumb Code     6  stm32_eth.o(.text)
    ETH_GetTransmitProcessState              0x08006309   Thumb Code    10  stm32_eth.o(.text)
    ETH_GetReceiveProcessState               0x08006313   Thumb Code    10  stm32_eth.o(.text)
    ETH_GetFlushTransmitFIFOStatus           0x0800631d   Thumb Code    20  stm32_eth.o(.text)
    ETH_DMAITConfig                          0x08006331   Thumb Code    26  stm32_eth.o(.text)
    ETH_GetDMAOverflowStatus                 0x0800634b   Thumb Code    20  stm32_eth.o(.text)
    ETH_GetRxOverflowMissedFrameCounter      0x0800635f   Thumb Code    10  stm32_eth.o(.text)
    ETH_GetBufferUnavailableMissedFrameCounter 0x08006369   Thumb Code     8  stm32_eth.o(.text)
    ETH_GetCurrentTxDescStartAddress         0x08006371   Thumb Code     6  stm32_eth.o(.text)
    ETH_GetCurrentRxDescStartAddress         0x08006377   Thumb Code     6  stm32_eth.o(.text)
    ETH_GetCurrentTxBufferAddress            0x0800637d   Thumb Code     6  stm32_eth.o(.text)
    ETH_GetCurrentRxBufferAddress            0x08006383   Thumb Code     6  stm32_eth.o(.text)
    ETH_ResumeDMATransmission                0x08006389   Thumb Code     8  stm32_eth.o(.text)
    ETH_ResumeDMAReception                   0x08006391   Thumb Code     8  stm32_eth.o(.text)
    ETH_ResetWakeUpFrameFilterRegisterPointer 0x08006399   Thumb Code    14  stm32_eth.o(.text)
    ETH_SetWakeUpFrameFilterRegister         0x080063a7   Thumb Code    24  stm32_eth.o(.text)
    ETH_GlobalUnicastWakeUpCmd               0x080063bf   Thumb Code    30  stm32_eth.o(.text)
    ETH_GetPMTFlagStatus                     0x080063dd   Thumb Code    20  stm32_eth.o(.text)
    ETH_WakeUpFrameDetectionCmd              0x080063f1   Thumb Code    30  stm32_eth.o(.text)
    ETH_MagicPacketDetectionCmd              0x0800640f   Thumb Code    30  stm32_eth.o(.text)
    ETH_PowerDownCmd                         0x0800642d   Thumb Code    30  stm32_eth.o(.text)
    ETH_MMCCounterFreezeCmd                  0x0800644b   Thumb Code    34  stm32_eth.o(.text)
    ETH_MMCResetOnReadCmd                    0x0800646d   Thumb Code    34  stm32_eth.o(.text)
    ETH_MMCCounterRolloverCmd                0x0800648f   Thumb Code    50  stm32_eth.o(.text)
    ETH_MMCCountersReset                     0x080064c1   Thumb Code    16  stm32_eth.o(.text)
    ETH_MMCITConfig                          0x080064d1   Thumb Code    78  stm32_eth.o(.text)
    ETH_GetMMCITStatus                       0x0800651f   Thumb Code    58  stm32_eth.o(.text)
    ETH_GetMMCRegister                       0x08006559   Thumb Code     8  stm32_eth.o(.text)
    ETH_EnablePTPTimeStampAddend             0x08006561   Thumb Code    14  stm32_eth.o(.text)
    ETH_EnablePTPTimeStampInterruptTrigger   0x0800656f   Thumb Code    14  stm32_eth.o(.text)
    ETH_EnablePTPTimeStampUpdate             0x0800657d   Thumb Code    14  stm32_eth.o(.text)
    ETH_InitializePTPTimeStamp               0x0800658b   Thumb Code    14  stm32_eth.o(.text)
    ETH_PTPUpdateMethodConfig                0x08006599   Thumb Code    30  stm32_eth.o(.text)
    ETH_PTPTimeStampCmd                      0x080065b7   Thumb Code    30  stm32_eth.o(.text)
    ETH_GetPTPFlagStatus                     0x080065d5   Thumb Code    20  stm32_eth.o(.text)
    ETH_SetPTPSubSecondIncrement             0x080065e9   Thumb Code     8  stm32_eth.o(.text)
    ETH_SetPTPTimeStampUpdate                0x080065f1   Thumb Code    20  stm32_eth.o(.text)
    ETH_SetPTPTimeStampAddend                0x08006605   Thumb Code     8  stm32_eth.o(.text)
    ETH_SetPTPTargetTime                     0x0800660d   Thumb Code    12  stm32_eth.o(.text)
    ETH_GetPTPRegister                       0x08006619   Thumb Code     8  stm32_eth.o(.text)
    ETH_DMAPTPTxDescChainInit                0x08006621   Thumb Code    98  stm32_eth.o(.text)
    ETH_DMAPTPRxDescChainInit                0x08006683   Thumb Code   104  stm32_eth.o(.text)
    ETH_HandlePTPTxPkt                       0x080066eb   Thumb Code   302  stm32_eth.o(.text)
    ETH_HandlePTPRxPkt                       0x08006819   Thumb Code   302  stm32_eth.o(.text)
    icmp_input                               0x08006955   Thumb Code   380  icmp.o(.text)
    icmp_dest_unreach                        0x08006b59   Thumb Code    18  icmp.o(.text)
    inet_chksum_pseudo                       0x08006bd3   Thumb Code   170  inet_chksum.o(.text)
    inet_chksum_pseudo_partial               0x08006c7d   Thumb Code   192  inet_chksum.o(.text)
    inet_chksum                              0x08006d3d   Thumb Code    20  inet_chksum.o(.text)
    inet_chksum_pbuf                         0x08006d51   Thumb Code    86  inet_chksum.o(.text)
    ip_route                                 0x08006da9   Thumb Code    80  ip.o(.text)
    ip_input                                 0x08006df9   Thumb Code   428  ip.o(.text)
    ip_output_if                             0x08006fa5   Thumb Code   180  ip.o(.text)
    ip_output                                0x08007059   Thumb Code    60  ip.o(.text)
    ip4_addr_isbroadcast                     0x080070b1   Thumb Code    78  ip_addr.o(.text)
    ip4_addr_netmask_valid                   0x080070ff   Thumb Code    52  ip_addr.o(.text)
    ipaddr_aton                              0x08007133   Thumb Code   348  ip_addr.o(.text)
    ipaddr_addr                              0x0800728f   Thumb Code    24  ip_addr.o(.text)
    ipaddr_ntoa_r                            0x080072a7   Thumb Code   168  ip_addr.o(.text)
    ipaddr_ntoa                              0x0800734f   Thumb Code    16  ip_addr.o(.text)
    lwip_htons                               0x08007365   Thumb Code    12  def.o(.text)
    lwip_ntohs                               0x08007371   Thumb Code    12  def.o(.text)
    lwip_htonl                               0x0800737d   Thumb Code    26  def.o(.text)
    lwip_ntohl                               0x08007397   Thumb Code    12  def.o(.text)
    dns_setserver                            0x080073a5   Thumb Code    28  dns.o(.text)
    dns_init                                 0x080075a3   Thumb Code    82  dns.o(.text)
    dns_getserver                            0x080075f5   Thumb Code    20  dns.o(.text)
    dns_tmr                                  0x08007825   Thumb Code    18  dns.o(.text)
    dns_gethostbyname                        0x0800797b   Thumb Code    86  dns.o(.text)
    lwip_init                                0x080079dd   Thumb Code    40  init.o(.text)
    mem_init                                 0x08007a81   Thumb Code    88  mem.o(.text)
    mem_free                                 0x08007ad9   Thumb Code    90  mem.o(.text)
    mem_trim                                 0x08007b33   Thumb Code   270  mem.o(.text)
    mem_malloc                               0x08007c41   Thumb Code   258  mem.o(.text)
    mem_calloc                               0x08007d43   Thumb Code    34  mem.o(.text)
    memp_init                                0x08007d79   Thumb Code    82  memp.o(.text)
    memp_malloc                              0x08007dcb   Thumb Code    44  memp.o(.text)
    memp_free                                0x08007df7   Thumb Code    28  memp.o(.text)
    netif_init                               0x08007e25   Thumb Code     2  netif.o(.text)
    netif_set_gw                             0x08007e27   Thumb Code    16  netif.o(.text)
    netif_set_netmask                        0x08007e37   Thumb Code    16  netif.o(.text)
    netif_set_ipaddr                         0x08007e47   Thumb Code   124  netif.o(.text)
    netif_set_addr                           0x08007ec3   Thumb Code    40  netif.o(.text)
    netif_add                                0x08007eeb   Thumb Code   128  netif.o(.text)
    netif_set_default                        0x08007f6b   Thumb Code    10  netif.o(.text)
    netif_set_down                           0x08007f75   Thumb Code    42  netif.o(.text)
    netif_remove                             0x08007f9f   Thumb Code    94  netif.o(.text)
    netif_find                               0x08007ffd   Thumb Code    72  netif.o(.text)
    netif_set_up                             0x08008045   Thumb Code    54  netif.o(.text)
    netif_set_link_up                        0x0800807b   Thumb Code    54  netif.o(.text)
    netif_set_link_down                      0x080080b1   Thumb Code    24  netif.o(.text)
    pbuf_free                                0x08008139   Thumb Code   126  pbuf.o(.text)
    pbuf_alloc                               0x080081b7   Thumb Code   428  pbuf.o(.text)
    pbuf_realloc                             0x08008363   Thumb Code   120  pbuf.o(.text)
    pbuf_header                              0x080083db   Thumb Code   134  pbuf.o(.text)
    pbuf_clen                                0x08008461   Thumb Code    18  pbuf.o(.text)
    pbuf_ref                                 0x08008473   Thumb Code    10  pbuf.o(.text)
    pbuf_cat                                 0x0800847d   Thumb Code    56  pbuf.o(.text)
    pbuf_chain                               0x080084b5   Thumb Code    40  pbuf.o(.text)
    pbuf_dechain                             0x080084dd   Thumb Code    66  pbuf.o(.text)
    pbuf_copy                                0x0800851f   Thumb Code   200  pbuf.o(.text)
    pbuf_copy_partial                        0x080085e7   Thumb Code   146  pbuf.o(.text)
    pbuf_take                                0x08008679   Thumb Code   116  pbuf.o(.text)
    pbuf_coalesce                            0x080086ed   Thumb Code    60  pbuf.o(.text)
    pbuf_get_at                              0x08008729   Thumb Code    46  pbuf.o(.text)
    pbuf_memcmp                              0x08008757   Thumb Code    96  pbuf.o(.text)
    pbuf_memfind                             0x080087b7   Thumb Code    76  pbuf.o(.text)
    pbuf_strstr                              0x08008803   Thumb Code    60  pbuf.o(.text)
    raw_input                                0x08008841   Thumb Code   102  raw.o(.text)
    raw_bind                                 0x080088a7   Thumb Code    16  raw.o(.text)
    raw_connect                              0x080088b7   Thumb Code    16  raw.o(.text)
    raw_recv                                 0x080088c7   Thumb Code     6  raw.o(.text)
    raw_sendto                               0x080088cd   Thumb Code   172  raw.o(.text)
    raw_send                                 0x08008979   Thumb Code    18  raw.o(.text)
    raw_remove                               0x0800898b   Thumb Code    60  raw.o(.text)
    raw_new                                  0x080089c7   Thumb Code    46  raw.o(.text)
    tcp_init                                 0x08008a01   Thumb Code     2  tcp.o(.text)
    tcp_seg_free                             0x08008a03   Thumb Code    26  tcp.o(.text)
    tcp_segs_free                            0x08008a1d   Thumb Code    24  tcp.o(.text)
    tcp_pcb_purge                            0x08008a35   Thumb Code   106  tcp.o(.text)
    tcp_slowtmr                              0x08008a9f   Thumb Code   864  tcp.o(.text)
    tcp_pcb_remove                           0x08008dff   Thumb Code   182  tcp.o(.text)
    tcp_close                                0x08009065   Thumb Code    28  tcp.o(.text)
    tcp_update_rcv_ann_wnd                   0x08009081   Thumb Code    78  tcp.o(.text)
    tcp_recved                               0x080090cf   Thumb Code    74  tcp.o(.text)
    tcp_recv_null                            0x08009119   Thumb Code    46  tcp.o(.text)
    tcp_process_refused_data                 0x08009147   Thumb Code   152  tcp.o(.text)
    tcp_fasttmr                              0x080091df   Thumb Code   114  tcp.o(.text)
    tcp_tmr                                  0x08009251   Thumb Code    30  tcp.o(.text)
    tcp_shutdown                             0x0800926f   Thumb Code    98  tcp.o(.text)
    tcp_abandon                              0x080092d1   Thumb Code   182  tcp.o(.text)
    tcp_abort                                0x08009387   Thumb Code    14  tcp.o(.text)
    tcp_bind                                 0x080093f5   Thumb Code   146  tcp.o(.text)
    tcp_listen_with_backlog                  0x0800948f   Thumb Code   198  tcp.o(.text)
    tcp_eff_send_mss                         0x08009555   Thumb Code    46  tcp.o(.text)
    tcp_next_iss                             0x08009583   Thumb Code    20  tcp.o(.text)
    tcp_connect                              0x08009597   Thumb Code   332  tcp.o(.text)
    tcp_setprio                              0x080096e3   Thumb Code     4  tcp.o(.text)
    tcp_seg_copy                             0x080096e7   Thumb Code    78  tcp.o(.text)
    tcp_alloc                                0x080097bb   Thumb Code   202  tcp.o(.text)
    tcp_new                                  0x08009885   Thumb Code    10  tcp.o(.text)
    tcp_arg                                  0x0800988f   Thumb Code     4  tcp.o(.text)
    tcp_recv                                 0x08009893   Thumb Code    10  tcp.o(.text)
    tcp_sent                                 0x0800989d   Thumb Code     8  tcp.o(.text)
    tcp_err                                  0x080098a5   Thumb Code    10  tcp.o(.text)
    tcp_accept                               0x080098af   Thumb Code     4  tcp.o(.text)
    tcp_poll                                 0x080098b3   Thumb Code    14  tcp.o(.text)
    tcp_debug_state_str                      0x080098c1   Thumb Code    10  tcp.o(.text)
    tcp_input                                0x0800abcb   Thumb Code  1164  tcp_in.o(.text)
    tcp_enqueue_flags                        0x0800b1b5   Thumb Code   288  tcp_out.o(.text)
    tcp_send_fin                             0x0800b2d5   Thumb Code    74  tcp_out.o(.text)
    tcp_write                                0x0800b417   Thumb Code   976  tcp_out.o(.text)
    tcp_send_empty_ack                       0x0800b7e7   Thumb Code    86  tcp_out.o(.text)
    tcp_output                               0x0800b90d   Thumb Code   444  tcp_out.o(.text)
    tcp_rst                                  0x0800bac9   Thumb Code   132  tcp_out.o(.text)
    tcp_rexmit_rto                           0x0800bb4d   Thumb Code    58  tcp_out.o(.text)
    tcp_rexmit                               0x0800bb87   Thumb Code    90  tcp_out.o(.text)
    tcp_rexmit_fast                          0x0800bbe1   Thumb Code   120  tcp_out.o(.text)
    tcp_keepalive                            0x0800bc59   Thumb Code    92  tcp_out.o(.text)
    tcp_zero_window_probe                    0x0800bcb5   Thumb Code   180  tcp_out.o(.text)
    sys_timeout                              0x0800bd69   Thumb Code   152  timers.o(.text)
    tcp_timer_needed                         0x0800be29   Thumb Code    38  timers.o(.text)
    sys_timeouts_init                        0x0800be83   Thumb Code    28  timers.o(.text)
    sys_untimeout                            0x0800be9f   Thumb Code    90  timers.o(.text)
    sys_timeouts_mbox_fetch                  0x0800bef9   Thumb Code   132  timers.o(.text)
    udp_init                                 0x0800bf99   Thumb Code     2  udp.o(.text)
    udp_input                                0x0800bfeb   Thumb Code   412  udp.o(.text)
    udp_bind                                 0x0800c187   Thumb Code   146  udp.o(.text)
    udp_sendto_if                            0x0800c219   Thumb Code   240  udp.o(.text)
    udp_sendto                               0x0800c309   Thumb Code    54  udp.o(.text)
    udp_send                                 0x0800c33f   Thumb Code    20  udp.o(.text)
    udp_connect                              0x0800c353   Thumb Code   114  udp.o(.text)
    udp_disconnect                           0x0800c3c5   Thumb Code    16  udp.o(.text)
    udp_recv                                 0x0800c3d5   Thumb Code     6  udp.o(.text)
    udp_remove                               0x0800c3db   Thumb Code    60  udp.o(.text)
    udp_new                                  0x0800c417   Thumb Code    28  udp.o(.text)
    netconn_new_with_proto_and_callback      0x0800c439   Thumb Code   114  api_lib.o(.text)
    netconn_delete                           0x0800c4ab   Thumb Code    36  api_lib.o(.text)
    netconn_getaddr                          0x0800c4cf   Thumb Code    96  api_lib.o(.text)
    netconn_bind                             0x0800c52f   Thumb Code    64  api_lib.o(.text)
    netconn_connect                          0x0800c56f   Thumb Code    64  api_lib.o(.text)
    netconn_disconnect                       0x0800c5af   Thumb Code    54  api_lib.o(.text)
    netconn_listen_with_backlog              0x0800c5e5   Thumb Code    56  api_lib.o(.text)
    netconn_accept                           0x0800c61d   Thumb Code   158  api_lib.o(.text)
    netconn_recv_tcp_pbuf                    0x0800c7b3   Thumb Code    34  api_lib.o(.text)
    netconn_recv                             0x0800c7d5   Thumb Code   188  api_lib.o(.text)
    netconn_recved                           0x0800c891   Thumb Code    46  api_lib.o(.text)
    netconn_send                             0x0800c8bf   Thumb Code    62  api_lib.o(.text)
    netconn_sendto                           0x0800c8fd   Thumb Code    44  api_lib.o(.text)
    netconn_write_partly                     0x0800c929   Thumb Code   154  api_lib.o(.text)
    netconn_close                            0x0800c9ff   Thumb Code    14  api_lib.o(.text)
    netconn_shutdown                         0x0800ca0d   Thumb Code    36  api_lib.o(.text)
    netconn_gethostbyname                    0x0800ca31   Thumb Code    98  api_lib.o(.text)
    netconn_free                             0x0800d063   Thumb Code    58  api_msg.o(.text)
    netconn_alloc                            0x0800d09d   Thumb Code   154  api_msg.o(.text)
    do_newconn                               0x0800d27b   Thumb Code    32  api_msg.o(.text)
    do_delconn                               0x0800d341   Thumb Code   222  api_msg.o(.text)
    do_bind                                  0x0800d41f   Thumb Code   116  api_msg.o(.text)
    do_connect                               0x0800d517   Thumb Code   208  api_msg.o(.text)
    do_disconnect                            0x0800d5e7   Thumb Code    46  api_msg.o(.text)
    do_listen                                0x0800d615   Thumb Code   200  api_msg.o(.text)
    do_send                                  0x0800d6dd   Thumb Code   166  api_msg.o(.text)
    do_recv                                  0x0800d783   Thumb Code    72  api_msg.o(.text)
    do_write                                 0x0800d7cb   Thumb Code   106  api_msg.o(.text)
    do_getaddr                               0x0800d835   Thumb Code   178  api_msg.o(.text)
    do_close                                 0x0800d8e7   Thumb Code   126  api_msg.o(.text)
    do_gethostbyname                         0x0800d99d   Thumb Code    40  api_msg.o(.text)
    netbuf_new                               0x0800d9c9   Thumb Code    30  netbuf.o(.text)
    netbuf_delete                            0x0800d9e7   Thumb Code    32  netbuf.o(.text)
    netbuf_alloc                             0x0800da07   Thumb Code    60  netbuf.o(.text)
    netbuf_free                              0x0800da43   Thumb Code    32  netbuf.o(.text)
    netbuf_ref                               0x0800da63   Thumb Code    74  netbuf.o(.text)
    netbuf_chain                             0x0800daad   Thumb Code    46  netbuf.o(.text)
    netbuf_data                              0x0800dadb   Thumb Code    64  netbuf.o(.text)
    netbuf_next                              0x0800db1b   Thumb Code    46  netbuf.o(.text)
    netbuf_first                             0x0800db49   Thumb Code    16  netbuf.o(.text)
    lwip_gethostbyname                       0x0800db59   Thumb Code    70  netdb.o(.text)
    lwip_gethostbyname_r                     0x0800db9f   Thumb Code   196  netdb.o(.text)
    lwip_freeaddrinfo                        0x0800dc63   Thumb Code    24  netdb.o(.text)
    lwip_getaddrinfo                         0x0800dc7b   Thumb Code   252  netdb.o(.text)
    lwip_socket_init                         0x0800dd91   Thumb Code     2  sockets.o(.text)
    lwip_accept                              0x0800de9f   Thumb Code   386  sockets.o(.text)
    lwip_bind                                0x0800e021   Thumb Code   162  sockets.o(.text)
    lwip_close                               0x0800e0c3   Thumb Code    68  sockets.o(.text)
    lwip_connect                             0x0800e107   Thumb Code   190  sockets.o(.text)
    lwip_listen                              0x0800e1c5   Thumb Code   136  sockets.o(.text)
    lwip_recvfrom                            0x0800e24d   Thumb Code   602  sockets.o(.text)
    lwip_read                                0x0800e4a7   Thumb Code    28  sockets.o(.text)
    lwip_recv                                0x0800e4c3   Thumb Code    34  sockets.o(.text)
    lwip_sendto                              0x0800e4e5   Thumb Code   226  sockets.o(.text)
    lwip_send                                0x0800e5c7   Thumb Code   162  sockets.o(.text)
    lwip_socket                              0x0800e79d   Thumb Code   166  sockets.o(.text)
    lwip_write                               0x0800e843   Thumb Code    22  sockets.o(.text)
    lwip_select                              0x0800e9a9   Thumb Code   658  sockets.o(.text)
    lwip_shutdown                            0x0800ec3b   Thumb Code   156  sockets.o(.text)
    lwip_getpeername                         0x0800ed59   Thumb Code    22  sockets.o(.text)
    lwip_getsockname                         0x0800ed6f   Thumb Code    22  sockets.o(.text)
    lwip_getsockopt                          0x0800ef1b   Thumb Code   364  sockets.o(.text)
    lwip_setsockopt                          0x0800f1cd   Thumb Code   318  sockets.o(.text)
    lwip_ioctl                               0x0800f30b   Thumb Code   116  sockets.o(.text)
    lwip_fcntl                               0x0800f37f   Thumb Code   126  sockets.o(.text)
    tcpip_input                              0x0800f4df   Thumb Code    72  tcpip.o(.text)
    tcpip_callback_with_block                0x0800f527   Thumb Code    90  tcpip.o(.text)
    tcpip_timeout                            0x0800f581   Thumb Code    64  tcpip.o(.text)
    tcpip_untimeout                          0x0800f5c1   Thumb Code    56  tcpip.o(.text)
    tcpip_apimsg                             0x0800f5f9   Thumb Code    60  tcpip.o(.text)
    tcpip_callbackmsg_new                    0x0800f635   Thumb Code    32  tcpip.o(.text)
    tcpip_callbackmsg_delete                 0x0800f655   Thumb Code    14  tcpip.o(.text)
    tcpip_trycallback                        0x0800f663   Thumb Code    28  tcpip.o(.text)
    tcpip_init                               0x0800f67f   Thumb Code    52  tcpip.o(.text)
    pbuf_free_callback                       0x0800f6c1   Thumb Code    16  tcpip.o(.text)
    mem_free_callback                        0x0800f6d1   Thumb Code    16  tcpip.o(.text)
    etharp_tmr                               0x0800f7a3   Thumb Code   146  etharp.o(.text)
    etharp_cleanup_netif                     0x0800fabb   Thumb Code    52  etharp.o(.text)
    etharp_find_addr                         0x0800faef   Thumb Code    92  etharp.o(.text)
    etharp_request                           0x0800fd2f   Thumb Code    40  etharp.o(.text)
    etharp_query                             0x0800fdbf   Thumb Code   420  etharp.o(.text)
    etharp_output                            0x0800ff63   Thumb Code   318  etharp.o(.text)
    ethernet_input                           0x080100a1   Thumb Code   200  etharp.o(.text)
    ETH_RxPkt_ChainMode                      0x08010169   Thumb Code   148  ethernetif.o(.text)
    ETH_TxPkt_ChainMode                      0x0801036f   Thumb Code    94  ethernetif.o(.text)
    ETH_GetCurrentTxBuffer                   0x080103cd   Thumb Code     8  ethernetif.o(.text)
    ethernetif_init                          0x08010465   Thumb Code    50  ethernetif.o(.text)
    sys_init                                 0x080104d9   Thumb Code    26  sys_arch.o(.text)
    sys_sem_new                              0x080104f3   Thumb Code    72  sys_arch.o(.text)
    sys_sem_free                             0x0801053b   Thumb Code    18  sys_arch.o(.text)
    sys_sem_signal                           0x0801054d   Thumb Code    20  sys_arch.o(.text)
    sys_arch_sem_wait                        0x08010561   Thumb Code   110  sys_arch.o(.text)
    sys_sem_valid                            0x080105cf   Thumb Code     6  sys_arch.o(.text)
    sys_sem_set_invalid                      0x080105d5   Thumb Code     6  sys_arch.o(.text)
    sys_mbox_new                             0x080105db   Thumb Code    30  sys_arch.o(.text)
    sys_mbox_free                            0x080105f9   Thumb Code    18  sys_arch.o(.text)
    sys_mbox_post                            0x0801060b   Thumb Code    28  sys_arch.o(.text)
    sys_mbox_trypost                         0x08010627   Thumb Code    30  sys_arch.o(.text)
    sys_arch_mbox_fetch                      0x08010645   Thumb Code   126  sys_arch.o(.text)
    sys_arch_mbox_tryfetch                   0x080106c3   Thumb Code    42  sys_arch.o(.text)
    sys_mbox_valid                           0x080106ed   Thumb Code     6  sys_arch.o(.text)
    sys_mbox_set_invalid                     0x080106f3   Thumb Code     6  sys_arch.o(.text)
    sys_thread_new                           0x080106f9   Thumb Code    74  sys_arch.o(.text)
    sys_arch_protect                         0x08010743   Thumb Code    10  sys_arch.o(.text)
    sys_arch_unprotect                       0x0801074d   Thumb Code    10  sys_arch.o(.text)
    topic_received                           0x08010761   Thumb Code    74  mqtttask.o(.text)
    mqtt_reportCb                            0x080107ab   Thumb Code   254  mqtttask.o(.text)
    mqtt_task                                0x080108c9   Thumb Code   322  mqtttask.o(.text)
    mqttTaskCreate                           0x08010a0b   Thumb Code    40  mqtttask.o(.text)
    mqtt_ReportDataCb                        0x08010a33   Thumb Code   226  mqtttask.o(.text)
    mqtt_IRDataCb                            0x08010b15   Thumb Code   710  mqtttask.o(.text)
    mqtt_SensorDataCb                        0x08010ddb   Thumb Code   196  mqtttask.o(.text)
    mqtt_GwSensorDataCb                      0x08010e9f   Thumb Code   220  mqtttask.o(.text)
    Write_Flash                              0x0801104d   Thumb Code   100  configapp.o(.text)
    Read_Flash                               0x080110b1   Thumb Code    28  configapp.o(.text)
    config_gpio                              0x080110cd   Thumb Code   102  configapp.o(.text)
    config_mqtt                              0x08011133   Thumb Code    84  configapp.o(.text)
    config_IPAddress                         0x08011187   Thumb Code    66  configapp.o(.text)
    config_Show                              0x080111c9   Thumb Code   122  configapp.o(.text)
    config_command                           0x08011243   Thumb Code   314  configapp.o(.text)
    config_task                              0x0801137d   Thumb Code   110  configapp.o(.text)
    config_Recover                           0x080113eb   Thumb Code   446  configapp.o(.text)
    config_getVersion                        0x080115a9   Thumb Code     4  configapp.o(.text)
    config_getMac                            0x080115ad   Thumb Code    12  configapp.o(.text)
    config_getLocalHostIP                    0x080115b9   Thumb Code     8  configapp.o(.text)
    config_getMqttServerIP                   0x080115c1   Thumb Code     8  configapp.o(.text)
    config_getMqttServerPort                 0x080115c9   Thumb Code     6  configapp.o(.text)
    configTaskCreate                         0x080115cf   Thumb Code    28  configapp.o(.text)
    collectData_task                         0x080115f9   Thumb Code   156  collectdata.o(.text)
    collectTaskCreate                        0x08011695   Thumb Code    26  collectdata.o(.text)
    lgm_Addlogger                            0x080116d1   Thumb Code   198  loggermanage.o(.text)
    lgm_ShowAll                              0x08011797   Thumb Code   154  loggermanage.o(.text)
    loggerTimerCallback                      0x08011831   Thumb Code    92  loggermanage.o(.text)
    initLoggerMng                            0x0801188d   Thumb Code    64  loggermanage.o(.text)
    IWDG_Config                              0x08011949   Thumb Code    36  watchdog.o(.text)
    IWDG_Feed                                0x0801196d   Thumb Code     8  watchdog.o(.text)
    NewMessageData                           0x08011975   Thumb Code     6  mqttclient.o(.text)
    getNextPacketId                          0x0801197b   Thumb Code    24  mqttclient.o(.text)
    sendPacket                               0x08011993   Thumb Code    96  mqttclient.o(.text)
    decodePacket                             0x080119f3   Thumb Code   104  mqttclient.o(.text)
    readPacket                               0x08011a5b   Thumb Code   144  mqttclient.o(.text)
    isTopicMatched                           0x08011aeb   Thumb Code   118  mqttclient.o(.text)
    deliverMessage                           0x08011b61   Thumb Code   140  mqttclient.o(.text)
    keepalive                                0x08011bed   Thumb Code   108  mqttclient.o(.text)
    cycle                                    0x08011c59   Thumb Code   318  mqttclient.o(.text)
    NewMQTTClient                            0x08011d97   Thumb Code    82  mqttclient.o(.text)
    MQTTYield                                0x08011de9   Thumb Code    58  mqttclient.o(.text)
    waitfor                                  0x08011e23   Thumb Code    48  mqttclient.o(.text)
    MQTTConnect                              0x08011e53   Thumb Code   162  mqttclient.o(.text)
    MQTTSubscribe                            0x08011ef5   Thumb Code   220  mqttclient.o(.text)
    MQTTUnsubscribe                          0x08011fd1   Thumb Code   144  mqttclient.o(.text)
    MQTTPublish                              0x08012061   Thumb Code   262  mqttclient.o(.text)
    MQTTDisconnect                           0x08012167   Thumb Code    56  mqttclient.o(.text)
    MQTTSerialize_connectLength              0x080121a5   Thumb Code   118  mqttconnectclient.o(.text)
    MQTTSerialize_connect                    0x0801221b   Thumb Code   342  mqttconnectclient.o(.text)
    MQTTDeserialize_connack                  0x08012371   Thumb Code   118  mqttconnectclient.o(.text)
    MQTTSerialize_zero                       0x080123e7   Thumb Code    76  mqttconnectclient.o(.text)
    MQTTSerialize_disconnect                 0x08012433   Thumb Code    18  mqttconnectclient.o(.text)
    MQTTSerialize_pingreq                    0x08012445   Thumb Code    18  mqttconnectclient.o(.text)
    MQTTDeserialize_publish                  0x08012469   Thumb Code   168  mqttdeserializepublish.o(.text)
    MQTTDeserialize_ack                      0x08012511   Thumb Code   108  mqttdeserializepublish.o(.text)
    expired                                  0x0801257d   Thumb Code    18  mqttfreertosimpl.o(.text)
    countdown_ms                             0x0801258f   Thumb Code    18  mqttfreertosimpl.o(.text)
    countdown                                0x080125a1   Thumb Code    16  mqttfreertosimpl.o(.text)
    left_ms                                  0x080125b1   Thumb Code    26  mqttfreertosimpl.o(.text)
    InitTimer                                0x080125cb   Thumb Code     6  mqttfreertosimpl.o(.text)
    delay                                    0x080125d1   Thumb Code    12  mqttfreertosimpl.o(.text)
    FreeRTOS_MQTT_read                       0x080125dd   Thumb Code   110  mqttfreertosimpl.o(.text)
    FreeRTOS_MQTT_write                      0x0801264b   Thumb Code   104  mqttfreertosimpl.o(.text)
    NewNetwork                               0x080126b3   Thumb Code    20  mqttfreertosimpl.o(.text)
    host2addr                                0x080126c7   Thumb Code    76  mqttfreertosimpl.o(.text)
    ConnectNetwork                           0x08012713   Thumb Code   100  mqttfreertosimpl.o(.text)
    DisconnectNetwork                        0x08012777   Thumb Code    20  mqttfreertosimpl.o(.text)
    MQTTPacket_encode                        0x0801278d   Thumb Code    54  mqttpacket.o(.text)
    MQTTPacket_decode                        0x080127c3   Thumb Code    86  mqttpacket.o(.text)
    MQTTPacket_len                           0x08012819   Thumb Code    34  mqttpacket.o(.text)
    bufchar                                  0x0801283b   Thumb Code    36  mqttpacket.o(.text)
    MQTTPacket_decodeBuf                     0x0801285f   Thumb Code    22  mqttpacket.o(.text)
    readInt                                  0x08012875   Thumb Code    26  mqttpacket.o(.text)
    readChar                                 0x0801288f   Thumb Code    14  mqttpacket.o(.text)
    writeChar                                0x0801289d   Thumb Code    12  mqttpacket.o(.text)
    writeInt                                 0x080128a9   Thumb Code    48  mqttpacket.o(.text)
    writeCString                             0x080128d9   Thumb Code    40  mqttpacket.o(.text)
    getLenStringLen                          0x08012901   Thumb Code    18  mqttpacket.o(.text)
    writeMQTTString                          0x08012913   Thumb Code    62  mqttpacket.o(.text)
    readMQTTLenString                        0x08012951   Thumb Code    58  mqttpacket.o(.text)
    MQTTstrlen                               0x0801298b   Thumb Code    24  mqttpacket.o(.text)
    MQTTPacket_equals                        0x080129a3   Thumb Code    66  mqttpacket.o(.text)
    MQTTPacket_read                          0x080129e5   Thumb Code    98  mqttpacket.o(.text)
    MQTTPacket_readnb                        0x08012aab   Thumb Code   200  mqttpacket.o(.text)
    MQTTSerialize_publishLength              0x08012b7d   Thumb Code    34  mqttserializepublish.o(.text)
    MQTTSerialize_publish                    0x08012b9f   Thumb Code   176  mqttserializepublish.o(.text)
    MQTTSerialize_ack                        0x08012c4f   Thumb Code   114  mqttserializepublish.o(.text)
    MQTTSerialize_puback                     0x08012cc1   Thumb Code    24  mqttserializepublish.o(.text)
    MQTTSerialize_pubrel                     0x08012cd9   Thumb Code    26  mqttserializepublish.o(.text)
    MQTTSerialize_pubcomp                    0x08012cf3   Thumb Code    24  mqttserializepublish.o(.text)
    MQTTSerialize_subscribeLength            0x08012d0b   Thumb Code    46  mqttsubscribeclient.o(.text)
    MQTTSerialize_subscribe                  0x08012d39   Thumb Code   176  mqttsubscribeclient.o(.text)
    MQTTDeserialize_suback                   0x08012de9   Thumb Code   146  mqttsubscribeclient.o(.text)
    MQTTSerialize_unsubscribeLength          0x08012e7b   Thumb Code    46  mqttunsubscribeclient.o(.text)
    MQTTSerialize_unsubscribe                0x08012ea9   Thumb Code   166  mqttunsubscribeclient.o(.text)
    MQTTDeserialize_unsuback                 0x08012f4f   Thumb Code    46  mqttunsubscribeclient.o(.text)
    I2C_SCL_H                                0x08012f7d   Thumb Code    22  i2c_slave.o(.text)
    I2C_SCL_L                                0x08012f93   Thumb Code    22  i2c_slave.o(.text)
    I2C_SDA_H                                0x08012fa9   Thumb Code    38  i2c_slave.o(.text)
    I2C_SDA_L                                0x08012fcf   Thumb Code    38  i2c_slave.o(.text)
    i2c_slave_p                              0x08012ff5   Thumb Code   340  i2c_slave.o(.text)
    i2c_slave_scl_h                          0x08013149   Thumb Code   156  i2c_slave.o(.text)
    i2c_slave_scl_l                          0x080131e5   Thumb Code     8  i2c_slave.o(.text)
    i2c_slave_sda_h                          0x080131ed   Thumb Code    76  i2c_slave.o(.text)
    i2c_slave_sda_l                          0x08013239   Thumb Code    40  i2c_slave.o(.text)
    i2c_init_buf                             0x08013261   Thumb Code    12  i2c_slave.o(.text)
    i2c_get_buf                              0x0801326d   Thumb Code    30  i2c_slave.o(.text)
    i2c_getNext_buf                          0x0801328b   Thumb Code    54  i2c_slave.o(.text)
    Exit_Config                              0x080132e5   Thumb Code   142  i2c_slave_port.o(.text)
    i2c_slave_sda_int_en                     0x08013373   Thumb Code    42  i2c_slave_port.o(.text)
    i2c_slave_scl_int_en                     0x0801339d   Thumb Code    42  i2c_slave_port.o(.text)
    i2c_slave_port_init                      0x080133c7   Thumb Code    48  i2c_slave_port.o(.text)
    slave_i2c_init                           0x080133f7   Thumb Code    12  i2c_slave_port.o(.text)
    i2c_slave_scl_int_dis                    0x08013403   Thumb Code    34  i2c_slave_port.o(.text)
    i2c_slave_sda_int_dis                    0x08013425   Thumb Code    34  i2c_slave_port.o(.text)
    i2c_slave_write_byte                     0x08013447   Thumb Code    10  i2c_slave_port.o(.text)
    i2c_slave_read_byte                      0x08013451   Thumb Code    12  i2c_slave_port.o(.text)
    EXTI9_5_IRQHandler                       0x0801345d   Thumb Code    86  i2c_slave_port.o(.text)
    udelay                                   0x080134bd   Thumb Code    12  i2c_master.o(.text)
    set_gpio_direction                       0x080134c9   Thumb Code    30  i2c_master.o(.text)
    get_gpio_value                           0x080134e7   Thumb Code    14  i2c_master.o(.text)
    simI2c_master_init                       0x080134f5   Thumb Code    28  i2c_master.o(.text)
    simI2c_start                             0x08013511   Thumb Code    80  i2c_master.o(.text)
    simI2c_stop                              0x08013561   Thumb Code    44  i2c_master.o(.text)
    simI2c_read_ack                          0x0801358d   Thumb Code    54  i2c_master.o(.text)
    simI2c_send_ack                          0x080135c3   Thumb Code    48  i2c_master.o(.text)
    simI2c_write_byte                        0x080135f3   Thumb Code   130  i2c_master.o(.text)
    simI2c_read_byte                         0x08013675   Thumb Code    78  i2c_master.o(.text)
    simI2c_read                              0x080136c3   Thumb Code    54  i2c_master.o(.text)
    simI2c_write                             0x080136f9   Thumb Code    54  i2c_master.o(.text)
    __aeabi_memcpy                           0x0801373d   Thumb Code    36  memcpya.o(.text)
    __aeabi_memcpy4                          0x0801373d   Thumb Code     0  memcpya.o(.text)
    __aeabi_memcpy8                          0x0801373d   Thumb Code     0  memcpya.o(.text)
    __aeabi_memset                           0x08013761   Thumb Code    14  memseta.o(.text)
    __aeabi_memset4                          0x08013761   Thumb Code     0  memseta.o(.text)
    __aeabi_memset8                          0x08013761   Thumb Code     0  memseta.o(.text)
    __aeabi_memclr                           0x0801376f   Thumb Code     4  memseta.o(.text)
    __aeabi_memclr4                          0x0801376f   Thumb Code     0  memseta.o(.text)
    __aeabi_memclr8                          0x0801376f   Thumb Code     0  memseta.o(.text)
    _memset$wrapper                          0x08013773   Thumb Code    18  memseta.o(.text)
    strlen                                   0x08013785   Thumb Code    14  strlen.o(.text)
    strcmp                                   0x08013793   Thumb Code    28  strcmp.o(.text)
    memcmp                                   0x080137af   Thumb Code    26  memcmp.o(.text)
    strcpy                                   0x080137c9   Thumb Code    18  strcpy.o(.text)
    strncmp                                  0x080137db   Thumb Code    30  strncmp.o(.text)
    strrchr                                  0x080137f9   Thumb Code    32  strrchr.o(.text)
    strtol                                   0x08013819   Thumb Code   112  strtol.o(.text)
    atoi                                     0x08013889   Thumb Code    26  atoi.o(.text)
    __aeabi_fdiv                             0x080138a3   Thumb Code   128  fdiv.o(.text)
    __aeabi_ui2f                             0x08013923   Thumb Code    10  ffltui.o(.text)
    __aeabi_f2d                              0x0801392d   Thumb Code    38  f2d.o(.text)
    __aeabi_uidiv                            0x08013953   Thumb Code     0  uidiv.o(.text)
    __aeabi_uidivmod                         0x08013953   Thumb Code    44  uidiv.o(.text)
    __aeabi_uldivmod                         0x0801397f   Thumb Code    98  uldiv.o(.text)
    __rt_ctype_table                         0x080139e1   Thumb Code     4  ctype_o.o(.text)
    _strtoul                                 0x080139e9   Thumb Code   158  _strtoul.o(.text)
    __I$use$fp                               0x08013a87   Thumb Code     0  iusefp.o(.text)
    _float_round                             0x08013a87   Thumb Code    18  fepilogue.o(.text)
    _float_epilogue                          0x08013a99   Thumb Code    90  fepilogue.o(.text)
    __aeabi_dadd                             0x08013af3   Thumb Code   322  dadd.o(.text)
    __aeabi_dsub                             0x08013c35   Thumb Code     6  dadd.o(.text)
    __aeabi_drsub                            0x08013c3b   Thumb Code     6  dadd.o(.text)
    __aeabi_dmul                             0x08013c41   Thumb Code   228  dmul.o(.text)
    __aeabi_ddiv                             0x08013d25   Thumb Code   222  ddiv.o(.text)
    __aeabi_d2ulz                            0x08013e03   Thumb Code    48  dfixul.o(.text)
    __aeabi_cdrcmple                         0x08013e35   Thumb Code    38  cdrcmple.o(.text)
    __scatterload                            0x08013e5d   Thumb Code    28  init.o(.text)
    __scatterload_rt2                        0x08013e5d   Thumb Code     0  init.o(.text)
    __aeabi_llsl                             0x08013e81   Thumb Code    30  llshl.o(.text)
    _ll_shift_l                              0x08013e81   Thumb Code     0  llshl.o(.text)
    __aeabi_llsr                             0x08013e9f   Thumb Code    32  llushr.o(.text)
    _ll_ushift_r                             0x08013e9f   Thumb Code     0  llushr.o(.text)
    __aeabi_lasr                             0x08013ebf   Thumb Code    36  llsshr.o(.text)
    _ll_sshift_r                             0x08013ebf   Thumb Code     0  llsshr.o(.text)
    _chval                                   0x08013ee3   Thumb Code    28  _chval.o(.text)
    _double_round                            0x08013eff   Thumb Code    26  depilogue.o(.text)
    _double_epilogue                         0x08013f19   Thumb Code   164  depilogue.o(.text)
    __decompress                             0x08013fbd   Thumb Code     0  __dczerorl2.o(.text)
    __decompress1                            0x08013fbd   Thumb Code    92  __dczerorl2.o(.text)
    __0printf                                0x08014019   Thumb Code    22  printfa.o(i.__0printf)
    __1printf                                0x08014019   Thumb Code     0  printfa.o(i.__0printf)
    __2printf                                0x08014019   Thumb Code     0  printfa.o(i.__0printf)
    __c89printf                              0x08014019   Thumb Code     0  printfa.o(i.__0printf)
    printf                                   0x08014019   Thumb Code     0  printfa.o(i.__0printf)
    __0sprintf                               0x08014039   Thumb Code    34  printfa.o(i.__0sprintf)
    __1sprintf                               0x08014039   Thumb Code     0  printfa.o(i.__0sprintf)
    __2sprintf                               0x08014039   Thumb Code     0  printfa.o(i.__0sprintf)
    __c89sprintf                             0x08014039   Thumb Code     0  printfa.o(i.__0sprintf)
    sprintf                                  0x08014039   Thumb Code     0  printfa.o(i.__0sprintf)
    __aeabi_errno_addr                       0x08014061   Thumb Code     4  errno.o(i.__aeabi_errno_addr)
    __rt_errno_addr                          0x08014061   Thumb Code     0  errno.o(i.__aeabi_errno_addr)
    __scatterload_copy                       0x08014069   Thumb Code    14  handlers.o(i.__scatterload_copy)
    __scatterload_null                       0x08014077   Thumb Code     2  handlers.o(i.__scatterload_null)
    __scatterload_zeroinit                   0x08014079   Thumb Code    14  handlers.o(i.__scatterload_zeroinit)
    ip_addr_any                              0x08014934   Data           4  ip_addr.o(.constdata)
    ip_addr_broadcast                        0x08014938   Data           4  ip_addr.o(.constdata)
    tcp_state_str                            0x08014974   Data          44  tcp.o(.constdata)
    tcp_backoff                              0x080149a0   Data          13  tcp.o(.constdata)
    tcp_persist_backoff                      0x080149ad   Data           7  tcp.o(.constdata)
    tcp_pcb_lists                            0x080149b4   Data          16  tcp.o(.constdata)
    ethbroadcast                             0x08014a04   Data           6  etharp.o(.constdata)
    ethzero                                  0x08014a0a   Data           6  etharp.o(.constdata)
    __ctype_table                            0x08014ac0   Data         129  ctype_o.o(.constdata)
    Region$$Table$$Base                      0x08014bb0   Number         0  anon$$obj.o(Region$$Table)
    Region$$Table$$Limit                     0x08014bd0   Number         0  anon$$obj.o(Region$$Table)
    wdgTimerHandle                           0x20000004   Data           4  main.o(.data)
    usMaxJitter                              0x20000008   Data           2  timertest.o(.data)
    ulRunTimeStatsClock                      0x2000000c   Data           4  timertest.o(.data)
    SystemCoreClock                          0x20000030   Data           4  system_stm32f10x.o(.data)
    AHBPrescTable                            0x20000034   Data          16  system_stm32f10x.o(.data)
    pxCurrentTCB                             0x20000044   Data           4  tasks.o(.data)
    DMATxDescToSet                           0x200000b8   Data           4  stm32_eth.o(.data)
    DMARxDescToGet                           0x200000bc   Data           4  stm32_eth.o(.data)
    DMAPTPTxDescToSet                        0x200000c0   Data           4  stm32_eth.o(.data)
    DMAPTPRxDescToGet                        0x200000c4   Data           4  stm32_eth.o(.data)
    current_netif                            0x200000c8   Data           4  ip.o(.data)
    current_header                           0x200000cc   Data           4  ip.o(.data)
    current_iphdr_src                        0x200000d0   Data           4  ip.o(.data)
    current_iphdr_dest                       0x200000d4   Data           4  ip.o(.data)
    netif_list                               0x20000100   Data           4  netif.o(.data)
    netif_default                            0x20000104   Data           4  netif.o(.data)
    pbuf_free_ooseq_pending                  0x20000109   Data           1  pbuf.o(.data)
    tcp_ticks                                0x20000118   Data           4  tcp.o(.data)
    tcp_bound_pcbs                           0x2000011c   Data           4  tcp.o(.data)
    tcp_listen_pcbs                          0x20000120   Data           4  tcp.o(.data)
    tcp_active_pcbs                          0x20000124   Data           4  tcp.o(.data)
    tcp_tw_pcbs                              0x20000128   Data           4  tcp.o(.data)
    tcp_tmp_pcb                              0x2000012c   Data           4  tcp.o(.data)
    tcp_active_pcbs_changed                  0x20000130   Data           1  tcp.o(.data)
    tcp_input_pcb                            0x20000150   Data           4  tcp_in.o(.data)
    udp_pcbs                                 0x20000160   Data           4  udp.o(.data)
    h_errno                                  0x20000174   Data           4  netdb.o(.data)
    s_xSemaphore                             0x20000194   Data           4  ethernetif.o(.data)
    g_timer                                  0x200001a0   Data           4  mqtttask.o(.data)
    g_reportPacketStat                       0x200001a4   Data           2  mqtttask.o(.data)
    g_mqttConnect                            0x200001a6   Data           1  mqtttask.o(.data)
    publish_queue                            0x200001a8   Data           4  mqtttask.o(.data)
    reportTimerHandle                        0x200001ac   Data           4  mqtttask.o(.data)
    loggerMngTimerCount                      0x200001b0   Data           4  loggermanage.o(.data)
    loggerMngTimerHandle                     0x200001b4   Data           4  loggermanage.o(.data)
    i2c_slave_mode                           0x200001bc   Data           1  i2c_slave.o(.data)
    I2C_DATA_TEMP                            0x200001bd   Data           1  i2c_slave.o(.data)
    i2c_slave_reg_p                          0x200001be   Data           1  i2c_slave.o(.data)
    i2c_slave_data_p                         0x200001bf   Data           1  i2c_slave.o(.data)
    g_I2cBufreadIndex                        0x200001c0   Data           1  i2c_slave.o(.data)
    g_I2cBufwriteIndex                       0x200001c1   Data           1  i2c_slave.o(.data)
    __stdout                                 0x200001e4   Data           4  stdout.o(.data)
    xnetif                                   0x200001ec   Data          48  netconf.o(.bss)
    ram_heap                                 0x2000817f   Data        4116  mem.o(.bss)
    DMARxDscrTab                             0x2000bba8   Data          64  ethernetif.o(.bss)
    DMATxDscrTab                             0x2000bbe8   Data          32  ethernetif.o(.bss)
    Rx_Buff                                  0x2000bc08   Data        6080  ethernetif.o(.bss)
    Tx_Buff                                  0x2000d3c8   Data        3040  ethernetif.o(.bss)
    words                                    0x2000e134   Data          32  configapp.o(.bss)
    g_logger                                 0x2000e154   Data         192  loggermanage.o(.bss)
    g_I2cBufRing                             0x2000e214   Data         528  i2c_slave.o(.bss)
    g_I2cBuf                                 0x2000e424   Data          33  i2c_slave.o(.bss)
    __initial_sp                             0x2000e848   Data           0  stm32f10x.o(STACK)



==============================================================================

Memory Map of the image

  Image Entry point : 0x08000151

  Load Region LR_IROM1 (Base: 0x08000000, Size: 0x00014dbc, Max: 0x00040000, ABSOLUTE, COMPRESSED[0x00014c0c])

    Execution Region ER_IROM1 (Base: 0x08000000, Size: 0x00014bd0, Max: 0x00040000, ABSOLUTE)

    Base Addr    Size         Type   Attr      Idx    E Section Name        Object

    0x08000000   0x00000150   Data   RO          255    RESET               stm32f10x.o
    0x08000150   0x00000000   Code   RO         1941  * .ARM.Collect$$$$00000000  mc_w.l(entry.o)
    0x08000150   0x00000004   Code   RO         2237    .ARM.Collect$$$$00000001  mc_w.l(entry2.o)
    0x08000154   0x00000004   Code   RO         2240    .ARM.Collect$$$$00000004  mc_w.l(entry5.o)
    0x08000158   0x00000000   Code   RO         2242    .ARM.Collect$$$$00000008  mc_w.l(entry7b.o)
    0x08000158   0x00000000   Code   RO         2244    .ARM.Collect$$$$0000000A  mc_w.l(entry8b.o)
    0x08000158   0x00000008   Code   RO         2245    .ARM.Collect$$$$0000000B  mc_w.l(entry9a.o)
    0x08000160   0x00000000   Code   RO         2247    .ARM.Collect$$$$0000000D  mc_w.l(entry10a.o)
    0x08000160   0x00000000   Code   RO         2249    .ARM.Collect$$$$0000000F  mc_w.l(entry11a.o)
    0x08000160   0x00000004   Code   RO         2238    .ARM.Collect$$$$00002712  mc_w.l(entry2.o)
    0x08000164   0x00000096   Code   RO          910    .emb_text           port.o
    0x080001fa   0x00000002   PAD
    0x080001fc   0x0000033c   Code   RO            1    .text               main.o
    0x08000538   0x00000064   Code   RO          201    .text               stm32f10x_it.o
    0x0800059c   0x00000024   Code   RO          256    .text               stm32f10x.o
    0x080005c0   0x00000234   Code   RO          279    .text               serial.o
    0x080007f4   0x000001e4   Code   RO          293    .text               utils.o
    0x080009d8   0x00000088   Code   RO          385    .text               netconf.o
    0x08000a60   0x00000374   Code   RO          466    .text               stm32f107.o
    0x08000dd4   0x000000dc   Code   RO          482    .text               misc.o
    0x08000eb0   0x0000011c   Code   RO          590    .text               stm32f10x_exti.o
    0x08000fcc   0x000005bc   Code   RO          602    .text               stm32f10x_flash.o
    0x08001588   0x00000358   Code   RO          626    .text               stm32f10x_gpio.o
    0x080018e0   0x00000040   Code   RO          650    .text               stm32f10x_iwdg.o
    0x08001920   0x00000504   Code   RO          674    .text               stm32f10x_rcc.o
    0x08001e24   0x00000e1a   Code   RO          724    .text               stm32f10x_tim.o
    0x08002c3e   0x00000002   PAD
    0x08002c40   0x00000408   Code   RO          736    .text               stm32f10x_usart.o
    0x08003048   0x00000280   Code   RO          770    .text               system_stm32f10x.o
    0x080032c8   0x00000094   Code   RO          833    .text               list.o
    0x0800335c   0x000007e4   Code   RO          845    .text               queue.o
    0x08003b40   0x000015f0   Code   RO          860    .text               tasks.o
    0x08005130   0x0000044c   Code   RO          895    .text               rtos_timers.o
    0x0800557c   0x000000e8   Code   RO          911    .text               port.o
    0x08005664   0x000001e4   Code   RO          940    .text               heap_4.o
    0x08005848   0x0000110c   Code   RO         1016    .text               stm32_eth.o
    0x08006954   0x00000220   Code   RO         1037    .text               icmp.o
    0x08006b74   0x00000232   Code   RO         1084    .text               inet_chksum.o
    0x08006da6   0x00000002   PAD
    0x08006da8   0x00000308   Code   RO         1096    .text               ip.o
    0x080070b0   0x000002b4   Code   RO         1140    .text               ip_addr.o
    0x08007364   0x0000003e   Code   RO         1169    .text               def.o
    0x080073a2   0x00000002   PAD
    0x080073a4   0x00000638   Code   RO         1187    .text               dns.o
    0x080079dc   0x00000028   Code   RO         1205    .text               init.o
    0x08007a04   0x00000374   Code   RO         1236    .text               mem.o
    0x08007d78   0x000000ac   Code   RO         1252    .text               memp.o
    0x08007e24   0x000002b8   Code   RO         1284    .text               netif.o
    0x080080dc   0x00000762   Code   RO         1306    .text               pbuf.o
    0x0800883e   0x00000002   PAD
    0x08008840   0x000001c0   Code   RO         1330    .text               raw.o
    0x08008a00   0x00000ee4   Code   RO         1362    .text               tcp.o
    0x080098e4   0x000017a0   Code   RO         1386    .text               tcp_in.o
    0x0800b084   0x00000ce4   Code   RO         1409    .text               tcp_out.o
    0x0800bd68   0x00000230   Code   RO         1421    .text               timers.o
    0x0800bf98   0x000004a0   Code   RO         1435    .text               udp.o
    0x0800c438   0x00000670   Code   RO         1453    .text               api_lib.o
    0x0800caa8   0x00000f20   Code   RO         1484    .text               api_msg.o
    0x0800d9c8   0x00000190   Code   RO         1511    .text               netbuf.o
    0x0800db58   0x00000238   Code   RO         1526    .text               netdb.o
    0x0800dd90   0x00001678   Code   RO         1560    .text               sockets.o
    0x0800f408   0x00000300   Code   RO         1576    .text               tcpip.o
    0x0800f708   0x00000a60   Code   RO         1599    .text               etharp.o
    0x08010168   0x00000370   Code   RO         1619    .text               ethernetif.o
    0x080104d8   0x00000288   Code   RO         1645    .text               sys_arch.o
    0x08010760   0x000008ec   Code   RO         1664    .text               mqtttask.o
    0x0801104c   0x000005ac   Code   RO         1711    .text               configapp.o
    0x080115f8   0x000000d8   Code   RO         1736    .text               collectdata.o
    0x080116d0   0x00000278   Code   RO         1751    .text               loggermanage.o
    0x08011948   0x0000002c   Code   RO         1767    .text               watchdog.o
    0x08011974   0x00000830   Code   RO         1779    .text               mqttclient.o
    0x080121a4   0x000002c4   Code   RO         1792    .text               mqttconnectclient.o
    0x08012468   0x00000114   Code   RO         1804    .text               mqttdeserializepublish.o
    0x0801257c   0x0000020e   Code   RO         1817    .text               mqttfreertosimpl.o
    0x0801278a   0x00000002   PAD
    0x0801278c   0x000003f0   Code   RO         1846    .text               mqttpacket.o
    0x08012b7c   0x0000018e   Code   RO         1860    .text               mqttserializepublish.o
    0x08012d0a   0x00000170   Code   RO         1872    .text               mqttsubscribeclient.o
    0x08012e7a   0x00000102   Code   RO         1884    .text               mqttunsubscribeclient.o
    0x08012f7c   0x00000368   Code   RO         1896    .text               i2c_slave.o
    0x080132e4   0x000001d8   Code   RO         1915    .text               i2c_slave_port.o
    0x080134bc   0x00000280   Code   RO         1929    .text               i2c_master.o
    0x0801373c   0x00000024   Code   RO         1946    .text               mc_w.l(memcpya.o)
    0x08013760   0x00000024   Code   RO         1948    .text               mc_w.l(memseta.o)
    0x08013784   0x0000000e   Code   RO         1952    .text               mc_w.l(strlen.o)
    0x08013792   0x0000001c   Code   RO         1954    .text               mc_w.l(strcmp.o)
    0x080137ae   0x0000001a   Code   RO         1956    .text               mc_w.l(memcmp.o)
    0x080137c8   0x00000012   Code   RO         1958    .text               mc_w.l(strcpy.o)
    0x080137da   0x0000001e   Code   RO         1960    .text               mc_w.l(strncmp.o)
    0x080137f8   0x00000020   Code   RO         1962    .text               mc_w.l(strrchr.o)
    0x08013818   0x00000070   Code   RO         2227    .text               mc_w.l(strtol.o)
    0x08013888   0x0000001a   Code   RO         2229    .text               mc_w.l(atoi.o)
    0x080138a2   0x00000080   Code   RO         2231    .text               mf_w.l(fdiv.o)
    0x08013922   0x0000000a   Code   RO         2233    .text               mf_w.l(ffltui.o)
    0x0801392c   0x00000026   Code   RO         2235    .text               mf_w.l(f2d.o)
    0x08013952   0x0000002c   Code   RO         2252    .text               mc_w.l(uidiv.o)
    0x0801397e   0x00000062   Code   RO         2254    .text               mc_w.l(uldiv.o)
    0x080139e0   0x00000008   Code   RO         2256    .text               mc_w.l(ctype_o.o)
    0x080139e8   0x0000009e   Code   RO         2291    .text               mc_w.l(_strtoul.o)
    0x08013a86   0x00000000   Code   RO         2293    .text               mc_w.l(iusefp.o)
    0x08013a86   0x0000006c   Code   RO         2294    .text               mf_w.l(fepilogue.o)
    0x08013af2   0x0000014e   Code   RO         2296    .text               mf_w.l(dadd.o)
    0x08013c40   0x000000e4   Code   RO         2298    .text               mf_w.l(dmul.o)
    0x08013d24   0x000000de   Code   RO         2300    .text               mf_w.l(ddiv.o)
    0x08013e02   0x00000030   Code   RO         2302    .text               mf_w.l(dfixul.o)
    0x08013e32   0x00000002   PAD
    0x08013e34   0x00000028   Code   RO         2304    .text               mf_w.l(cdrcmple.o)
    0x08013e5c   0x00000024   Code   RO         2306    .text               mc_w.l(init.o)
    0x08013e80   0x0000001e   Code   RO         2308    .text               mc_w.l(llshl.o)
    0x08013e9e   0x00000020   Code   RO         2310    .text               mc_w.l(llushr.o)
    0x08013ebe   0x00000024   Code   RO         2312    .text               mc_w.l(llsshr.o)
    0x08013ee2   0x0000001c   Code   RO         2314    .text               mc_w.l(_chval.o)
    0x08013efe   0x000000be   Code   RO         2316    .text               mf_w.l(depilogue.o)
    0x08013fbc   0x0000005c   Code   RO         2326    .text               mc_w.l(__dczerorl2.o)
    0x08014018   0x00000020   Code   RO         2199    i.__0printf         mc_w.l(printfa.o)
    0x08014038   0x00000028   Code   RO         2201    i.__0sprintf        mc_w.l(printfa.o)
    0x08014060   0x00000008   Code   RO         2284    i.__aeabi_errno_addr  mc_w.l(errno.o)
    0x08014068   0x0000000e   Code   RO         2320    i.__scatterload_copy  mc_w.l(handlers.o)
    0x08014076   0x00000002   Code   RO         2321    i.__scatterload_null  mc_w.l(handlers.o)
    0x08014078   0x0000000e   Code   RO         2322    i.__scatterload_zeroinit  mc_w.l(handlers.o)
    0x08014086   0x00000002   PAD
    0x08014088   0x0000015c   Code   RO         2206    i._fp_digits        mc_w.l(printfa.o)
    0x080141e4   0x000006f0   Code   RO         2207    i._printf_core      mc_w.l(printfa.o)
    0x080148d4   0x00000026   Code   RO         2208    i._printf_post_padding  mc_w.l(printfa.o)
    0x080148fa   0x00000030   Code   RO         2209    i._printf_pre_padding  mc_w.l(printfa.o)
    0x0801492a   0x0000000a   Code   RO         2211    i._sputc            mc_w.l(printfa.o)
    0x08014934   0x00000008   Data   RO         1142    .constdata          ip_addr.o
    0x0801493c   0x00000038   Data   RO         1254    .constdata          memp.o
    0x08014974   0x00000050   Data   RO         1363    .constdata          tcp.o
    0x080149c4   0x00000040   Data   RO         1562    .constdata          sockets.o
    0x08014a04   0x0000000c   Data   RO         1601    .constdata          etharp.o
    0x08014a10   0x00000058   Data   RO         1666    .constdata          mqtttask.o
    0x08014a68   0x00000058   Data   RO         1780    .constdata          mqttclient.o
    0x08014ac0   0x00000081   Data   RO         2257    .constdata          mc_w.l(ctype_o.o)
    0x08014b41   0x00000003   PAD
    0x08014b44   0x00000004   Data   RO         2258    .constdata          mc_w.l(ctype_o.o)
    0x08014b48   0x00000068   Data   RO         1364    .conststring        tcp.o
    0x08014bb0   0x00000020   Data   RO         2318    Region$$Table       anon$$obj.o


    Execution Region RW_IRAM1 (Base: 0x20000000, Size: 0x0000e848, Max: 0x00010000, ABSOLUTE, COMPRESSED[0x0000003c])

    Base Addr    Size         Type   Attr      Idx    E Section Name        Object

    0x20000000   0x00000008   Data   RW            2    .data               main.o
    0x20000008   0x00000008   Data   RW          262    .data               timertest.o
    0x20000010   0x00000008   Data   RW          280    .data               serial.o
    0x20000018   0x00000004   Data   RW          294    .data               utils.o
    0x2000001c   0x00000014   Data   RW          675    .data               stm32f10x_rcc.o
    0x20000030   0x00000014   Data   RW          771    .data               system_stm32f10x.o
    0x20000044   0x00000044   Data   RW          862    .data               tasks.o
    0x20000088   0x00000014   Data   RW          897    .data               rtos_timers.o
    0x2000009c   0x00000004   Data   RW          912    .data               port.o
    0x200000a0   0x00000018   Data   RW          942    .data               heap_4.o
    0x200000b8   0x00000010   Data   RW         1017    .data               stm32_eth.o
    0x200000c8   0x00000012   Data   RW         1097    .data               ip.o
    0x200000da   0x00000002   PAD
    0x200000dc   0x00000014   Data   RW         1189    .data               dns.o
    0x200000f0   0x00000010   Data   RW         1238    .data               mem.o
    0x20000100   0x00000009   Data   RW         1285    .data               netif.o
    0x20000109   0x00000001   Data   RW         1307    .data               pbuf.o
    0x2000010a   0x00000002   PAD
    0x2000010c   0x00000004   Data   RW         1331    .data               raw.o
    0x20000110   0x00000023   Data   RW         1365    .data               tcp.o
    0x20000133   0x00000001   PAD
    0x20000134   0x00000020   Data   RW         1388    .data               tcp_in.o
    0x20000154   0x00000008   Data   RW         1422    .data               timers.o
    0x2000015c   0x00000008   Data   RW         1436    .data               udp.o
    0x20000164   0x00000014   Data   RW         1528    .data               netdb.o
    0x20000178   0x00000008   Data   RW         1563    .data               sockets.o
    0x20000180   0x0000000c   Data   RW         1577    .data               tcpip.o
    0x2000018c   0x00000001   Data   RW         1602    .data               etharp.o
    0x2000018d   0x00000003   PAD
    0x20000190   0x0000000c   Data   RW         1621    .data               ethernetif.o
    0x2000019c   0x00000002   Data   RW         1647    .data               sys_arch.o
    0x2000019e   0x00000002   PAD
    0x200001a0   0x00000010   Data   RW         1667    .data               mqtttask.o
    0x200001b0   0x00000008   Data   RW         1753    .data               loggermanage.o
    0x200001b8   0x00000004   Data   RW         1847    .data               mqttpacket.o
    0x200001bc   0x00000006   Data   RW         1898    .data               i2c_slave.o
    0x200001c2   0x00000020   Data   RW         1916    .data               i2c_slave_port.o
    0x200001e2   0x00000002   PAD
    0x200001e4   0x00000004   Data   RW         2251    .data               mc_w.l(stdout.o)
    0x200001e8   0x00000004   Data   RW         2287    .data               mc_w.l(errno.o)
    0x200001ec   0x00000030   Zero   RW          386    .bss                netconf.o
    0x2000021c   0x000000c8   Zero   RW          861    .bss                tasks.o
    0x200002e4   0x00000028   Zero   RW          896    .bss                rtos_timers.o
    0x2000030c   0x00007800   Zero   RW          941    .bss                heap_4.o
    0x20007b0c   0x00000010   Zero   RW         1141    .bss                ip_addr.o
    0x20007b1c   0x00000663   Zero   RW         1188    .bss                dns.o
    0x2000817f   0x00001014   Zero   RW         1237    .bss                mem.o
    0x20009193   0x00000001   PAD
    0x20009194   0x000028c3   Zero   RW         1253    .bss                memp.o
    0x2000ba57   0x00000001   PAD
    0x2000ba58   0x00000014   Zero   RW         1387    .bss                tcp_in.o
    0x2000ba6c   0x00000014   Zero   RW         1527    .bss                netdb.o
    0x2000ba80   0x00000060   Zero   RW         1561    .bss                sockets.o
    0x2000bae0   0x000000c8   Zero   RW         1600    .bss                etharp.o
    0x2000bba8   0x00002400   Zero   RW         1620    .bss                ethernetif.o
    0x2000dfa8   0x00000018   Zero   RW         1646    .bss                sys_arch.o
    0x2000dfc0   0x0000005c   Zero   RW         1665    .bss                mqtttask.o
    0x2000e01c   0x00000138   Zero   RW         1712    .bss                configapp.o
    0x2000e154   0x000000c0   Zero   RW         1752    .bss                loggermanage.o
    0x2000e214   0x00000231   Zero   RW         1897    .bss                i2c_slave.o
    0x2000e445   0x00000003   PAD
    0x2000e448   0x00000400   Zero   RW          253    STACK               stm32f10x.o


==============================================================================

Image component sizes


      Code (inc. data)   RO Data    RW Data    ZI Data      Debug   Object Name

      1648         54          0          0          0      16819   api_lib.o
      3872         46          0          0          0      10180   api_msg.o
       216         34          0          0          0       1305   collectdata.o
         0          0          0          0          0       1188   common.o
      1452        384          0          0        312      20138   configapp.o
        62          0          0          0          0       1058   def.o
      1592         60          0         20       1635       7181   dns.o
      2656         26         12          1        200       9879   etharp.o
       880         66          0         12       9216       4458   ethernetif.o
         0          0          0          0          0       9036   event_groups.o
       484         26          0         24      30720       3052   heap_4.o
       640         14          0          0          0       2783   i2c_master.o
       872         36          0          6        561       3418   i2c_slave.o
       472         10          0         32          0       2751   i2c_slave_port.o
       544         10          0          0          0       5751   icmp.o
         0          0          0          0          0       5656   inet.o
       562          0          0          0          0       2905   inet_chksum.o
        40          0          0          0          0       4464   init.o
       776         28          0         18          0      16367   ip.o
       692         12          8          0         16       9131   ip_addr.o
       148          0          0          0          0       1714   list.o
       632        124          0          8        192       2066   loggermanage.o
       828        506          0          8          0     352742   main.o
       884         20          0         16       4116       3770   mem.o
       172         18         56          0      10435       2454   memp.o
       220         20          0          0          0       1649   misc.o
      2096         18         88          0          0       7487   mqttclient.o
       708         18          0          0          0       2846   mqttconnectclient.o
       276          0          0          0          0       1950   mqttdeserializepublish.o
       526          0          0          0          0       5764   mqttfreertosimpl.o
      1008         10          0          4          0       5788   mqttpacket.o
       398          0          0          0          0       2566   mqttserializepublish.o
       368          0          0          0          0       2219   mqttsubscribeclient.o
      2284        778         88         16         92       8645   mqtttask.o
       258          0          0          0          0       1973   mqttunsubscribeclient.o
       400          0          0          0          0       3753   netbuf.o
       136         14          0          0         48       9672   netconf.o
       568         26          0         20         20       4655   netdb.o
       696         20          0          9          0       5957   netif.o
      1890         14          0          1          0       9043   pbuf.o
       382         26          0          4          0       6752   port.o
      2020          8          0          0          0      12342   queue.o
       448         12          0          4          0       3197   raw.o
      1100         56          0         20         40       7251   rtos_timers.o
       564         20          0          8          0       2645   serial.o
      5752         60         64          8         96      16666   sockets.o
      4364        138          0         16          0      23457   stm32_eth.o
       884         30          0          0          0      16929   stm32f107.o
        36          8        336          0       1024        744   stm32f10x.o
       284         10          0          0          0       2083   stm32f10x_exti.o
      1468         34          0          0          0       7882   stm32f10x_flash.o
       856         40          0          0          0       5497   stm32f10x_gpio.o
       100          8          0          0          0       5073   stm32f10x_it.o
        64          6          0          0          0       1197   stm32f10x_iwdg.o
      1284         72          0         20          0      10970   stm32f10x_rcc.o
      3610         88          0          0          0      21980   stm32f10x_tim.o
      1032         22          0          0          0       8216   stm32f10x_usart.o
       648         10          0          2         24       5491   sys_arch.o
       640         48          0         20          0       1803   system_stm32f10x.o
      5616        394          0         68        200      31217   tasks.o
      3812        144        184         35          0      21392   tcp.o
      6048        248          0         32         20      15595   tcp_in.o
      3300          8          0          0          0       9307   tcp_out.o
       768         46          0         12          0       9648   tcpip.o
       560         28          0          8          0       3111   timers.o
         0          0          0          8          0        270   timertest.o
      1184         22          0          8          0       6562   udp.o
       484         22          0          4          0       2782   utils.o
        44          0          0          0          0        584   watchdog.o

    ----------------------------------------------------------------------
     79320       4000        868        484      58972     834876   Object Totals
         0          0         32          0          0          0   (incl. Generated)
        12          0          0         12          5          0   (incl. Padding)

    ----------------------------------------------------------------------

      Code (inc. data)   RO Data    RW Data    ZI Data      Debug   Library Member Name

        92          0          0          0          0          0   __dczerorl2.o
        28          0          0          0          0         68   _chval.o
       158          0          0          0          0         92   _strtoul.o
        26          0          0          0          0         80   atoi.o
         8          4        133          0          0         68   ctype_o.o
         0          0          0          0          0          0   entry.o
         0          0          0          0          0          0   entry10a.o
         0          0          0          0          0          0   entry11a.o
         8          4          0          0          0          0   entry2.o
         4          0          0          0          0          0   entry5.o
         0          0          0          0          0          0   entry7b.o
         0          0          0          0          0          0   entry8b.o
         8          4          0          0          0          0   entry9a.o
         8          4          0          4          0         68   errno.o
        30          0          0          0          0          0   handlers.o
        36          8          0          0          0         68   init.o
         0          0          0          0          0          0   iusefp.o
        30          0          0          0          0         68   llshl.o
        36          0          0          0          0         68   llsshr.o
        32          0          0          0          0         68   llushr.o
        26          0          0          0          0         80   memcmp.o
        36          0          0          0          0         68   memcpya.o
        36          0          0          0          0        108   memseta.o
      2292         96          0          0          0        596   printfa.o
         0          0          0          4          0          0   stdout.o
        28          0          0          0          0         76   strcmp.o
        18          0          0          0          0         68   strcpy.o
        14          0          0          0          0         68   strlen.o
        30          0          0          0          0         80   strncmp.o
        32          0          0          0          0         68   strrchr.o
       112          0          0          0          0         88   strtol.o
        44          0          0          0          0         80   uidiv.o
        98          0          0          0          0         92   uldiv.o
        40          2          0          0          0         68   cdrcmple.o
       334          0          0          0          0        144   dadd.o
       222          0          0          0          0        100   ddiv.o
       190          0          0          0          0        176   depilogue.o
        48          0          0          0          0         68   dfixul.o
       228          0          0          0          0         92   dmul.o
        38          0          0          0          0         68   f2d.o
       128          0          0          0          0         88   fdiv.o
       108          0          0          0          0        168   fepilogue.o
        10          0          0          0          0         68   ffltui.o

    ----------------------------------------------------------------------
      4620        122        136          8          0       3160   Library Totals
         4          0          3          0          0          0   (incl. Padding)

    ----------------------------------------------------------------------

      Code (inc. data)   RO Data    RW Data    ZI Data      Debug   Library Name

      3270        120        133          8          0       2120   mc_w.l
      1346          2          0          0          0       1040   mf_w.l

    ----------------------------------------------------------------------
      4620        122        136          8          0       3160   Library Totals

    ----------------------------------------------------------------------

==============================================================================


      Code (inc. data)   RO Data    RW Data    ZI Data      Debug   

     83940       4122       1004        492      58972     829456   Grand Totals
     83940       4122       1004         60      58972     829456   ELF Image Totals (compressed)
     83940       4122       1004         60          0          0   ROM Totals

==============================================================================

    Total RO  Size (Code + RO Data)                84944 (  82.95kB)
    Total RW  Size (RW Data + ZI Data)             59464 (  58.07kB)
    Total ROM Size (Code + RO Data + RW Data)      85004 (  83.01kB)

==============================================================================

